2026-06-11 18:21:45,568 INFO corpus_health: checking 64 specs -> outputs/corpus_health/slow300 (tlc=True)
2026-06-11 18:38:26,779 WARNING validator: TLC timed out (300s) on Consistency.tla
2026-06-11 18:54:44,588 WARNING validator: TLC timed out (300s) on Test1.tla
2026-06-11 18:59:45,747 WARNING validator: TLC timed out (300s) on Test2.tla
2026-06-11 19:04:46,926 WARNING validator: TLC timed out (300s) on Test5.tla
2026-06-11 19:15:01,147 WARNING validator: TLC timed out (300s) on MCBoulanger.tla
2026-06-11 19:20:02,159 WARNING validator: TLC timed out (300s) on MC.tla
2026-06-11 19:25:03,074 WARNING validator: TLC timed out (300s) on MCCheckpointCoordination.tla
2026-06-11 19:30:04,320 WARNING validator: TLC timed out (300s) on Einstein.tla
2026-06-11 19:35:06,356 WARNING validator: TLC timed out (300s) on APCRDT.tla
2026-06-11 19:40:07,728 WARNING validator: TLC timed out (300s) on APReplicatedLog.tla
2026-06-11 19:45:28,271 WARNING validator: TLC timed out (300s) on Huang.tla
2026-06-11 19:52:18,647 WARNING validator: TLC timed out (300s) on MultiPaxos_MC.tla
2026-06-11 19:58:11,612 WARNING validator: TLC timed out (300s) on MCInnerSerial.tla
2026-06-11 20:03:12,853 WARNING validator: TLC timed out (300s) on APInnerFIFOInstanced.tla
2026-06-11 20:08:14,505 WARNING validator: TLC timed out (300s) on APInnerFIFO.tla
2026-06-11 20:13:15,679 WARNING validator: TLC timed out (300s) on aba_asyn_byz.tla
2026-06-11 20:19:00,343 WARNING validator: TLC timed out (300s) on bcastFolklore.tla
2026-06-11 20:24:01,589 WARNING validator: TLC timed out (300s) on APbosco.tla
2026-06-11 20:29:02,571 WARNING validator: TLC timed out (300s) on bosco.tla
2026-06-11 20:35:59,011 WARNING validator: TLC timed out (300s) on APc1cs.tla
2026-06-11 20:41:00,014 WARNING validator: TLC timed out (300s) on c1cs.tla
2026-06-11 20:46:00,953 WARNING validator: TLC timed out (300s) on APcf1s_folklore.tla
2026-06-11 20:51:01,933 WARNING validator: TLC timed out (300s) on cf1s_folklore.tla
2026-06-11 20:57:10,463 WARNING validator: TLC timed out (300s) on TLCSailfish2.tla
2026-06-11 21:02:11,438 WARNING validator: TLC timed out (300s) on EnvironmentController.tla
2026-06-11 21:07:44,693 WARNING validator: TLC timed out (300s) on MC.tla
2026-06-11 21:12:45,763 WARNING validator: TLC timed out (300s) on MC_HDiskSynod.tla
2026-06-11 21:17:47,289 WARNING validator: TLC timed out (300s) on EWD840_anim.tla
2026-06-11 21:17:47,575 INFO corpus_health: [50/64] SANY pass so far: 50 (100.0%)
2026-06-11 21:22:48,685 WARNING validator: TLC timed out (300s) on EWD998Chan.tla
2026-06-11 21:28:47,481 WARNING validator: TLC timed out (300s) on EWD998.tla
2026-06-11 21:33:48,563 WARNING validator: TLC timed out (300s) on APLamportMutex.tla
2026-06-11 21:41:54,567 WARNING validator: TLC timed out (300s) on Grid5k.tla
2026-06-11 21:46:55,808 WARNING validator: TLC timed out (300s) on SwarmKit.tla
2026-06-11 21:52:35,638 WARNING validator: TLC timed out (300s) on MC.tla
2026-06-11 21:57:38,962 WARNING validator: TLC timed out (300s) on InfiniteStateSpace.tla
2026-06-11 22:02:41,245 WARNING validator: TLC timed out (300s) on EWD998Chan.tla
2026-06-11 22:03:32,794 INFO corpus_health: [64/64] SANY pass so far: 64 (100.0%)
{
  "n_specs": 64,
  "sany_pass": 64,
  "sany_pass_rate": 1.0,
  "tlc_enabled": true,
  "tlc_timeout_s": 300,
  "tlc_outcomes": {
    "pass": 22,
    "timeout": 36,
    "fail": 6
  },
  "tlc_pass_rate_where_run": 0.344,
  "benchmark_ready": 22,
  "benchmark_ready_rate": 0.344,
  "sany_by_tier": {
    "advanced": {
      "sany_pass": 13,
      "n": 13,
      "rate": 1.0
    },
    "basic": {
      "sany_pass": 35,
      "n": 35,
      "rate": 1.0
    },
    "intermediate": {
      "sany_pass": 16,
      "n": 16,
      "rate": 1.0
    }
  },
  "sany_by_repo": {
    "josehu07": {
      "sany_pass": 3,
      "n": 3,
      "rate": 1.0
    },
    "microsoft": {
      "sany_pass": 6,
      "n": 6,
      "rate": 1.0
    },
    "pingcap": {
      "sany_pass": 8,
      "n": 8,
      "rate": 1.0
    },
    "tlaplus": {
      "sany_pass": 47,
      "n": 47,
      "rate": 1.0
    }
  }
}
