2026-06-11 16:32:20,631 INFO corpus_health: checking 1614 specs -> outputs/corpus_health/sweep (tlc=True)
2026-06-11 16:32:48,465 INFO corpus_health: [50/1614] SANY pass so far: 31 (62.0%)
2026-06-11 16:33:13,197 INFO corpus_health: [100/1614] SANY pass so far: 81 (81.0%)
2026-06-11 16:33:36,514 INFO corpus_health: [150/1614] SANY pass so far: 130 (86.7%)
2026-06-11 16:34:00,907 INFO corpus_health: [200/1614] SANY pass so far: 180 (90.0%)
2026-06-11 16:34:25,571 INFO corpus_health: [250/1614] SANY pass so far: 230 (92.0%)
2026-06-11 16:34:50,099 INFO corpus_health: [300/1614] SANY pass so far: 280 (93.3%)
2026-06-11 16:35:25,243 INFO corpus_health: [350/1614] SANY pass so far: 328 (93.7%)
2026-06-11 16:36:26,961 INFO corpus_health: [400/1614] SANY pass so far: 376 (94.0%)
2026-06-11 16:37:32,880 INFO corpus_health: [450/1614] SANY pass so far: 423 (94.0%)
2026-06-11 16:38:41,839 WARNING validator: TLC timed out (30s) on MultiPaxos_MC.tla
2026-06-11 16:38:41,844 INFO corpus_health: [500/1614] SANY pass so far: 469 (93.8%)
2026-06-11 16:39:13,710 WARNING validator: TLC timed out (30s) on MultiPaxos_MC.tla
2026-06-11 16:40:45,745 INFO corpus_health: [550/1614] SANY pass so far: 519 (94.4%)
2026-06-11 16:41:36,947 WARNING validator: TLC timed out (30s) on PaxosCommit_MC.tla
2026-06-11 16:42:13,587 WARNING validator: TLC timed out (30s) on MCabs.tla
2026-06-11 16:42:55,882 WARNING validator: TLC timed out (30s) on Consistency.tla
2026-06-11 16:43:28,231 WARNING validator: TLC timed out (30s) on MCMultiNodeReadsAlt.tla
2026-06-11 16:43:59,486 WARNING validator: TLC timed out (30s) on MCMultiNodeReads.tla
2026-06-11 16:44:30,578 WARNING validator: TLC timed out (30s) on MCMultiNode.tla
2026-06-11 16:45:01,702 WARNING validator: TLC timed out (30s) on MCSingleNodeReads.tla
2026-06-11 16:45:52,365 WARNING validator: TLC timed out (30s) on Test1.tla
2026-06-11 16:46:26,545 WARNING validator: TLC timed out (30s) on Test1.tla
2026-06-11 16:47:01,571 WARNING validator: TLC timed out (30s) on Test1.tla
2026-06-11 16:47:32,818 WARNING validator: TLC timed out (30s) on Test2.tla
2026-06-11 16:48:07,059 WARNING validator: TLC timed out (30s) on Test5.tla
2026-06-11 16:48:39,096 WARNING validator: TLC timed out (30s) on Test1.tla
2026-06-11 16:48:39,119 INFO corpus_health: [600/1614] SANY pass so far: 568 (94.7%)
2026-06-11 16:49:13,466 WARNING validator: TLC timed out (30s) on Test1.tla
2026-06-11 16:49:48,028 WARNING validator: TLC timed out (30s) on MC.tla
2026-06-11 16:50:16,937 INFO corpus_health: [650/1614] SANY pass so far: 618 (95.1%)
2026-06-11 16:50:57,683 WARNING validator: TLC timed out (30s) on SmokeBitwise.tla
2026-06-11 16:51:46,104 INFO corpus_health: [700/1614] SANY pass so far: 663 (94.7%)
2026-06-11 16:53:09,291 WARNING validator: TLC timed out (30s) on MCBoulanger.tla
2026-06-11 16:53:48,368 WARNING validator: TLC timed out (30s) on MC.tla
2026-06-11 16:54:24,920 WARNING validator: TLC timed out (30s) on MCCheckpointCoordination.tla
2026-06-11 16:54:30,951 INFO corpus_health: [750/1614] SANY pass so far: 711 (94.8%)
2026-06-11 16:55:33,608 WARNING validator: TLC timed out (30s) on Einstein.tla
2026-06-11 16:56:04,854 WARNING validator: TLC timed out (30s) on APCRDT.tla
2026-06-11 16:56:37,038 WARNING validator: TLC timed out (30s) on APReplicatedLog.tla
2026-06-11 16:57:17,124 WARNING validator: TLC timed out (30s) on GameOfLife.tla
2026-06-11 16:57:48,246 WARNING validator: TLC timed out (30s) on Huang.tla
2026-06-11 16:58:22,521 INFO corpus_health: [800/1614] SANY pass so far: 760 (95.0%)
2026-06-11 16:59:26,710 WARNING validator: TLC timed out (30s) on MCReachable.tla
2026-06-11 17:00:08,427 WARNING validator: TLC timed out (30s) on MultiPaxos_MC.tla
2026-06-11 17:00:21,859 INFO corpus_health: [850/1614] SANY pass so far: 789 (92.8%)
2026-06-11 17:01:16,922 WARNING validator: TLC timed out (30s) on FastPaxos.tla
2026-06-11 17:02:33,698 WARNING validator: TLC timed out (30s) on MCInnerSerial.tla
2026-06-11 17:02:48,716 INFO corpus_health: [900/1614] SANY pass so far: 838 (93.1%)
2026-06-11 17:03:28,238 WARNING validator: TLC timed out (30s) on APInnerFIFOInstanced.tla
2026-06-11 17:03:59,534 WARNING validator: TLC timed out (30s) on APInnerFIFO.tla
2026-06-11 17:04:37,382 INFO corpus_health: [950/1614] SANY pass so far: 888 (93.5%)
2026-06-11 17:05:57,288 WARNING validator: TLC timed out (30s) on aba_asyn_byz.tla
2026-06-11 17:06:37,327 INFO corpus_health: [1000/1614] SANY pass so far: 936 (93.6%)
2026-06-11 17:07:09,975 WARNING validator: TLC timed out (30s) on APbcastFolklore.tla
2026-06-11 17:07:40,833 WARNING validator: TLC timed out (30s) on bcastFolklore.tla
2026-06-11 17:08:11,794 WARNING validator: TLC timed out (30s) on APbosco.tla
2026-06-11 17:08:42,762 WARNING validator: TLC timed out (30s) on bosco.tla
2026-06-11 17:09:13,593 WARNING validator: TLC timed out (30s) on BufferedRandomAccessFile.tla
2026-06-11 17:09:44,561 WARNING validator: TLC timed out (30s) on btree.tla
2026-06-11 17:10:29,748 WARNING validator: TLC timed out (30s) on APc1cs.tla
2026-06-11 17:11:00,680 WARNING validator: TLC timed out (30s) on c1cs.tla
2026-06-11 17:11:32,108 WARNING validator: TLC timed out (30s) on APcf1s_folklore.tla
2026-06-11 17:12:03,119 WARNING validator: TLC timed out (30s) on cf1s_folklore.tla
2026-06-11 17:12:42,612 WARNING validator: TLC timed out (30s) on TLCSailfish1.tla
2026-06-11 17:13:13,660 WARNING validator: TLC timed out (30s) on TLCSailfish2.tla
2026-06-11 17:13:47,581 WARNING validator: TLC timed out (30s) on EnvironmentController.tla
2026-06-11 17:14:19,959 WARNING validator: TLC timed out (30s) on MC.tla
2026-06-11 17:14:52,586 WARNING validator: TLC timed out (30s) on MC.tla
2026-06-11 17:15:26,925 WARNING validator: TLC timed out (30s) on MC_HDiskSynod.tla
2026-06-11 17:15:34,600 INFO corpus_health: [1050/1614] SANY pass so far: 980 (93.3%)
2026-06-11 17:16:19,441 WARNING validator: TLC timed out (30s) on EWD840_anim.tla
2026-06-11 17:17:28,134 WARNING validator: TLC timed out (30s) on EWD998Chan.tla
2026-06-11 17:18:00,496 WARNING validator: TLC timed out (30s) on EWD998PCal.tla
2026-06-11 17:18:34,480 WARNING validator: TLC timed out (30s) on EWD998.tla
2026-06-11 17:19:19,082 WARNING validator: TLC timed out (30s) on APLamportMutex.tla
2026-06-11 17:19:47,288 INFO corpus_health: [1100/1614] SANY pass so far: 1025 (93.2%)
2026-06-11 17:21:10,801 WARNING validator: TLC timed out (30s) on PaxosCommit.tla
2026-06-11 17:21:45,245 INFO corpus_health: [1150/1614] SANY pass so far: 1073 (93.3%)
2026-06-11 17:22:16,404 WARNING validator: TLC timed out (30s) on Grid5k.tla
2026-06-11 17:23:03,326 WARNING validator: TLC timed out (30s) on SwarmKit.tla
2026-06-11 17:23:41,282 INFO corpus_health: [1200/1614] SANY pass so far: 1120 (93.3%)
2026-06-11 17:24:38,344 INFO corpus_health: [1250/1614] SANY pass so far: 1169 (93.5%)
2026-06-11 17:25:39,369 WARNING validator: TLC timed out (30s) on Calculator.tla
2026-06-11 17:26:07,528 INFO corpus_health: [1300/1614] SANY pass so far: 1217 (93.6%)
2026-06-11 17:27:14,669 WARNING validator: TLC timed out (30s) on MC.tla
2026-06-11 17:27:40,342 INFO corpus_health: [1350/1614] SANY pass so far: 1267 (93.9%)
2026-06-11 17:28:27,038 INFO corpus_health: [1400/1614] SANY pass so far: 1317 (94.1%)
2026-06-11 17:29:15,557 INFO corpus_health: [1450/1614] SANY pass so far: 1366 (94.2%)
2026-06-11 17:30:40,172 WARNING validator: TLC timed out (30s) on InfiniteStateSpace.tla
2026-06-11 17:30:49,767 INFO corpus_health: [1500/1614] SANY pass so far: 1414 (94.3%)
2026-06-11 17:33:04,662 INFO corpus_health: [1550/1614] SANY pass so far: 1463 (94.4%)
2026-06-11 17:33:41,170 WARNING validator: TLC timed out (30s) on EWD998Chan.tla
2026-06-11 17:34:39,506 WARNING validator: TLC timed out (30s) on Detlefs.tla
2026-06-11 17:35:13,016 INFO corpus_health: [1600/1614] SANY pass so far: 1512 (94.5%)
2026-06-11 17:36:07,813 INFO corpus_health: [1614/1614] SANY pass so far: 1526 (94.5%)
{
  "n_specs": 1614,
  "sany_pass": 1526,
  "sany_pass_rate": 0.945,
  "tlc_enabled": true,
  "tlc_timeout_s": 30,
  "tlc_outcomes": {
    "no_cfg": 790,
    "fail": 312,
    "skipped_sany_failed": 88,
    "pass": 362,
    "timeout": 62
  },
  "tlc_pass_rate_where_run": 0.492,
  "benchmark_ready": 1152,
  "benchmark_ready_rate": 0.714,
  "sany_by_tier": {
    "advanced": {
      "sany_pass": 276,
      "n": 316,
      "rate": 0.873
    },
    "basic": {
      "sany_pass": 916,
      "n": 950,
      "rate": 0.964
    },
    "intermediate": {
      "sany_pass": 334,
      "n": 348,
      "rate": 0.96
    }
  },
  "sany_by_repo": {
    "Azure": {
      "sany_pass": 3,
      "n": 3,
      "rate": 1.0
    },
    "Nedux": {
      "sany_pass": 3,
      "n": 6,
      "rate": 0.5
    },
    "TeamTilapia": {
      "sany_pass": 2,
      "n": 6,
      "rate": 0.333
    },
    "apalache-mc": {
      "sany_pass": 453,
      "n": 477,
      "rate": 0.95
    },
    "atomix": {
      "sany_pass": 6,
      "n": 6,
      "rate": 1.0
    },
    "josehu07": {
      "sany_pass": 67,
      "n": 67,
      "rate": 1.0
    },
    "microsoft": {
      "sany_pass": 21,
      "n": 21,
      "rate": 1.0
    },
    "pingcap": {
      "sany_pass": 22,
      "n": 23,
      "rate": 0.957
    },
    "tendermint": {
      "sany_pass": 49,
      "n": 49,
      "rate": 1.0
    },
    "tlaplus": {
      "sany_pass": 900,
      "n": 956,
      "rate": 0.941
    }
  }
}
