TLC2 Version 2026.04.22.172729 (rev: 6320a09)
Warning: Please run the Java VM, which executes TLC with a throughput optimized garbage collector, by passing the "-XX:+UseParallelGC" property.
(Use the -nowarning option to disable this warning.)
Running breadth-first search Model-Checking with fp 96 and seed 7797240175225345396 with 1 worker on 112 cores with 30688MB heap and 64MB offheap memory [pid: 1938855] (Linux 6.8.0-111-generic amd64, Eclipse Adoptium 11.0.25 64bit, MSBDiskFPSet, DiskStateQueue).
Parsing file /tmp/tmpgfeoupqz/SimTokenRing.tla
Parsing file /tmp/tmpgfeoupqz/TokenRing.tla
Parsing file /tmp/tlc-15558756534656706714/TLC.tla (jar:file:/home/arslanbisharat/Documents/AI4FM/tla%20bench%20dashboard/tla2tools.jar!/tla2sany/StandardModules/TLC.tla)
Parsing file /tmp/tmpgfeoupqz/CSV.tla
Parsing file /tmp/tmpgfeoupqz/IOUtils.tla
Parsing file /tmp/tlc-15558756534656706714/_TLCTrace.tla (jar:file:/home/arslanbisharat/Documents/AI4FM/tla%20bench%20dashboard/tla2tools.jar!/tla2sany/StandardModules/_TLCTrace.tla)
Parsing file /tmp/tlc-15558756534656706714/Naturals.tla (jar:file:/home/arslanbisharat/Documents/AI4FM/tla%20bench%20dashboard/tla2tools.jar!/tla2sany/StandardModules/Naturals.tla)
Parsing file /tmp/tlc-15558756534656706714/FiniteSets.tla (jar:file:/home/arslanbisharat/Documents/AI4FM/tla%20bench%20dashboard/tla2tools.jar!/tla2sany/StandardModules/FiniteSets.tla)
Parsing file /tmp/tlc-15558756534656706714/Sequences.tla (jar:file:/home/arslanbisharat/Documents/AI4FM/tla%20bench%20dashboard/tla2tools.jar!/tla2sany/StandardModules/Sequences.tla)
Parsing file /tmp/tlc-15558756534656706714/Integers.tla (jar:file:/home/arslanbisharat/Documents/AI4FM/tla%20bench%20dashboard/tla2tools.jar!/tla2sany/StandardModules/Integers.tla)
Parsing file /tmp/tmpgfeoupqz/SequencesExt.tla
Parsing file /tmp/tmpgfeoupqz/FiniteSetsExt.tla
Parsing file /tmp/tmpgfeoupqz/Folds.tla
Parsing file /tmp/tmpgfeoupqz/Functions.tla
Parsing file /tmp/tlc-15558756534656706714/Bags.tla (jar:file:/home/arslanbisharat/Documents/AI4FM/tla%20bench%20dashboard/tla2tools.jar!/tla2sany/StandardModules/Bags.tla)
Parsing file /tmp/tlc-15558756534656706714/TLCExt.tla (jar:file:/home/arslanbisharat/Documents/AI4FM/tla%20bench%20dashboard/tla2tools.jar!/tla2sany/StandardModules/TLCExt.tla)
Semantic processing of module Naturals
Semantic processing of module Sequences
Semantic processing of module FiniteSets
Semantic processing of module TokenRing
Semantic processing of module TLC
Semantic processing of module Integers
Semantic processing of module CSV
Semantic processing of module Folds
Semantic processing of module Functions
Semantic processing of module FiniteSetsExt
Semantic processing of module Bags
Semantic processing of module SequencesExt
Semantic processing of module IOUtils
Semantic processing of module TLCExt
Semantic processing of module _TLCTrace
Semantic processing of module SimTokenRing
Linting of module TokenRing
Linting of module CSV
Linting of module Folds
Linting of module Functions
Linting of module FiniteSetsExt
Linting of module SequencesExt
Linting of module IOUtils
Linting of module TLCExt
Linting of module _TLCTrace
Linting of module SimTokenRing
Starting... (2026-06-11 18:22:20)
Error: Assumption line 8, col 8 to line 8, col 41 of module SimTokenRing is false.
Finished in 00s at (2026-06-11 18:22:21)

--ERR--
