TLC2 Version 2026.04.22.172729 (rev: 6320a09)
Warning: Please run the Java VM, which executes TLC with a throughput optimized garbage collector, by passing the "-XX:+UseParallelGC" property.
(Use the -nowarning option to disable this warning.)
Running breadth-first search Model-Checking with fp 36 and seed -7249475877691489019 with 1 worker on 112 cores with 30688MB heap and 64MB offheap memory [pid: 1938933] (Linux 6.8.0-111-generic amd64, Eclipse Adoptium 11.0.25 64bit, MSBDiskFPSet, DiskStateQueue).
Parsing file /tmp/tmpmvj8heby/EWD687a_anim.tla
Parsing file /tmp/tmpmvj8heby/EWD687a.tla
Parsing file /tmp/tlc-8196200259095725521/Integers.tla (jar:file:/home/arslanbisharat/Documents/AI4FM/tla%20bench%20dashboard/tla2tools.jar!/tla2sany/StandardModules/Integers.tla)
Parsing file /tmp/tlc-8196200259095725521/Sequences.tla (jar:file:/home/arslanbisharat/Documents/AI4FM/tla%20bench%20dashboard/tla2tools.jar!/tla2sany/StandardModules/Sequences.tla)
Parsing file /tmp/tmpmvj8heby/SVG.tla
Parsing file /tmp/tlc-8196200259095725521/TLC.tla (jar:file:/home/arslanbisharat/Documents/AI4FM/tla%20bench%20dashboard/tla2tools.jar!/tla2sany/StandardModules/TLC.tla)
Parsing file /tmp/tmpmvj8heby/IOUtils.tla
Parsing file /tmp/tlc-8196200259095725521/_TLCTrace.tla (jar:file:/home/arslanbisharat/Documents/AI4FM/tla%20bench%20dashboard/tla2tools.jar!/tla2sany/StandardModules/_TLCTrace.tla)
Parsing file /tmp/tlc-8196200259095725521/Naturals.tla (jar:file:/home/arslanbisharat/Documents/AI4FM/tla%20bench%20dashboard/tla2tools.jar!/tla2sany/StandardModules/Naturals.tla)
Parsing file /tmp/tmpmvj8heby/Graphs.tla
Parsing file /tmp/tlc-8196200259095725521/FiniteSets.tla (jar:file:/home/arslanbisharat/Documents/AI4FM/tla%20bench%20dashboard/tla2tools.jar!/tla2sany/StandardModules/FiniteSets.tla)
Parsing file /tmp/tmpmvj8heby/SequencesExt.tla
Parsing file /tmp/tmpmvj8heby/FiniteSetsExt.tla
Parsing file /tmp/tmpmvj8heby/Folds.tla
Parsing file /tmp/tmpmvj8heby/Functions.tla
Parsing file /tmp/tlc-8196200259095725521/Bags.tla (jar:file:/home/arslanbisharat/Documents/AI4FM/tla%20bench%20dashboard/tla2tools.jar!/tla2sany/StandardModules/Bags.tla)
Parsing file /tmp/tlc-8196200259095725521/TLCExt.tla (jar:file:/home/arslanbisharat/Documents/AI4FM/tla%20bench%20dashboard/tla2tools.jar!/tla2sany/StandardModules/TLCExt.tla)
Semantic processing of module Naturals
Semantic processing of module Integers
Semantic processing of module Sequences
Semantic processing of module Graphs
Semantic processing of module EWD687a
Semantic errors:

*** Errors: 1

line 424, col 16 to line 424, col 24 of module EWD687a

Unknown operator: `Transpose'.


Semantic processing of module FiniteSets
Semantic errors:

*** Errors: 1

line 424, col 16 to line 424, col 24 of module EWD687a

Unknown operator: `Transpose'.


Semantic processing of module TLC
Semantic errors:

*** Errors: 1

line 424, col 16 to line 424, col 24 of module EWD687a

Unknown operator: `Transpose'.


Semantic processing of module Folds
Semantic errors:

*** Errors: 1

line 424, col 16 to line 424, col 24 of module EWD687a

Unknown operator: `Transpose'.


Semantic processing of module Functions
Semantic errors:

*** Errors: 1

line 424, col 16 to line 424, col 24 of module EWD687a

Unknown operator: `Transpose'.


Semantic processing of module FiniteSetsExt
Semantic errors:

*** Errors: 1

line 424, col 16 to line 424, col 24 of module EWD687a

Unknown operator: `Transpose'.


Semantic processing of module Bags
Semantic errors:

*** Errors: 1

line 424, col 16 to line 424, col 24 of module EWD687a

Unknown operator: `Transpose'.


Semantic processing of module SequencesExt
Semantic errors:

*** Errors: 1

line 424, col 16 to line 424, col 24 of module EWD687a

Unknown operator: `Transpose'.


Semantic processing of module IOUtils
Semantic errors:

*** Errors: 1

line 424, col 16 to line 424, col 24 of module EWD687a

Unknown operator: `Transpose'.


Semantic processing of module SVG
Semantic errors:

*** Errors: 1

line 424, col 16 to line 424, col 24 of module EWD687a

Unknown operator: `Transpose'.


Semantic processing of module TLCExt
Semantic errors:

*** Errors: 1

line 424, col 16 to line 424, col 24 of module EWD687a

Unknown operator: `Transpose'.


Semantic processing of module _TLCTrace
Semantic errors:

*** Errors: 1

line 424, col 16 to line 424, col 24 of module EWD687a

Unknown operator: `Transpose'.


Semantic processing of module EWD687a_anim
Semantic errors:

*** Errors: 1

line 424, col 16 to line 424, col 24 of module EWD687a

Unknown operator: `Transpose'.


Starting... (2026-06-11 18:22:22)
Error: Parsing or semantic analysis failed.
Finished in 00s at (2026-06-11 18:22:22)

--ERR--
