TLC2 Version 2026.04.22.172729 (rev: 6320a09)
Warning: Please run the Java VM, which executes TLC with a throughput optimized garbage collector, by passing the "-XX:+UseParallelGC" property.
(Use the -nowarning option to disable this warning.)
Running breadth-first search Model-Checking with fp 12 and seed 2689927410663781722 with 1 worker on 112 cores with 30688MB heap and 64MB offheap memory [pid: 1939007] (Linux 6.8.0-111-generic amd64, Eclipse Adoptium 11.0.25 64bit, MSBDiskFPSet, DiskStateQueue).
Parsing file /tmp/tmpm_c__p42/MCEWD687a.tla
Parsing file /tmp/tmpm_c__p42/EWD687a.tla
Parsing file /tmp/tlc-12352335856833605575/TLC.tla (jar:file:/home/arslanbisharat/Documents/AI4FM/tla%20bench%20dashboard/tla2tools.jar!/tla2sany/StandardModules/TLC.tla)
Parsing file /tmp/tlc-12352335856833605575/_TLCTrace.tla (jar:file:/home/arslanbisharat/Documents/AI4FM/tla%20bench%20dashboard/tla2tools.jar!/tla2sany/StandardModules/_TLCTrace.tla)
Parsing file /tmp/tlc-12352335856833605575/Integers.tla (jar:file:/home/arslanbisharat/Documents/AI4FM/tla%20bench%20dashboard/tla2tools.jar!/tla2sany/StandardModules/Integers.tla)
Parsing file /tmp/tlc-12352335856833605575/Naturals.tla (jar:file:/home/arslanbisharat/Documents/AI4FM/tla%20bench%20dashboard/tla2tools.jar!/tla2sany/StandardModules/Naturals.tla)
Parsing file /tmp/tmpm_c__p42/Graphs.tla
Parsing file /tmp/tlc-12352335856833605575/Sequences.tla (jar:file:/home/arslanbisharat/Documents/AI4FM/tla%20bench%20dashboard/tla2tools.jar!/tla2sany/StandardModules/Sequences.tla)
Parsing file /tmp/tlc-12352335856833605575/FiniteSets.tla (jar:file:/home/arslanbisharat/Documents/AI4FM/tla%20bench%20dashboard/tla2tools.jar!/tla2sany/StandardModules/FiniteSets.tla)
Parsing file /tmp/tlc-12352335856833605575/TLCExt.tla (jar:file:/home/arslanbisharat/Documents/AI4FM/tla%20bench%20dashboard/tla2tools.jar!/tla2sany/StandardModules/TLCExt.tla)
Semantic processing of module Naturals
Semantic processing of module Integers
Semantic processing of module Sequences
Semantic processing of module Graphs
Semantic processing of module EWD687a
Semantic errors:

*** Errors: 1

line 424, col 16 to line 424, col 24 of module EWD687a

Unknown operator: `Transpose'.


Semantic processing of module FiniteSets
Semantic errors:

*** Errors: 1

line 424, col 16 to line 424, col 24 of module EWD687a

Unknown operator: `Transpose'.


Semantic processing of module TLC
Semantic errors:

*** Errors: 1

line 424, col 16 to line 424, col 24 of module EWD687a

Unknown operator: `Transpose'.


Semantic processing of module TLCExt
Semantic errors:

*** Errors: 1

line 424, col 16 to line 424, col 24 of module EWD687a

Unknown operator: `Transpose'.


Semantic processing of module _TLCTrace
Semantic errors:

*** Errors: 1

line 424, col 16 to line 424, col 24 of module EWD687a

Unknown operator: `Transpose'.


Semantic processing of module MCEWD687a
Semantic errors:

*** Errors: 1

line 424, col 16 to line 424, col 24 of module EWD687a

Unknown operator: `Transpose'.


Starting... (2026-06-11 18:22:23)
Error: Parsing or semantic analysis failed.
Finished in 00s at (2026-06-11 18:22:23)

--ERR--
