TLC2 Version 2026.04.22.172729 (rev: 6320a09)
Warning: Please run the Java VM, which executes TLC with a throughput optimized garbage collector, by passing the "-XX:+UseParallelGC" property.
(Use the -nowarning option to disable this warning.)
Running breadth-first search Model-Checking with fp 61 and seed -6696117623460213415 with 1 worker on 112 cores with 30688MB heap and 64MB offheap memory [pid: 1939518] (Linux 6.8.0-111-generic amd64, Eclipse Adoptium 11.0.25 64bit, MSBDiskFPSet, DiskStateQueue).
Parsing file /tmp/tmpynx8zerd/EWD998ChanID_shiviz.tla
Parsing file /tmp/tmpynx8zerd/EWD998ChanID.tla
Parsing file /tmp/tlc-12454108259970413319/TLC.tla (jar:file:/home/arslanbisharat/Documents/AI4FM/tla%20bench%20dashboard/tla2tools.jar!/tla2sany/StandardModules/TLC.tla)
Parsing file /tmp/tlc-12454108259970413319/TLCExt.tla (jar:file:/home/arslanbisharat/Documents/AI4FM/tla%20bench%20dashboard/tla2tools.jar!/tla2sany/StandardModules/TLCExt.tla)
Parsing file /tmp/tlc-12454108259970413319/Json.tla (jar:file:/home/arslanbisharat/Documents/AI4FM/tla%20bench%20dashboard/tla2tools.jar!/tla2sany/StandardModules/Json.tla)
Parsing file /tmp/tlc-12454108259970413319/_TLCTrace.tla (jar:file:/home/arslanbisharat/Documents/AI4FM/tla%20bench%20dashboard/tla2tools.jar!/tla2sany/StandardModules/_TLCTrace.tla)
Parsing file /tmp/tlc-12454108259970413319/Integers.tla (jar:file:/home/arslanbisharat/Documents/AI4FM/tla%20bench%20dashboard/tla2tools.jar!/tla2sany/StandardModules/Integers.tla)
Parsing file /tmp/tlc-12454108259970413319/Sequences.tla (jar:file:/home/arslanbisharat/Documents/AI4FM/tla%20bench%20dashboard/tla2tools.jar!/tla2sany/StandardModules/Sequences.tla)
Parsing file /tmp/tmpynx8zerd/SequencesExt.tla
Parsing file /tmp/tlc-12454108259970413319/FiniteSets.tla (jar:file:/home/arslanbisharat/Documents/AI4FM/tla%20bench%20dashboard/tla2tools.jar!/tla2sany/StandardModules/FiniteSets.tla)
Parsing file /tmp/tlc-12454108259970413319/Naturals.tla (jar:file:/home/arslanbisharat/Documents/AI4FM/tla%20bench%20dashboard/tla2tools.jar!/tla2sany/StandardModules/Naturals.tla)
Parsing file /tmp/tmpynx8zerd/Utils.tla
Parsing file /tmp/tmpynx8zerd/FiniteSetsExt.tla
Parsing file /tmp/tmpynx8zerd/Folds.tla
Parsing file /tmp/tmpynx8zerd/Functions.tla
Parsing file /tmp/tlc-12454108259970413319/Bags.tla (jar:file:/home/arslanbisharat/Documents/AI4FM/tla%20bench%20dashboard/tla2tools.jar!/tla2sany/StandardModules/Bags.tla)
Parsing file /tmp/tmpynx8zerd/EWD998Chan.tla
Parsing file /tmp/tmpynx8zerd/EWD998.tla
Parsing file /tmp/tmpynx8zerd/AsyncTerminationDetection.tla
Semantic processing of module Naturals
Semantic processing of module Integers
Semantic processing of module Sequences
Semantic processing of module FiniteSets
Semantic processing of module Folds
Semantic processing of module Functions
Semantic processing of module FiniteSetsExt
Semantic processing of module TLC
Semantic processing of module Bags
Semantic processing of module SequencesExt
Semantic processing of module Utils
Semantic processing of module AsyncTerminationDetection
Semantic processing of module EWD998
Semantic processing of module EWD998Chan
Semantic processing of module EWD998ChanID
Semantic processing of module TLCExt
Semantic processing of module Json
Semantic processing of module _TLCTrace
Semantic processing of module EWD998ChanID_shiviz
Linting of module Folds
Linting of module Functions
Linting of module FiniteSetsExt
Linting of module SequencesExt
Linting of module Utils
Linting of module AsyncTerminationDetection
Linting of module EWD998
Linting of module EWD998Chan
Linting of module EWD998ChanID
Linting of module TLCExt
Linting of module Json
Linting of module _TLCTrace
Linting of module EWD998ChanID_shiviz
Starting... (2026-06-11 18:22:35)
Computing initial states...
Error: current state is not a legal state
While working on the initial state:
/\ color = ( n1 :> "white" @@
  n2 :> "white" @@
  n3 :> "white" @@
  n4 :> "white" @@
  n5 :> "white" @@
  n6 :> "white" @@
  n7 :> "white" )
/\ inbox = ( n1 :>
      << [ type |-> "tok",
           q |-> 0,
           color |-> "black",
           vc |->
               ( n1 :> 1 @@
                 n2 :> 0 @@
                 n3 :> 0 @@
                 n4 :> 0 @@
                 n5 :> 0 @@
                 n6 :> 0 @@
                 n7 :> 0 ) ] >> @@
  n2 :> <<>> @@
  n3 :> <<>> @@
  n4 :> <<>> @@
  n5 :> <<>> @@
  n6 :> <<>> @@
  n7 :> <<>> )
/\ active = ( n1 :> TRUE @@
  n2 :> TRUE @@
  n3 :> TRUE @@
  n4 :> TRUE @@
  n5 :> TRUE @@
  n6 :> TRUE @@
  n7 :> TRUE )
/\ passes = null
/\ counter = (n1 :> 0 @@ n2 :> 0 @@ n3 :> 0 @@ n4 :> 0 @@ n5 :> 0 @@ n6 :> 0 @@ n7 :> 0)
/\ clock = ( n1 :>
      ( n1 :> 1 @@
        n2 :> 0 @@
        n3 :> 0 @@
        n4 :> 0 @@
        n5 :> 0 @@
        n6 :> 0 @@
        n7 :> 0 ) @@
  n2 :>
      ( n1 :> 0 @@
        n2 :> 0 @@
        n3 :> 0 @@
        n4 :> 0 @@
        n5 :> 0 @@
        n6 :> 0 @@
        n7 :> 0 ) @@
  n3 :>
      ( n1 :> 0 @@
        n2 :> 0 @@
        n3 :> 0 @@
        n4 :> 0 @@
        n5 :> 0 @@
        n6 :> 0 @@
        n7 :> 0 ) @@
  n4 :>
      ( n1 :> 0 @@
        n2 :> 0 @@
        n3 :> 0 @@
        n4 :> 0 @@
        n5 :> 0 @@
        n6 :> 0 @@
        n7 :> 0 ) @@
  n5 :>
      ( n1 :> 0 @@
        n2 :> 0 @@
        n3 :> 0 @@
        n4 :> 0 @@
        n5 :> 0 @@
        n6 :> 0 @@
        n7 :> 0 ) @@
  n6 :>
      ( n1 :> 0 @@
        n2 :> 0 @@
        n3 :> 0 @@
        n4 :> 0 @@
        n5 :> 0 @@
        n6 :> 0 @@
        n7 :> 0 ) @@
  n7 :>
      ( n1 :> 0 @@
        n2 :> 0 @@
        n3 :> 0 @@
        n4 :> 0 @@
        n5 :> 0 @@
        n6 :> 0 @@
        n7 :> 0 ) )

Error: Evaluating postcondition _TLCTraceSilent at line 28, col 5 to line 28, col 21 of module _TLCTrace failed.
Attempted to apply the operator overridden by the Java method
public static final tlc2.value.IValue tlc2.module._TLCTrace.ioSerialize(tlc2.value.IValue,tlc2.value.impl.StringValue) throws java.io.IOException,
but it produced the following error:
%2%
Finished in 11s at (2026-06-11 18:22:46)

--ERR--
