TLC2 Version 2026.04.22.172729 (rev: 6320a09)
Warning: Please run the Java VM, which executes TLC with a throughput optimized garbage collector, by passing the "-XX:+UseParallelGC" property.
(Use the -nowarning option to disable this warning.)
Running breadth-first search Model-Checking with fp 15 and seed 1566950401363938070 with 1 worker on 112 cores with 30688MB heap and 64MB offheap memory [pid: 1939971] (Linux 6.8.0-111-generic amd64, Eclipse Adoptium 11.0.25 64bit, MSBDiskFPSet, DiskStateQueue).
Parsing file /tmp/tmp1ps_vnxt/EWD998ChanTrace.tla
Parsing file /tmp/tmp1ps_vnxt/EWD998Chan.tla
Parsing file /tmp/tlc-2901207111118487052/Json.tla (jar:file:/home/arslanbisharat/Documents/AI4FM/tla%20bench%20dashboard/tla2tools.jar!/tla2sany/StandardModules/Json.tla)
Parsing file /tmp/tlc-2901207111118487052/TLC.tla (jar:file:/home/arslanbisharat/Documents/AI4FM/tla%20bench%20dashboard/tla2tools.jar!/tla2sany/StandardModules/TLC.tla)
Parsing file /tmp/tmp1ps_vnxt/IOUtils.tla
Parsing file /tmp/tmp1ps_vnxt/VectorClocks.tla
Parsing file /tmp/tlc-2901207111118487052/_TLCTrace.tla (jar:file:/home/arslanbisharat/Documents/AI4FM/tla%20bench%20dashboard/tla2tools.jar!/tla2sany/StandardModules/_TLCTrace.tla)
Parsing file /tmp/tlc-2901207111118487052/Integers.tla (jar:file:/home/arslanbisharat/Documents/AI4FM/tla%20bench%20dashboard/tla2tools.jar!/tla2sany/StandardModules/Integers.tla)
Parsing file /tmp/tlc-2901207111118487052/Sequences.tla (jar:file:/home/arslanbisharat/Documents/AI4FM/tla%20bench%20dashboard/tla2tools.jar!/tla2sany/StandardModules/Sequences.tla)
Parsing file /tmp/tmp1ps_vnxt/SequencesExt.tla
Parsing file /tmp/tlc-2901207111118487052/FiniteSets.tla (jar:file:/home/arslanbisharat/Documents/AI4FM/tla%20bench%20dashboard/tla2tools.jar!/tla2sany/StandardModules/FiniteSets.tla)
Parsing file /tmp/tmp1ps_vnxt/Utils.tla
Parsing file /tmp/tlc-2901207111118487052/Naturals.tla (jar:file:/home/arslanbisharat/Documents/AI4FM/tla%20bench%20dashboard/tla2tools.jar!/tla2sany/StandardModules/Naturals.tla)
Parsing file /tmp/tmp1ps_vnxt/FiniteSetsExt.tla
Parsing file /tmp/tmp1ps_vnxt/Folds.tla
Parsing file /tmp/tmp1ps_vnxt/Functions.tla
Parsing file /tmp/tlc-2901207111118487052/Bags.tla (jar:file:/home/arslanbisharat/Documents/AI4FM/tla%20bench%20dashboard/tla2tools.jar!/tla2sany/StandardModules/Bags.tla)
Parsing file /tmp/tmp1ps_vnxt/EWD998.tla
Parsing file /tmp/tmp1ps_vnxt/AsyncTerminationDetection.tla
Parsing file /tmp/tlc-2901207111118487052/TLCExt.tla (jar:file:/home/arslanbisharat/Documents/AI4FM/tla%20bench%20dashboard/tla2tools.jar!/tla2sany/StandardModules/TLCExt.tla)
Semantic processing of module Naturals
Semantic processing of module Integers
Semantic processing of module Sequences
Semantic processing of module FiniteSets
Semantic processing of module Folds
Semantic processing of module Functions
Semantic processing of module FiniteSetsExt
Semantic processing of module TLC
Semantic processing of module Bags
Semantic processing of module SequencesExt
Semantic processing of module Utils
Semantic processing of module AsyncTerminationDetection
Semantic processing of module EWD998
Semantic processing of module EWD998Chan
Semantic processing of module Json
Semantic processing of module IOUtils
Semantic processing of module VectorClocks
Semantic processing of module TLCExt
Semantic processing of module _TLCTrace
Semantic processing of module EWD998ChanTrace
Linting of module Folds
Linting of module Functions
Linting of module FiniteSetsExt
Linting of module SequencesExt
Linting of module Utils
Linting of module AsyncTerminationDetection
Linting of module EWD998
Linting of module EWD998Chan
Linting of module Json
Linting of module IOUtils
Linting of module VectorClocks
Linting of module TLCExt
Linting of module _TLCTrace
Linting of module EWD998ChanTrace
Starting... (2026-06-11 18:22:47)
Error: Evaluating assumption line 11, col 23 to line 11, col 37 of module EWD998Chan failed.
Attempted to enumerate a set of the form [D -> R],but the domain D:
STRING
cannot be enumerated.
Finished in 00s at (2026-06-11 18:22:47)

--ERR--
