TLC2 Version 2026.04.22.172729 (rev: 6320a09)
Warning: Please run the Java VM, which executes TLC with a throughput optimized garbage collector, by passing the "-XX:+UseParallelGC" property.
(Use the -nowarning option to disable this warning.)
Running breadth-first search Model-Checking with fp 69 and seed 5685091978378459011 with 1 worker on 112 cores with 30688MB heap and 64MB offheap memory [pid: 1940108] (Linux 6.8.0-111-generic amd64, Eclipse Adoptium 11.0.25 64bit, MSBDiskFPSet, DiskStateQueue).
Parsing file /tmp/tmp6drlu0ly/SmokeEWD998.tla
Parsing file /tmp/tmp6drlu0ly/EWD998.tla
Parsing file /tmp/tlc-9255372624245645103/TLC.tla (jar:file:/home/arslanbisharat/Documents/AI4FM/tla%20bench%20dashboard/tla2tools.jar!/tla2sany/StandardModules/TLC.tla)
Parsing file /tmp/tlc-9255372624245645103/Randomization.tla (jar:file:/home/arslanbisharat/Documents/AI4FM/tla%20bench%20dashboard/tla2tools.jar!/tla2sany/StandardModules/Randomization.tla)
Parsing file /tmp/tmp6drlu0ly/IOUtils.tla
Parsing file /tmp/tmp6drlu0ly/CSV.tla
Parsing file /tmp/tlc-9255372624245645103/FiniteSets.tla (jar:file:/home/arslanbisharat/Documents/AI4FM/tla%20bench%20dashboard/tla2tools.jar!/tla2sany/StandardModules/FiniteSets.tla)
Parsing file /tmp/tlc-9255372624245645103/_TLCTrace.tla (jar:file:/home/arslanbisharat/Documents/AI4FM/tla%20bench%20dashboard/tla2tools.jar!/tla2sany/StandardModules/_TLCTrace.tla)
Parsing file /tmp/tlc-9255372624245645103/Integers.tla (jar:file:/home/arslanbisharat/Documents/AI4FM/tla%20bench%20dashboard/tla2tools.jar!/tla2sany/StandardModules/Integers.tla)
Parsing file /tmp/tmp6drlu0ly/Functions.tla
Parsing file /tmp/tlc-9255372624245645103/Naturals.tla (jar:file:/home/arslanbisharat/Documents/AI4FM/tla%20bench%20dashboard/tla2tools.jar!/tla2sany/StandardModules/Naturals.tla)
Parsing file /tmp/tmp6drlu0ly/AsyncTerminationDetection.tla
Parsing file /tmp/tlc-9255372624245645103/Sequences.tla (jar:file:/home/arslanbisharat/Documents/AI4FM/tla%20bench%20dashboard/tla2tools.jar!/tla2sany/StandardModules/Sequences.tla)
Parsing file /tmp/tmp6drlu0ly/Folds.tla
Parsing file /tmp/tmp6drlu0ly/SequencesExt.tla
Parsing file /tmp/tmp6drlu0ly/FiniteSetsExt.tla
Parsing file /tmp/tlc-9255372624245645103/Bags.tla (jar:file:/home/arslanbisharat/Documents/AI4FM/tla%20bench%20dashboard/tla2tools.jar!/tla2sany/StandardModules/Bags.tla)
Parsing file /tmp/tlc-9255372624245645103/TLCExt.tla (jar:file:/home/arslanbisharat/Documents/AI4FM/tla%20bench%20dashboard/tla2tools.jar!/tla2sany/StandardModules/TLCExt.tla)
Semantic processing of module Naturals
Semantic processing of module Integers
Semantic processing of module Sequences
Semantic processing of module FiniteSets
Semantic processing of module Folds
Semantic processing of module Functions
Semantic processing of module AsyncTerminationDetection
Semantic processing of module EWD998
Semantic processing of module TLC
Semantic processing of module Randomization
Semantic processing of module FiniteSetsExt
Semantic processing of module Bags
Semantic processing of module SequencesExt
Semantic processing of module IOUtils
Semantic processing of module CSV
Semantic processing of module TLCExt
Semantic processing of module _TLCTrace
Semantic processing of module SmokeEWD998
Linting of module Folds
Linting of module Functions
Linting of module AsyncTerminationDetection
Linting of module EWD998
Linting of module FiniteSetsExt
Linting of module SequencesExt
Linting of module IOUtils
Linting of module CSV
Linting of module TLCExt
Linting of module _TLCTrace
Linting of module SmokeEWD998
Starting... (2026-06-11 18:22:48)
Implied-temporal checking--satisfiability problem has 1 branches.
Error: Assumption line 5, col 8 to line 5, col 57 of module SmokeEWD998 is false.
Finished in 00s at (2026-06-11 18:22:48)

--ERR--
