TLC2 Version 2026.04.22.172729 (rev: 6320a09)
Warning: Please run the Java VM, which executes TLC with a throughput optimized garbage collector, by passing the "-XX:+UseParallelGC" property.
(Use the -nowarning option to disable this warning.)
Running breadth-first search Model-Checking with fp 46 and seed -1343717419021828101 with 1 worker on 112 cores with 30688MB heap and 64MB offheap memory [pid: 1943109] (Linux 6.8.0-111-generic amd64, Eclipse Adoptium 11.0.25 64bit, MSBDiskFPSet, DiskStateQueue).
Parsing file /tmp/tmpwcvn_vq7/MC_spanning.tla
Parsing file /tmp/tmpwcvn_vq7/spanning.tla
Parsing file /tmp/tlc-445051361637229826/_TLCTrace.tla (jar:file:/home/arslanbisharat/Documents/AI4FM/tla%20bench%20dashboard/tla2tools.jar!/tla2sany/StandardModules/_TLCTrace.tla)
Parsing file /tmp/tlc-445051361637229826/Integers.tla (jar:file:/home/arslanbisharat/Documents/AI4FM/tla%20bench%20dashboard/tla2tools.jar!/tla2sany/StandardModules/Integers.tla)
Parsing file /tmp/tlc-445051361637229826/Naturals.tla (jar:file:/home/arslanbisharat/Documents/AI4FM/tla%20bench%20dashboard/tla2tools.jar!/tla2sany/StandardModules/Naturals.tla)
Parsing file /tmp/tlc-445051361637229826/TLC.tla (jar:file:/home/arslanbisharat/Documents/AI4FM/tla%20bench%20dashboard/tla2tools.jar!/tla2sany/StandardModules/TLC.tla)
Parsing file /tmp/tlc-445051361637229826/TLCExt.tla (jar:file:/home/arslanbisharat/Documents/AI4FM/tla%20bench%20dashboard/tla2tools.jar!/tla2sany/StandardModules/TLCExt.tla)
Parsing file /tmp/tlc-445051361637229826/Sequences.tla (jar:file:/home/arslanbisharat/Documents/AI4FM/tla%20bench%20dashboard/tla2tools.jar!/tla2sany/StandardModules/Sequences.tla)
Parsing file /tmp/tlc-445051361637229826/FiniteSets.tla (jar:file:/home/arslanbisharat/Documents/AI4FM/tla%20bench%20dashboard/tla2tools.jar!/tla2sany/StandardModules/FiniteSets.tla)
Semantic processing of module Naturals
Semantic processing of module Integers
Semantic processing of module spanning
Semantic processing of module Sequences
Semantic processing of module FiniteSets
Semantic processing of module TLC
Semantic processing of module TLCExt
Semantic processing of module _TLCTrace
Semantic processing of module MC_spanning
Linting of module spanning
Linting of module TLCExt
Linting of module _TLCTrace
Linting of module MC_spanning
Starting... (2026-06-11 18:23:26)
Computing initial states...
Finished computing initial states: 1 distinct state generated at 2026-06-11 18:23:27.
Error: Invariant TypeOK is violated.
Error: The behavior up to this point is:
State 1: <Initial predicate>
/\ prnt = <<NoPrnt, NoPrnt, NoPrnt>>
/\ rpt = <<FALSE, FALSE, FALSE>>
/\ msg = {}

State 2: <Next line 25, col 27 to line 28, col 62 of module spanning>
/\ prnt = <<NoPrnt, NoPrnt, NoPrnt>>
/\ rpt = <<FALSE, FALSE, FALSE>>
/\ msg = {<<1, 2>>}

State 3: <Next line 25, col 27 to line 28, col 62 of module spanning>
/\ prnt = <<NoPrnt, 1, NoPrnt>>
/\ rpt = <<FALSE, FALSE, FALSE>>
/\ msg = {<<1, 2>>}

19 states generated, 5 distinct states found, 2 states left on queue.
The depth of the complete state graph search is 3.
Finished in 00s at (2026-06-11 18:23:27)
Trace exploration spec path: ./MC_spanning_TTrace_1781220206.tla

--ERR--
