TLC2 Version 2026.04.22.172729 (rev: 6320a09)
Warning: Please run the Java VM, which executes TLC with a throughput optimized garbage collector, by passing the "-XX:+UseParallelGC" property.
(Use the -nowarning option to disable this warning.)
Running breadth-first search Model-Checking with fp 121 and seed 7756516524633200690 with 1 worker on 112 cores with 30688MB heap and 64MB offheap memory [pid: 1940189] (Linux 6.8.0-111-generic amd64, Eclipse Adoptium 11.0.25 64bit, MSBDiskFPSet, DiskStateQueue).
Parsing file /tmp/tmp8owlvelo/IndInv_apa.tla
Parsing file /tmp/tlc-6695412833907706632/Integers.tla (jar:file:/home/arslanbisharat/Documents/AI4FM/tla%20bench%20dashboard/tla2tools.jar!/tla2sany/StandardModules/Integers.tla)
Parsing file /tmp/tlc-6695412833907706632/Sequences.tla (jar:file:/home/arslanbisharat/Documents/AI4FM/tla%20bench%20dashboard/tla2tools.jar!/tla2sany/StandardModules/Sequences.tla)
Parsing file /tmp/tlc-6695412833907706632/FiniteSets.tla (jar:file:/home/arslanbisharat/Documents/AI4FM/tla%20bench%20dashboard/tla2tools.jar!/tla2sany/StandardModules/FiniteSets.tla)
Parsing file /tmp/tmp8owlvelo/Apalache.tla
Parsing file /tmp/tlc-6695412833907706632/_TLCTrace.tla (jar:file:/home/arslanbisharat/Documents/AI4FM/tla%20bench%20dashboard/tla2tools.jar!/tla2sany/StandardModules/_TLCTrace.tla)
Parsing file /tmp/tlc-6695412833907706632/Naturals.tla (jar:file:/home/arslanbisharat/Documents/AI4FM/tla%20bench%20dashboard/tla2tools.jar!/tla2sany/StandardModules/Naturals.tla)
Parsing file /tmp/tmp8owlvelo/tcp.tla
Parsing file /tmp/tmp8owlvelo/SequencesExt.tla
Parsing file /tmp/tmp8owlvelo/FiniteSetsExt.tla
Parsing file /tmp/tmp8owlvelo/Folds.tla
Parsing file /tmp/tmp8owlvelo/Functions.tla
Parsing file /tmp/tlc-6695412833907706632/Bags.tla (jar:file:/home/arslanbisharat/Documents/AI4FM/tla%20bench%20dashboard/tla2tools.jar!/tla2sany/StandardModules/Bags.tla)
Parsing file /tmp/tlc-6695412833907706632/TLC.tla (jar:file:/home/arslanbisharat/Documents/AI4FM/tla%20bench%20dashboard/tla2tools.jar!/tla2sany/StandardModules/TLC.tla)
Parsing file /tmp/tlc-6695412833907706632/TLCExt.tla (jar:file:/home/arslanbisharat/Documents/AI4FM/tla%20bench%20dashboard/tla2tools.jar!/tla2sany/StandardModules/TLCExt.tla)
Semantic processing of module Naturals
Semantic processing of module Integers
Semantic processing of module Sequences
Semantic processing of module FiniteSets
Semantic processing of module Apalache
Semantic processing of module TLC
Semantic processing of module TLCExt
Semantic processing of module _TLCTrace
Semantic processing of module Folds
Semantic processing of module Functions
Semantic processing of module FiniteSetsExt
Semantic processing of module Bags
Semantic processing of module SequencesExt
Semantic processing of module tcp
Semantic processing of module IndInv_apa
Linting of module Apalache
Linting of module TLCExt
Linting of module _TLCTrace
Linting of module Folds
Linting of module Functions
Linting of module FiniteSetsExt
Linting of module SequencesExt
Linting of module tcp
Linting of module IndInv_apa
Starting... (2026-06-11 18:22:49)
Computing initial states...
Error: Attempted to compare the set {} with the value:
TRUE
Error: TLC was unable to fingerprint.

Fingerprint Stack Trace:
0. Line 208, column 3 to line 211, column 11 in IndInv_apa
1. Line 208, column 6 to line 208, column 17 in IndInv_apa
2. Line 209, column 6 to line 209, column 29 in IndInv_apa
3. Line 210, column 6 to line 210, column 25 in IndInv_apa
4. Line 211, column 6 to line 211, column 11 in IndInv_apa
5. Line 194, column 3 to line 202, column 19 in IndInv_apa
6. Line 194, column 6 to line 194, column 18 in IndInv_apa
7. Line 102, column 3 to line 106, column 57 in IndInv_apa
8. Line 102, column 6 to line 102, column 31 in IndInv_apa
9. Line 102, column 14 to line 102, column 31 in IndInv_apa


Reason:
Attempted to compare the set {} with the value:
TRUE
0 states generated, 0 distinct states found, 0 states left on queue.
The depth of the complete state graph search is 0.
Finished in 00s at (2026-06-11 18:22:49)

--ERR--
