TLC2 Version 2026.04.22.172729 (rev: 6320a09)
Warning: Please run the Java VM, which executes TLC with a throughput optimized garbage collector, by passing the "-XX:+UseParallelGC" property.
(Use the -nowarning option to disable this warning.)
Running breadth-first search Model-Checking with fp 6 and seed 3763087300027859725 with 1 worker on 112 cores with 30688MB heap and 64MB offheap memory [pid: 1930468] (Linux 6.8.0-111-generic amd64, Eclipse Adoptium 11.0.25 64bit, MSBDiskFPSet, DiskStateQueue).
Parsing file /tmp/tmpx75l3xft/MC.tla
Parsing file /tmp/tmpx75l3xft/Hanoi.tla
Parsing file /tmp/tlc-16714340380229288106/TLC.tla (jar:file:/home/arslanbisharat/Documents/AI4FM/tla%20bench%20dashboard/tla2tools.jar!/tla2sany/StandardModules/TLC.tla)
Parsing file /tmp/tlc-16714340380229288106/_TLCTrace.tla (jar:file:/home/arslanbisharat/Documents/AI4FM/tla%20bench%20dashboard/tla2tools.jar!/tla2sany/StandardModules/_TLCTrace.tla)
Parsing file /tmp/tlc-16714340380229288106/Naturals.tla (jar:file:/home/arslanbisharat/Documents/AI4FM/tla%20bench%20dashboard/tla2tools.jar!/tla2sany/StandardModules/Naturals.tla)
Parsing file /tmp/tmpx75l3xft/Bits.tla
Parsing file /tmp/tlc-16714340380229288106/FiniteSets.tla (jar:file:/home/arslanbisharat/Documents/AI4FM/tla%20bench%20dashboard/tla2tools.jar!/tla2sany/StandardModules/FiniteSets.tla)
Parsing file /tmp/tlc-16714340380229288106/Integers.tla (jar:file:/home/arslanbisharat/Documents/AI4FM/tla%20bench%20dashboard/tla2tools.jar!/tla2sany/StandardModules/Integers.tla)
Parsing file /tmp/tlc-16714340380229288106/Sequences.tla (jar:file:/home/arslanbisharat/Documents/AI4FM/tla%20bench%20dashboard/tla2tools.jar!/tla2sany/StandardModules/Sequences.tla)
Parsing file /tmp/tlc-16714340380229288106/TLCExt.tla (jar:file:/home/arslanbisharat/Documents/AI4FM/tla%20bench%20dashboard/tla2tools.jar!/tla2sany/StandardModules/TLCExt.tla)
Semantic processing of module Naturals
Semantic processing of module Integers
Semantic processing of module Bits
Semantic processing of module Sequences
Semantic processing of module FiniteSets
Semantic processing of module TLC
Semantic processing of module Hanoi
Semantic processing of module TLCExt
Semantic processing of module _TLCTrace
Semantic processing of module MC
Linting of module Bits
Linting of module Hanoi
Linting of module TLCExt
Linting of module _TLCTrace
Linting of module MC
Starting... (2026-06-11 18:17:20)
Computing initial states...
Finished computing initial states: 1 distinct state generated at 2026-06-11 18:17:21.
Error: Invariant NotSolved is violated.
Error: The behavior up to this point is:
State 1: <Initial predicate>
towers = <<31, 0, 0>>

State 2: <Next line 89, col 38 to line 91, col 34 of module Hanoi>
towers = <<30, 0, 1>>

State 3: <Next line 89, col 38 to line 91, col 34 of module Hanoi>
towers = <<28, 2, 1>>

State 4: <Next line 89, col 38 to line 91, col 34 of module Hanoi>
towers = <<28, 3, 0>>

State 5: <Next line 89, col 38 to line 91, col 34 of module Hanoi>
towers = <<24, 3, 4>>

State 6: <Next line 89, col 38 to line 91, col 34 of module Hanoi>
towers = <<25, 2, 4>>

State 7: <Next line 89, col 38 to line 91, col 34 of module Hanoi>
towers = <<25, 0, 6>>

State 8: <Next line 89, col 38 to line 91, col 34 of module Hanoi>
towers = <<24, 0, 7>>

State 9: <Next line 89, col 38 to line 91, col 34 of module Hanoi>
towers = <<16, 8, 7>>

State 10: <Next line 89, col 38 to line 91, col 34 of module Hanoi>
towers = <<16, 9, 6>>

State 11: <Next line 89, col 38 to line 91, col 34 of module Hanoi>
towers = <<18, 9, 4>>

State 12: <Next line 89, col 38 to line 91, col 34 of module Hanoi>
towers = <<19, 8, 4>>

State 13: <Next line 89, col 38 to line 91, col 34 of module Hanoi>
towers = <<19, 12, 0>>

State 14: <Next line 89, col 38 to line 91, col 34 of module Hanoi>
towers = <<18, 12, 1>>

State 15: <Next line 89, col 38 to line 91, col 34 of module Hanoi>
towers = <<16, 14, 1>>

State 16: <Next line 89, col 38 to line 91, col 34 of module Hanoi>
towers = <<16, 15, 0>>

State 17: <Next line 89, col 38 to line 91, col 34 of module Hanoi>
towers = <<0, 15, 16>>

State 18: <Next line 89, col 38 to line 91, col 34 of module Hanoi>
towers = <<1, 14, 16>>

State 19: <Next line 89, col 38 to line 91, col 34 of module Hanoi>
towers = <<1, 12, 18>>

State 20: <Next line 89, col 38 to line 91, col 34 of module Hanoi>
towers = <<0, 12, 19>>

State 21: <Next line 89, col 38 to line 91, col 34 of module Hanoi>
towers = <<4, 8, 19>>

State 22: <Next line 89, col 38 to line 91, col 34 of module Hanoi>
towers = <<4, 9, 18>>

State 23: <Next line 89, col 38 to line 91, col 34 of module Hanoi>
towers = <<6, 9, 16>>

State 24: <Next line 89, col 38 to line 91, col 34 of module Hanoi>
towers = <<7, 8, 16>>

State 25: <Next line 89, col 38 to line 91, col 34 of module Hanoi>
towers = <<7, 0, 24>>

State 26: <Next line 89, col 38 to line 91, col 34 of module Hanoi>
towers = <<6, 0, 25>>

State 27: <Next line 89, col 38 to line 91, col 34 of module Hanoi>
towers = <<4, 2, 25>>

State 28: <Next line 89, col 38 to line 91, col 34 of module Hanoi>
towers = <<4, 3, 24>>

State 29: <Next line 89, col 38 to line 91, col 34 of module Hanoi>
towers = <<0, 3, 28>>

State 30: <Next line 89, col 38 to line 91, col 34 of module Hanoi>
towers = <<1, 2, 28>>

State 31: <Next line 89, col 38 to line 91, col 34 of module Hanoi>
towers = <<1, 0, 30>>

State 32: <Next line 89, col 38 to line 91, col 34 of module Hanoi>
towers = <<0, 0, 31>>

768 states generated, 233 distinct states found, 26 states left on queue.
The depth of the complete state graph search is 32.
Finished in 00s at (2026-06-11 18:17:21)
Trace exploration spec path: ./MC_TTrace_1781219840.tla

--STDERR--
