TLC2 Version 2026.04.22.172729 (rev: 6320a09)
Warning: Please run the Java VM, which executes TLC with a throughput optimized garbage collector, by passing the "-XX:+UseParallelGC" property.
(Use the -nowarning option to disable this warning.)
Running breadth-first search Model-Checking with fp 71 and seed -7669501745780705945 with 1 worker on 112 cores with 30688MB heap and 64MB offheap memory [pid: 1930584] (Linux 6.8.0-111-generic amd64, Eclipse Adoptium 11.0.25 64bit, MSBDiskFPSet, DiskStateQueue).
Parsing file /tmp/tmp105gradi/Hanoi_anim.tla
Parsing file /tmp/tlc-4813760576436553516/TLC.tla (jar:file:/home/arslanbisharat/Documents/AI4FM/tla%20bench%20dashboard/tla2tools.jar!/tla2sany/StandardModules/TLC.tla)
Parsing file /tmp/tmp105gradi/SVG.tla
Parsing file /tmp/tlc-4813760576436553516/Sequences.tla (jar:file:/home/arslanbisharat/Documents/AI4FM/tla%20bench%20dashboard/tla2tools.jar!/tla2sany/StandardModules/Sequences.tla)
Parsing file /tmp/tmp105gradi/Hanoi.tla
Parsing file /tmp/tlc-4813760576436553516/_TLCTrace.tla (jar:file:/home/arslanbisharat/Documents/AI4FM/tla%20bench%20dashboard/tla2tools.jar!/tla2sany/StandardModules/_TLCTrace.tla)
Parsing file /tmp/tlc-4813760576436553516/Naturals.tla (jar:file:/home/arslanbisharat/Documents/AI4FM/tla%20bench%20dashboard/tla2tools.jar!/tla2sany/StandardModules/Naturals.tla)
Parsing file /tmp/tmp105gradi/Bits.tla
Parsing file /tmp/tlc-4813760576436553516/FiniteSets.tla (jar:file:/home/arslanbisharat/Documents/AI4FM/tla%20bench%20dashboard/tla2tools.jar!/tla2sany/StandardModules/FiniteSets.tla)
Parsing file /tmp/tlc-4813760576436553516/Integers.tla (jar:file:/home/arslanbisharat/Documents/AI4FM/tla%20bench%20dashboard/tla2tools.jar!/tla2sany/StandardModules/Integers.tla)
Parsing file /tmp/tmp105gradi/IOUtils.tla
Parsing file /tmp/tmp105gradi/SequencesExt.tla
Parsing file /tmp/tmp105gradi/FiniteSetsExt.tla
Parsing file /tmp/tmp105gradi/Folds.tla
Parsing file /tmp/tmp105gradi/Functions.tla
Parsing file /tmp/tlc-4813760576436553516/Bags.tla (jar:file:/home/arslanbisharat/Documents/AI4FM/tla%20bench%20dashboard/tla2tools.jar!/tla2sany/StandardModules/Bags.tla)
Parsing file /tmp/tlc-4813760576436553516/TLCExt.tla (jar:file:/home/arslanbisharat/Documents/AI4FM/tla%20bench%20dashboard/tla2tools.jar!/tla2sany/StandardModules/TLCExt.tla)
Semantic processing of module Naturals
Semantic processing of module Sequences
Semantic processing of module FiniteSets
Semantic processing of module TLC
Semantic processing of module Integers
Semantic processing of module Folds
Semantic processing of module Functions
Semantic processing of module FiniteSetsExt
Semantic processing of module Bags
Semantic processing of module SequencesExt
Semantic processing of module IOUtils
Semantic processing of module SVG
Semantic processing of module Bits
Semantic processing of module Hanoi
Semantic processing of module TLCExt
Semantic processing of module _TLCTrace
Semantic processing of module Hanoi_anim
Linting of module Folds
Linting of module Functions
Linting of module FiniteSetsExt
Linting of module SequencesExt
Linting of module IOUtils
Linting of module SVG
Linting of module Bits
Linting of module Hanoi
Linting of module TLCExt
Linting of module _TLCTrace
Linting of module Hanoi_anim
Starting... (2026-06-11 18:17:22)
Computing initial states...
Finished computing initial states: 1 distinct state generated at 2026-06-11 18:17:22.
Error: Invariant NotSolved is violated.
Error: The behavior up to this point is:
State 1: <Initial predicate>
/\ towers = <<7, 0, 0>>
/\ _ALIASEvalError = "Attempted to apply the operator overridden by the Java method\npublic static synchronized tlc2.value.impl.Value tlc2.module.Json.textSerialize(tlc2.tool.impl.Tool,tla2sany.semantic.ExprOrOpArgNode[],tlc2.util.Context,tlc2.tool.TLCState,tlc2.tool.TLCState,int,tlc2.tool.coverage.CostModel),\nbut it produced the following error:\nAttempted to enumerate a set of the form [l1 : v1, ..., ln : vn],\nbut can't enumerate the value of the `exitValue' field:\nInt"

State 2: <Next line 89, col 38 to line 91, col 34 of module Hanoi>
/\ towers = <<6, 0, 1>>
/\ _ALIASEvalError = "Attempted to apply the operator overridden by the Java method\npublic static synchronized tlc2.value.impl.Value tlc2.module.Json.textSerialize(tlc2.tool.impl.Tool,tla2sany.semantic.ExprOrOpArgNode[],tlc2.util.Context,tlc2.tool.TLCState,tlc2.tool.TLCState,int,tlc2.tool.coverage.CostModel),\nbut it produced the following error:\nAttempted to enumerate a set of the form [l1 : v1, ..., ln : vn],\nbut can't enumerate the value of the `exitValue' field:\nInt"

State 3: <Next line 89, col 38 to line 91, col 34 of module Hanoi>
/\ towers = <<4, 2, 1>>
/\ _ALIASEvalError = "Attempted to apply the operator overridden by the Java method\npublic static synchronized tlc2.value.impl.Value tlc2.module.Json.textSerialize(tlc2.tool.impl.Tool,tla2sany.semantic.ExprOrOpArgNode[],tlc2.util.Context,tlc2.tool.TLCState,tlc2.tool.TLCState,int,tlc2.tool.coverage.CostModel),\nbut it produced the following error:\nAttempted to enumerate a set of the form [l1 : v1, ..., ln : vn],\nbut can't enumerate the value of the `exitValue' field:\nInt"

State 4: <Next line 89, col 38 to line 91, col 34 of module Hanoi>
/\ towers = <<4, 3, 0>>
/\ _ALIASEvalError = "Attempted to apply the operator overridden by the Java method\npublic static synchronized tlc2.value.impl.Value tlc2.module.Json.textSerialize(tlc2.tool.impl.Tool,tla2sany.semantic.ExprOrOpArgNode[],tlc2.util.Context,tlc2.tool.TLCState,tlc2.tool.TLCState,int,tlc2.tool.coverage.CostModel),\nbut it produced the following error:\nAttempted to enumerate a set of the form [l1 : v1, ..., ln : vn],\nbut can't enumerate the value of the `exitValue' field:\nInt"

State 5: <Next line 89, col 38 to line 91, col 34 of module Hanoi>
/\ towers = <<0, 3, 4>>
/\ _ALIASEvalError = "Attempted to apply the operator overridden by the Java method\npublic static synchronized tlc2.value.impl.Value tlc2.module.Json.textSerialize(tlc2.tool.impl.Tool,tla2sany.semantic.ExprOrOpArgNode[],tlc2.util.Context,tlc2.tool.TLCState,tlc2.tool.TLCState,int,tlc2.tool.coverage.CostModel),\nbut it produced the following error:\nAttempted to enumerate a set of the form [l1 : v1, ..., ln : vn],\nbut can't enumerate the value of the `exitValue' field:\nInt"

State 6: <Next line 89, col 38 to line 91, col 34 of module Hanoi>
/\ towers = <<1, 2, 4>>
/\ _ALIASEvalError = "Attempted to apply the operator overridden by the Java method\npublic static synchronized tlc2.value.impl.Value tlc2.module.Json.textSerialize(tlc2.tool.impl.Tool,tla2sany.semantic.ExprOrOpArgNode[],tlc2.util.Context,tlc2.tool.TLCState,tlc2.tool.TLCState,int,tlc2.tool.coverage.CostModel),\nbut it produced the following error:\nAttempted to enumerate a set of the form [l1 : v1, ..., ln : vn],\nbut can't enumerate the value of the `exitValue' field:\nInt"

State 7: <Next line 89, col 38 to line 91, col 34 of module Hanoi>
/\ towers = <<1, 0, 6>>
/\ _ALIASEvalError = "Attempted to apply the operator overridden by the Java method\npublic static synchronized tlc2.value.impl.Value tlc2.module.Json.textSerialize(tlc2.tool.impl.Tool,tla2sany.semantic.ExprOrOpArgNode[],tlc2.util.Context,tlc2.tool.TLCState,tlc2.tool.TLCState,int,tlc2.tool.coverage.CostModel),\nbut it produced the following error:\nAttempted to enumerate a set of the form [l1 : v1, ..., ln : vn],\nbut can't enumerate the value of the `exitValue' field:\nInt"

State 8: <Next line 89, col 38 to line 91, col 34 of module Hanoi>
/\ towers = <<0, 0, 7>>
/\ _ALIASEvalError = "Attempted to apply the operator overridden by the Java method\npublic static synchronized tlc2.value.impl.Value tlc2.module.Json.textSerialize(tlc2.tool.impl.Tool,tla2sany.semantic.ExprOrOpArgNode[],tlc2.util.Context,tlc2.tool.TLCState,tlc2.tool.TLCState,int,tlc2.tool.coverage.CostModel),\nbut it produced the following error:\nAttempted to enumerate a set of the form [l1 : v1, ..., ln : vn],\nbut can't enumerate the value of the `exitValue' field:\nInt"

80 states generated, 25 distinct states found, 6 states left on queue.
The depth of the complete state graph search is 8.
Finished in 00s at (2026-06-11 18:17:22)
Trace exploration spec path: ./Hanoi_anim_TTrace_1781219841.tla

--STDERR--
