TLC2 Version 2026.04.22.172729 (rev: 6320a09)
Warning: Please run the Java VM, which executes TLC with a throughput optimized garbage collector, by passing the "-XX:+UseParallelGC" property.
(Use the -nowarning option to disable this warning.)
Running breadth-first search Model-Checking with fp 105 and seed -5701546652612060032 with 1 worker on 112 cores with 30688MB heap and 64MB offheap memory [pid: 1941146] (Linux 6.8.0-111-generic amd64, Eclipse Adoptium 11.0.25 64bit, MSBDiskFPSet, DiskStateQueue).
Parsing file /tmp/tmp0ilyb7qj/MC.tla
Parsing file /tmp/tmp0ilyb7qj/SwarmKit.tla
Parsing file /tmp/tmp0ilyb7qj/stats.tla
Parsing file /tmp/tlc-5254347520274449486/_TLCTrace.tla (jar:file:/home/arslanbisharat/Documents/AI4FM/tla%20bench%20dashboard/tla2tools.jar!/tla2sany/StandardModules/_TLCTrace.tla)
Parsing file /tmp/tlc-5254347520274449486/Integers.tla (jar:file:/home/arslanbisharat/Documents/AI4FM/tla%20bench%20dashboard/tla2tools.jar!/tla2sany/StandardModules/Integers.tla)
Parsing file /tmp/tlc-5254347520274449486/TLC.tla (jar:file:/home/arslanbisharat/Documents/AI4FM/tla%20bench%20dashboard/tla2tools.jar!/tla2sany/StandardModules/TLC.tla)
Parsing file /tmp/tlc-5254347520274449486/FiniteSets.tla (jar:file:/home/arslanbisharat/Documents/AI4FM/tla%20bench%20dashboard/tla2tools.jar!/tla2sany/StandardModules/FiniteSets.tla)
Parsing file /tmp/tmp0ilyb7qj/Types.tla
Parsing file /tmp/tmp0ilyb7qj/Tasks.tla
Parsing file /tmp/tmp0ilyb7qj/WorkerSpec.tla
Parsing file /tmp/tmp0ilyb7qj/EventCounter.tla
Parsing file /tmp/tlc-5254347520274449486/Naturals.tla (jar:file:/home/arslanbisharat/Documents/AI4FM/tla%20bench%20dashboard/tla2tools.jar!/tla2sany/StandardModules/Naturals.tla)
Parsing file /tmp/tlc-5254347520274449486/Sequences.tla (jar:file:/home/arslanbisharat/Documents/AI4FM/tla%20bench%20dashboard/tla2tools.jar!/tla2sany/StandardModules/Sequences.tla)
Parsing file /tmp/tmp0ilyb7qj/IOUtils.tla
Parsing file /tmp/tmp0ilyb7qj/CSV.tla
Parsing file /tmp/tmp0ilyb7qj/SequencesExt.tla
Parsing file /tmp/tmp0ilyb7qj/FiniteSetsExt.tla
Parsing file /tmp/tmp0ilyb7qj/Folds.tla
Parsing file /tmp/tmp0ilyb7qj/Functions.tla
Parsing file /tmp/tlc-5254347520274449486/Bags.tla (jar:file:/home/arslanbisharat/Documents/AI4FM/tla%20bench%20dashboard/tla2tools.jar!/tla2sany/StandardModules/Bags.tla)
Parsing file /tmp/tlc-5254347520274449486/TLCExt.tla (jar:file:/home/arslanbisharat/Documents/AI4FM/tla%20bench%20dashboard/tla2tools.jar!/tla2sany/StandardModules/TLCExt.tla)
Semantic processing of module Naturals
Semantic processing of module Integers
Semantic processing of module Sequences
Semantic processing of module FiniteSets
Semantic processing of module TLC
Semantic processing of module Types
Semantic processing of module Tasks
Semantic processing of module EventCounter
Semantic processing of module WorkerSpec
Semantic processing of module SwarmKit
Semantic processing of module Folds
Semantic processing of module Functions
Semantic processing of module FiniteSetsExt
Semantic processing of module Bags
Semantic processing of module SequencesExt
Semantic processing of module IOUtils
Semantic processing of module CSV
Semantic processing of module stats
Semantic processing of module TLCExt
Semantic processing of module _TLCTrace
Semantic processing of module MC
Linting of module Types
Linting of module Tasks
Linting of module EventCounter
Linting of module WorkerSpec
Linting of module SwarmKit
Linting of module Folds
Linting of module Functions
Linting of module FiniteSetsExt
Linting of module SequencesExt
Linting of module IOUtils
Linting of module CSV
Linting of module stats
Linting of module TLCExt
Linting of module _TLCTrace
Linting of module MC
Starting... (2026-06-11 18:23:02)
Implied-temporal checking--satisfiability problem has 1 branches.
Error: Evaluating assumption line 13, col 5 to line 15, col 27 of module stats failed.
TLC attempted to evaluate an unbounded CHOOSE.
Make sure that the expression is of form CHOOSE x \in S: P(x).
line 99, col 4 to line 99, col 23 of module CSV
Finished in 00s at (2026-06-11 18:23:03)

--ERR--
