TLC2 Version 2026.04.22.172729 (rev: 6320a09)
Warning: Please run the Java VM, which executes TLC with a throughput optimized garbage collector, by passing the "-XX:+UseParallelGC" property.
(Use the -nowarning option to disable this warning.)
Running breadth-first search Model-Checking with fp 116 and seed -2514723047774095386 with 1 worker on 112 cores with 30688MB heap and 64MB offheap memory [pid: 1941298] (Linux 6.8.0-111-generic amd64, Eclipse Adoptium 11.0.25 64bit, MSBDiskFPSet, DiskStateQueue).
Parsing file /tmp/tmpjny42thb/AssertExpressionStack.tla
Parsing file /tmp/tlc-13489047914457602167/Naturals.tla (jar:file:/home/arslanbisharat/Documents/AI4FM/tla%20bench%20dashboard/tla2tools.jar!/tla2sany/StandardModules/Naturals.tla)
Parsing file /tmp/tlc-13489047914457602167/TLC.tla (jar:file:/home/arslanbisharat/Documents/AI4FM/tla%20bench%20dashboard/tla2tools.jar!/tla2sany/StandardModules/TLC.tla)
Parsing file /tmp/tlc-13489047914457602167/_TLCTrace.tla (jar:file:/home/arslanbisharat/Documents/AI4FM/tla%20bench%20dashboard/tla2tools.jar!/tla2sany/StandardModules/_TLCTrace.tla)
Parsing file /tmp/tlc-13489047914457602167/Sequences.tla (jar:file:/home/arslanbisharat/Documents/AI4FM/tla%20bench%20dashboard/tla2tools.jar!/tla2sany/StandardModules/Sequences.tla)
Parsing file /tmp/tlc-13489047914457602167/FiniteSets.tla (jar:file:/home/arslanbisharat/Documents/AI4FM/tla%20bench%20dashboard/tla2tools.jar!/tla2sany/StandardModules/FiniteSets.tla)
Parsing file /tmp/tlc-13489047914457602167/TLCExt.tla (jar:file:/home/arslanbisharat/Documents/AI4FM/tla%20bench%20dashboard/tla2tools.jar!/tla2sany/StandardModules/TLCExt.tla)
Parsing file /tmp/tlc-13489047914457602167/Integers.tla (jar:file:/home/arslanbisharat/Documents/AI4FM/tla%20bench%20dashboard/tla2tools.jar!/tla2sany/StandardModules/Integers.tla)
Semantic processing of module Naturals
Semantic processing of module Sequences
Semantic processing of module FiniteSets
Semantic processing of module TLC
Semantic processing of module Integers
Semantic processing of module TLCExt
Semantic processing of module _TLCTrace
Semantic processing of module AssertExpressionStack
Linting of module TLCExt
Linting of module _TLCTrace
Linting of module AssertExpressionStack
Starting... (2026-06-11 18:23:04)
Computing initial states...
Finished computing initial states: 1 distinct state generated at 2026-06-11 18:23:05.
Error: The first argument of Assert evaluated to FALSE; the second argument was:
"Fails after initial state"
Error: The behavior up to this point is:
State 1: <Initial predicate>
x = 0

State 2: <Action line 6, col 21 to line 6, col 66 of module AssertExpressionStack>
x = 1

Error: The error occurred when TLC was evaluating the nested
expressions at the following positions:
0. Line 6, column 21 to line 6, column 66 in AssertExpressionStack
1. Line 6, column 21 to line 6, column 24 in AssertExpressionStack
2. Line 6, column 27 to line 6, column 66 in AssertExpressionStack


2 states generated, 2 distinct states found, 0 states left on queue.
The depth of the complete state graph search is 2.
Finished in 00s at (2026-06-11 18:23:05)
Trace exploration spec path: ./AssertExpressionStack_TTrace_1781220184.tla

--ERR--
