TLC2 Version 2026.04.22.172729 (rev: 6320a09)
Warning: Please run the Java VM, which executes TLC with a throughput optimized garbage collector, by passing the "-XX:+UseParallelGC" property.
(Use the -nowarning option to disable this warning.)
Running breadth-first search Model-Checking with fp 35 and seed 5413889417068622806 with 1 worker on 112 cores with 30688MB heap and 64MB offheap memory [pid: 1941440] (Linux 6.8.0-111-generic amd64, Eclipse Adoptium 11.0.25 64bit, MSBDiskFPSet, DiskStateQueue).
Parsing file /tmp/tmpez3uvxjw/CyclicRedefineInstance.tla
Parsing file /tmp/tmpez3uvxjw/Base.tla
Parsing file /tmp/tlc-4500330045522087842/_TLCTrace.tla (jar:file:/home/arslanbisharat/Documents/AI4FM/tla%20bench%20dashboard/tla2tools.jar!/tla2sany/StandardModules/_TLCTrace.tla)
Parsing file /tmp/tlc-4500330045522087842/FiniteSets.tla (jar:file:/home/arslanbisharat/Documents/AI4FM/tla%20bench%20dashboard/tla2tools.jar!/tla2sany/StandardModules/FiniteSets.tla)
Parsing file /tmp/tlc-4500330045522087842/Integers.tla (jar:file:/home/arslanbisharat/Documents/AI4FM/tla%20bench%20dashboard/tla2tools.jar!/tla2sany/StandardModules/Integers.tla)
Parsing file /tmp/tlc-4500330045522087842/TLC.tla (jar:file:/home/arslanbisharat/Documents/AI4FM/tla%20bench%20dashboard/tla2tools.jar!/tla2sany/StandardModules/TLC.tla)
Parsing file /tmp/tlc-4500330045522087842/Naturals.tla (jar:file:/home/arslanbisharat/Documents/AI4FM/tla%20bench%20dashboard/tla2tools.jar!/tla2sany/StandardModules/Naturals.tla)
Parsing file /tmp/tmpez3uvxjw/UserStateMachine.tla
Parsing file /tmp/tlc-4500330045522087842/Sequences.tla (jar:file:/home/arslanbisharat/Documents/AI4FM/tla%20bench%20dashboard/tla2tools.jar!/tla2sany/StandardModules/Sequences.tla)
Parsing file /tmp/tlc-4500330045522087842/TLCExt.tla (jar:file:/home/arslanbisharat/Documents/AI4FM/tla%20bench%20dashboard/tla2tools.jar!/tla2sany/StandardModules/TLCExt.tla)
Semantic processing of module Naturals
Semantic processing of module Sequences
Semantic processing of module FiniteSets
Semantic processing of module Integers
Semantic processing of module TLC
Semantic processing of module UserStateMachine
Semantic processing of module Base
Semantic processing of module TLCExt
Semantic processing of module _TLCTrace
Semantic processing of module CyclicRedefineInstance
Semantic errors:

*** Errors: 2

line 6, col 17 to line 6, col 20 of module CyclicRedefineInstance

Unknown operator: `Next'.


line 7, col 15 to line 7, col 15 of module CyclicRedefineInstance

Unknown operator: `x'.


Starting... (2026-06-11 18:23:05)
Error: Parsing or semantic analysis failed.
Finished in 00s at (2026-06-11 18:23:05)

--ERR--
