TLC2 Version 2026.04.22.172729 (rev: 6320a09)
Warning: Please run the Java VM, which executes TLC with a throughput optimized garbage collector, by passing the "-XX:+UseParallelGC" property.
(Use the -nowarning option to disable this warning.)
Running breadth-first search Model-Checking with fp 81 and seed -3466834946559218765 with 1 worker on 112 cores with 30688MB heap and 64MB offheap memory [pid: 1941490] (Linux 6.8.0-111-generic amd64, Eclipse Adoptium 11.0.25 64bit, MSBDiskFPSet, DiskStateQueue).
Parsing file /tmp/tmpd8kluq0e/CyclicRedefineVars.tla
Parsing file /tmp/tmpd8kluq0e/Base.tla
Parsing file /tmp/tlc-17181578239070928917/TLC.tla (jar:file:/home/arslanbisharat/Documents/AI4FM/tla%20bench%20dashboard/tla2tools.jar!/tla2sany/StandardModules/TLC.tla)
Parsing file /tmp/tlc-17181578239070928917/_TLCTrace.tla (jar:file:/home/arslanbisharat/Documents/AI4FM/tla%20bench%20dashboard/tla2tools.jar!/tla2sany/StandardModules/_TLCTrace.tla)
Parsing file /tmp/tlc-17181578239070928917/FiniteSets.tla (jar:file:/home/arslanbisharat/Documents/AI4FM/tla%20bench%20dashboard/tla2tools.jar!/tla2sany/StandardModules/FiniteSets.tla)
Parsing file /tmp/tlc-17181578239070928917/Integers.tla (jar:file:/home/arslanbisharat/Documents/AI4FM/tla%20bench%20dashboard/tla2tools.jar!/tla2sany/StandardModules/Integers.tla)
Parsing file /tmp/tlc-17181578239070928917/Naturals.tla (jar:file:/home/arslanbisharat/Documents/AI4FM/tla%20bench%20dashboard/tla2tools.jar!/tla2sany/StandardModules/Naturals.tla)
Parsing file /tmp/tmpd8kluq0e/UserStateMachine.tla
Parsing file /tmp/tlc-17181578239070928917/Sequences.tla (jar:file:/home/arslanbisharat/Documents/AI4FM/tla%20bench%20dashboard/tla2tools.jar!/tla2sany/StandardModules/Sequences.tla)
Parsing file /tmp/tlc-17181578239070928917/TLCExt.tla (jar:file:/home/arslanbisharat/Documents/AI4FM/tla%20bench%20dashboard/tla2tools.jar!/tla2sany/StandardModules/TLCExt.tla)
Semantic processing of module Naturals
Semantic processing of module Sequences
Semantic processing of module FiniteSets
Semantic processing of module Integers
Semantic processing of module TLC
Semantic processing of module UserStateMachine
Semantic processing of module Base
Semantic processing of module TLCExt
Semantic processing of module _TLCTrace
Semantic processing of module CyclicRedefineVars
Semantic errors:

*** Errors: 5

line 7, col 8 to line 7, col 8 of module CyclicRedefineVars

Unknown operator: `x'.


line 9, col 8 to line 9, col 11 of module CyclicRedefineVars

Unknown operator: `Init'.


line 12, col 8 to line 12, col 8 of module CyclicRedefineVars

Unknown operator: `A'.


line 16, col 12 to line 16, col 12 of module CyclicRedefineVars

Unknown operator: `B'.


line 20, col 11 to line 20, col 14 of module CyclicRedefineVars

Unknown operator: `vars'.


Starting... (2026-06-11 18:23:06)
Error: Parsing or semantic analysis failed.
Finished in 00s at (2026-06-11 18:23:06)

--ERR--
