TLC2 Version 2026.04.22.172729 (rev: 6320a09)
Warning: Please run the Java VM, which executes TLC with a throughput optimized garbage collector, by passing the "-XX:+UseParallelGC" property.
(Use the -nowarning option to disable this warning.)
Running breadth-first search Model-Checking with fp 88 and seed -2521408692489465049 with 1 worker on 112 cores with 30688MB heap and 64MB offheap memory [pid: 1941542] (Linux 6.8.0-111-generic amd64, Eclipse Adoptium 11.0.25 64bit, MSBDiskFPSet, DiskStateQueue).
Parsing file /tmp/tmpci6e2rej/DoInitFunctorEvalException.tla
Parsing file /tmp/tlc-12245218667009834604/Integers.tla (jar:file:/home/arslanbisharat/Documents/AI4FM/tla%20bench%20dashboard/tla2tools.jar!/tla2sany/StandardModules/Integers.tla)
Parsing file /tmp/tlc-12245218667009834604/_TLCTrace.tla (jar:file:/home/arslanbisharat/Documents/AI4FM/tla%20bench%20dashboard/tla2tools.jar!/tla2sany/StandardModules/_TLCTrace.tla)
Parsing file /tmp/tlc-12245218667009834604/Naturals.tla (jar:file:/home/arslanbisharat/Documents/AI4FM/tla%20bench%20dashboard/tla2tools.jar!/tla2sany/StandardModules/Naturals.tla)
Parsing file /tmp/tlc-12245218667009834604/TLC.tla (jar:file:/home/arslanbisharat/Documents/AI4FM/tla%20bench%20dashboard/tla2tools.jar!/tla2sany/StandardModules/TLC.tla)
Parsing file /tmp/tlc-12245218667009834604/TLCExt.tla (jar:file:/home/arslanbisharat/Documents/AI4FM/tla%20bench%20dashboard/tla2tools.jar!/tla2sany/StandardModules/TLCExt.tla)
Parsing file /tmp/tlc-12245218667009834604/Sequences.tla (jar:file:/home/arslanbisharat/Documents/AI4FM/tla%20bench%20dashboard/tla2tools.jar!/tla2sany/StandardModules/Sequences.tla)
Parsing file /tmp/tlc-12245218667009834604/FiniteSets.tla (jar:file:/home/arslanbisharat/Documents/AI4FM/tla%20bench%20dashboard/tla2tools.jar!/tla2sany/StandardModules/FiniteSets.tla)
Semantic processing of module Naturals
Semantic processing of module Integers
Semantic processing of module Sequences
Semantic processing of module FiniteSets
Semantic processing of module TLC
Semantic processing of module TLCExt
Semantic processing of module _TLCTrace
Semantic processing of module DoInitFunctorEvalException
Linting of module TLCExt
Linting of module _TLCTrace
Linting of module DoInitFunctorEvalException
Starting... (2026-06-11 18:23:07)
Computing initial states...
Error: TLC expected a boolean value, but did not find one. line 15, col 15 to line 15, col 18 of module DoInitFunctorEvalException
While working on the initial state:
x = 1

Error: The error occurred when TLC was evaluating the nested
expressions at the following positions:
0. Line 7, column 9 to line 7, column 19 in DoInitFunctorEvalException


1 states generated, 0 distinct states found, 0 states left on queue.
The depth of the complete state graph search is 1.
Finished in 00s at (2026-06-11 18:23:07)

--ERR--
