TLC2 Version 2026.04.22.172729 (rev: 6320a09)
Warning: Please run the Java VM, which executes TLC with a throughput optimized garbage collector, by passing the "-XX:+UseParallelGC" property.
(Use the -nowarning option to disable this warning.)
Running breadth-first search Model-Checking with fp 53 and seed 2955704876473908236 with 1 worker on 112 cores with 30688MB heap and 64MB offheap memory [pid: 1941621] (Linux 6.8.0-111-generic amd64, Eclipse Adoptium 11.0.25 64bit, MSBDiskFPSet, DiskStateQueue).
Parsing file /tmp/tmpqog8t927/DoInitFunctorMinimalErrorStack.tla
Parsing file /tmp/tlc-9956625014447524329/Naturals.tla (jar:file:/home/arslanbisharat/Documents/AI4FM/tla%20bench%20dashboard/tla2tools.jar!/tla2sany/StandardModules/Naturals.tla)
Parsing file /tmp/tlc-9956625014447524329/_TLCTrace.tla (jar:file:/home/arslanbisharat/Documents/AI4FM/tla%20bench%20dashboard/tla2tools.jar!/tla2sany/StandardModules/_TLCTrace.tla)
Parsing file /tmp/tlc-9956625014447524329/TLC.tla (jar:file:/home/arslanbisharat/Documents/AI4FM/tla%20bench%20dashboard/tla2tools.jar!/tla2sany/StandardModules/TLC.tla)
Parsing file /tmp/tlc-9956625014447524329/TLCExt.tla (jar:file:/home/arslanbisharat/Documents/AI4FM/tla%20bench%20dashboard/tla2tools.jar!/tla2sany/StandardModules/TLCExt.tla)
Parsing file /tmp/tlc-9956625014447524329/Sequences.tla (jar:file:/home/arslanbisharat/Documents/AI4FM/tla%20bench%20dashboard/tla2tools.jar!/tla2sany/StandardModules/Sequences.tla)
Parsing file /tmp/tlc-9956625014447524329/FiniteSets.tla (jar:file:/home/arslanbisharat/Documents/AI4FM/tla%20bench%20dashboard/tla2tools.jar!/tla2sany/StandardModules/FiniteSets.tla)
Parsing file /tmp/tlc-9956625014447524329/Integers.tla (jar:file:/home/arslanbisharat/Documents/AI4FM/tla%20bench%20dashboard/tla2tools.jar!/tla2sany/StandardModules/Integers.tla)
Semantic processing of module Naturals
Semantic processing of module Sequences
Semantic processing of module FiniteSets
Semantic processing of module TLC
Semantic processing of module Integers
Semantic processing of module TLCExt
Semantic processing of module _TLCTrace
Semantic processing of module DoInitFunctorMinimalErrorStack
Linting of module TLCExt
Linting of module _TLCTrace
Linting of module DoInitFunctorMinimalErrorStack
Starting... (2026-06-11 18:23:08)
Computing initial states...
Error: The first argument of >= should be an integer, but instead it is:
<<1, 1>>
Error: The error occurred when TLC was evaluating the nested
expressions at the following positions:
0. Line 8, column 3 to line 9, column 13 in DoInitFunctorMinimalErrorStack
1. Line 8, column 6 to line 8, column 25 in DoInitFunctorMinimalErrorStack
2. Line 9, column 6 to line 9, column 13 in DoInitFunctorMinimalErrorStack
3. Line 14, column 8 to line 14, column 13 in DoInitFunctorMinimalErrorStack


1 states generated, 1 distinct states found, 1 states left on queue.
The depth of the complete state graph search is 1.
Finished in 00s at (2026-06-11 18:23:08)

--ERR--
