TLC2 Version 2026.04.22.172729 (rev: 6320a09)
Warning: Please run the Java VM, which executes TLC with a throughput optimized garbage collector, by passing the "-XX:+UseParallelGC" property.
(Use the -nowarning option to disable this warning.)
Running breadth-first search Model-Checking with fp 119 and seed 8665650328997140171 with 1 worker on 112 cores with 30688MB heap and 64MB offheap memory [pid: 1942021] (Linux 6.8.0-111-generic amd64, Eclipse Adoptium 11.0.25 64bit, MSBDiskFPSet, DiskStateQueue).
Parsing file /tmp/tmpcrcc9r_9/Github179b.tla
Parsing file /tmp/tlc-7130584640074272768/TLC.tla (jar:file:/home/arslanbisharat/Documents/AI4FM/tla%20bench%20dashboard/tla2tools.jar!/tla2sany/StandardModules/TLC.tla)
Parsing file /tmp/tlc-7130584640074272768/Naturals.tla (jar:file:/home/arslanbisharat/Documents/AI4FM/tla%20bench%20dashboard/tla2tools.jar!/tla2sany/StandardModules/Naturals.tla)
Parsing file /tmp/tlc-7130584640074272768/_TLCTrace.tla (jar:file:/home/arslanbisharat/Documents/AI4FM/tla%20bench%20dashboard/tla2tools.jar!/tla2sany/StandardModules/_TLCTrace.tla)
Parsing file /tmp/tlc-7130584640074272768/Sequences.tla (jar:file:/home/arslanbisharat/Documents/AI4FM/tla%20bench%20dashboard/tla2tools.jar!/tla2sany/StandardModules/Sequences.tla)
Parsing file /tmp/tlc-7130584640074272768/FiniteSets.tla (jar:file:/home/arslanbisharat/Documents/AI4FM/tla%20bench%20dashboard/tla2tools.jar!/tla2sany/StandardModules/FiniteSets.tla)
Parsing file /tmp/tlc-7130584640074272768/TLCExt.tla (jar:file:/home/arslanbisharat/Documents/AI4FM/tla%20bench%20dashboard/tla2tools.jar!/tla2sany/StandardModules/TLCExt.tla)
Parsing file /tmp/tlc-7130584640074272768/Integers.tla (jar:file:/home/arslanbisharat/Documents/AI4FM/tla%20bench%20dashboard/tla2tools.jar!/tla2sany/StandardModules/Integers.tla)
Semantic processing of module Naturals
Semantic processing of module Sequences
Semantic processing of module FiniteSets
Semantic processing of module TLC
Semantic processing of module Integers
Semantic processing of module TLCExt
Semantic processing of module _TLCTrace
Semantic processing of module Github179b
Linting of module TLCExt
Linting of module _TLCTrace
Linting of module Github179b
Starting... (2026-06-11 18:23:13)
Computing initial states...
Error: Attempted to apply the operator overridden by the Java method
public static tlc2.value.impl.Value tlc2.module.TLC.Print(tlc2.value.impl.Value,tlc2.value.impl.Value),
but it produced the following error:
Attempted to check equality of integer 1 with non-integer:
{1}
Error: The error occurred when TLC was evaluating the nested
expressions at the following positions:
0. Line 13, column 1 to line 13, column 30 in Github179b
1. Line 13, column 1 to line 13, column 23 in Github179b
2. Line 9, column 27 to line 9, column 79 in Github179b
3. Line 9, column 40 to line 9, column 79 in Github179b
4. Line 9, column 43 to line 9, column 52 in Github179b


0 states generated, 0 distinct states found, 0 states left on queue.
The depth of the complete state graph search is 0.
Finished in 00s at (2026-06-11 18:23:13)

--ERR--
