TLC2 Version 2026.04.22.172729 (rev: 6320a09)
Warning: Please run the Java VM, which executes TLC with a throughput optimized garbage collector, by passing the "-XX:+UseParallelGC" property.
(Use the -nowarning option to disable this warning.)
Running breadth-first search Model-Checking with fp 99 and seed -2525608830700533769 with 1 worker on 112 cores with 30688MB heap and 64MB offheap memory [pid: 1942104] (Linux 6.8.0-111-generic amd64, Eclipse Adoptium 11.0.25 64bit, MSBDiskFPSet, DiskStateQueue).
Parsing file /tmp/tmpcnaux6cr/Github461.tla
Parsing file /tmp/tlc-15105452403503921769/Integers.tla (jar:file:/home/arslanbisharat/Documents/AI4FM/tla%20bench%20dashboard/tla2tools.jar!/tla2sany/StandardModules/Integers.tla)
Parsing file /tmp/tlc-15105452403503921769/TLC.tla (jar:file:/home/arslanbisharat/Documents/AI4FM/tla%20bench%20dashboard/tla2tools.jar!/tla2sany/StandardModules/TLC.tla)
Parsing file /tmp/tlc-15105452403503921769/_TLCTrace.tla (jar:file:/home/arslanbisharat/Documents/AI4FM/tla%20bench%20dashboard/tla2tools.jar!/tla2sany/StandardModules/_TLCTrace.tla)
Parsing file /tmp/tlc-15105452403503921769/Naturals.tla (jar:file:/home/arslanbisharat/Documents/AI4FM/tla%20bench%20dashboard/tla2tools.jar!/tla2sany/StandardModules/Naturals.tla)
Parsing file /tmp/tlc-15105452403503921769/Sequences.tla (jar:file:/home/arslanbisharat/Documents/AI4FM/tla%20bench%20dashboard/tla2tools.jar!/tla2sany/StandardModules/Sequences.tla)
Parsing file /tmp/tlc-15105452403503921769/FiniteSets.tla (jar:file:/home/arslanbisharat/Documents/AI4FM/tla%20bench%20dashboard/tla2tools.jar!/tla2sany/StandardModules/FiniteSets.tla)
Parsing file /tmp/tlc-15105452403503921769/TLCExt.tla (jar:file:/home/arslanbisharat/Documents/AI4FM/tla%20bench%20dashboard/tla2tools.jar!/tla2sany/StandardModules/TLCExt.tla)
Semantic processing of module Naturals
Semantic processing of module Integers
Semantic processing of module Sequences
Semantic processing of module FiniteSets
Semantic processing of module TLC
Semantic processing of module TLCExt
Semantic processing of module _TLCTrace
Semantic processing of module Github461
Linting of module TLCExt
Linting of module _TLCTrace
Linting of module Github461
Starting... (2026-06-11 18:23:14)
Computing initial states...
Finished computing initial states: 1 distinct state generated at 2026-06-11 18:23:14.
Error: The first argument of Assert evaluated to FALSE; the second argument was:
"Failure of assertion at line 8, column 4."
Error: The behavior up to this point is:
State 1: <Initial predicate>
x = 0

State 2: <Next line 9, col 5 to line 10, col 17 of module Github461>
x = 1

State 3: <Next line 9, col 5 to line 10, col 17 of module Github461>
x = 2

State 4: <Next line 9, col 5 to line 10, col 17 of module Github461>
x = 3

State 5: <Next line 9, col 5 to line 10, col 17 of module Github461>
x = 4

Error: The error occurred when TLC was evaluating the nested
expressions at the following positions:
0. Line 9, column 5 to line 10, column 17 in Github461
1. Line 9, column 8 to line 9, column 65 in Github461


5 states generated, 5 distinct states found, 0 states left on queue.
The depth of the complete state graph search is 5.
Finished in 00s at (2026-06-11 18:23:14)
Trace exploration spec path: ./Github461_TTrace_1781220193.tla

--ERR--
