TLC2 Version 2026.04.22.172729 (rev: 6320a09)
Warning: Please run the Java VM, which executes TLC with a throughput optimized garbage collector, by passing the "-XX:+UseParallelGC" property.
(Use the -nowarning option to disable this warning.)
Running breadth-first search Model-Checking with fp 68 and seed -4591985722604910036 with 1 worker on 112 cores with 30688MB heap and 64MB offheap memory [pid: 1942235] (Linux 6.8.0-111-generic amd64, Eclipse Adoptium 11.0.25 64bit, MSBDiskFPSet, DiskStateQueue).
Parsing file /tmp/tmp97087vf7/Github696.tla
Parsing file /tmp/tlc-16855617610272220895/Integers.tla (jar:file:/home/arslanbisharat/Documents/AI4FM/tla%20bench%20dashboard/tla2tools.jar!/tla2sany/StandardModules/Integers.tla)
Parsing file /tmp/tlc-16855617610272220895/TLCExt.tla (jar:file:/home/arslanbisharat/Documents/AI4FM/tla%20bench%20dashboard/tla2tools.jar!/tla2sany/StandardModules/TLCExt.tla)
Parsing file /tmp/tlc-16855617610272220895/TLC.tla (jar:file:/home/arslanbisharat/Documents/AI4FM/tla%20bench%20dashboard/tla2tools.jar!/tla2sany/StandardModules/TLC.tla)
Parsing file /tmp/tlc-16855617610272220895/Sequences.tla (jar:file:/home/arslanbisharat/Documents/AI4FM/tla%20bench%20dashboard/tla2tools.jar!/tla2sany/StandardModules/Sequences.tla)
Parsing file /tmp/tlc-16855617610272220895/_TLCTrace.tla (jar:file:/home/arslanbisharat/Documents/AI4FM/tla%20bench%20dashboard/tla2tools.jar!/tla2sany/StandardModules/_TLCTrace.tla)
Parsing file /tmp/tlc-16855617610272220895/Naturals.tla (jar:file:/home/arslanbisharat/Documents/AI4FM/tla%20bench%20dashboard/tla2tools.jar!/tla2sany/StandardModules/Naturals.tla)
Parsing file /tmp/tlc-16855617610272220895/FiniteSets.tla (jar:file:/home/arslanbisharat/Documents/AI4FM/tla%20bench%20dashboard/tla2tools.jar!/tla2sany/StandardModules/FiniteSets.tla)
Semantic processing of module Naturals
Semantic processing of module Integers
Semantic processing of module Sequences
Semantic processing of module FiniteSets
Semantic processing of module TLC
Semantic processing of module TLCExt
Semantic processing of module _TLCTrace
Semantic processing of module Github696
Linting of module TLCExt
Linting of module _TLCTrace
Linting of module Github696
Starting... (2026-06-11 18:23:16)
Computing initial states...
Error: Attempted to compare the differently-typed model values A_31 and B_a
While working on the initial state:
v = (A_0 :> "A_0" @@ A_1 :> "A_1" @@ A_2 :> "A_2" @@ A_3 :> "A_3" @@ A_4 :> "A_4" @@ A_5 :> "A_5" @@ A_6 :> "A_6" @@ A_7 :> "A_7" @@ A_8 :> "A_8" @@ A_9 :> "A_9" @@ A_10 :> "A_10" @@ A_11 :> "A_11" @@ A_12 :> "A_12" @@ A_13 :> "A_13" @@ A_14 :> "A_14" @@ A_15 :> "A_15" @@ A_16 :> "A_16" @@ A_17 :> "A_17" @@ A_18 :> "A_18" @@ A_19 :> "A_19" @@ A_20 :> "A_20" @@ A_21 :> "A_21" @@ A_22 :> "A_22" @@ A_23 :> "A_23" @@ A_24 :> "A_24" @@ A_25 :> "A_25" @@ A_26 :> "A_26" @@ A_27 :> "A_27" @@ A_28 :> "A_28" @@ A_29 :> "A_29" @@ A_30 :> "A_30" @@ A_31 :> "A_31" @@ A_32 :> "A_32" @@ A_33 :> "A_33" @@ A_34 :> "A_34" @@ A_35 :> "A_35" @@ A_36 :> "A_36" @@ A_37 :> "A_37" @@ A_38 :> "A_38" @@ A_39 :> "A_39" @@ A_40 :> "A_40" @@ A_41 :> "A_41" @@ A_42 :> "A_42" @@ A_43 :> "A_43" @@ A_44 :> "A_44" @@ A_45 :> "A_45" @@ A_46 :> "A_46" @@ A_47 :> "A_47" @@ A_48 :> "A_48" @@ A_49 :> "A_49" @@ A_50 :> "A_50" @@ A_51 :> "A_51" @@ A_52 :> "A_52" @@ A_53 :> "A_53" @@ A_54 :> "A_54" @@ A_55 :> "A_55" @@ A_56 :> "A_56" @@ A_57 :> "A_57" @@ A_58 :> "A_58" @@ A_59 :> "A_59" @@ A_60 :> "A_60" @@ A_61 :> "A_61" @@ A_62 :> "A_62" @@ A_63 :> "A_63")

Error: The error occurred when TLC was evaluating the nested
expressions at the following positions:
0. Line 23, column 9 to line 23, column 43 in Github696
1. Line 27, column 8 to line 27, column 33 in Github696
2. Line 27, column 12 to line 27, column 33 in Github696


1 states generated, 1 distinct states found, 1 states left on queue.
The depth of the complete state graph search is 1.
Finished in 00s at (2026-06-11 18:23:16)

--ERR--
