TLC2 Version 2026.04.22.172729 (rev: 6320a09)
Warning: Please run the Java VM, which executes TLC with a throughput optimized garbage collector, by passing the "-XX:+UseParallelGC" property.
(Use the -nowarning option to disable this warning.)
Running breadth-first search Model-Checking with fp 15 and seed -4513120827357846535 with 1 worker on 112 cores with 30688MB heap and 64MB offheap memory [pid: 1942372] (Linux 6.8.0-111-generic amd64, Eclipse Adoptium 11.0.25 64bit, MSBDiskFPSet, DiskStateQueue).
Parsing file /tmp/tmpvnw7oiw7/IncompleteNextMultipleActions.tla
Parsing file /tmp/tlc-18041697655667100799/Integers.tla (jar:file:/home/arslanbisharat/Documents/AI4FM/tla%20bench%20dashboard/tla2tools.jar!/tla2sany/StandardModules/Integers.tla)
Parsing file /tmp/tlc-18041697655667100799/TLC.tla (jar:file:/home/arslanbisharat/Documents/AI4FM/tla%20bench%20dashboard/tla2tools.jar!/tla2sany/StandardModules/TLC.tla)
Parsing file /tmp/tlc-18041697655667100799/_TLCTrace.tla (jar:file:/home/arslanbisharat/Documents/AI4FM/tla%20bench%20dashboard/tla2tools.jar!/tla2sany/StandardModules/_TLCTrace.tla)
Parsing file /tmp/tlc-18041697655667100799/Naturals.tla (jar:file:/home/arslanbisharat/Documents/AI4FM/tla%20bench%20dashboard/tla2tools.jar!/tla2sany/StandardModules/Naturals.tla)
Parsing file /tmp/tlc-18041697655667100799/Sequences.tla (jar:file:/home/arslanbisharat/Documents/AI4FM/tla%20bench%20dashboard/tla2tools.jar!/tla2sany/StandardModules/Sequences.tla)
Parsing file /tmp/tlc-18041697655667100799/FiniteSets.tla (jar:file:/home/arslanbisharat/Documents/AI4FM/tla%20bench%20dashboard/tla2tools.jar!/tla2sany/StandardModules/FiniteSets.tla)
Parsing file /tmp/tlc-18041697655667100799/TLCExt.tla (jar:file:/home/arslanbisharat/Documents/AI4FM/tla%20bench%20dashboard/tla2tools.jar!/tla2sany/StandardModules/TLCExt.tla)
Semantic processing of module Naturals
Semantic processing of module Integers
Semantic processing of module Sequences
Semantic processing of module FiniteSets
Semantic processing of module TLC
Semantic processing of module TLCExt
Semantic processing of module _TLCTrace
Semantic processing of module IncompleteNextMultipleActions
Linting of module TLCExt
Linting of module _TLCTrace
Linting of module IncompleteNextMultipleActions
Starting... (2026-06-11 18:23:17)
Computing initial states...
Finished computing initial states: 1 distinct state generated at 2026-06-11 18:23:18.
Error: Successor state is not completely specified by action A1 of the next-state relation. The following variables are not defined: y, z.

Error: The behavior up to this point is:
State 1: <Initial predicate>
/\ x = 0
/\ y = 0
/\ z = 0

State 2: <A1 line 6, col 7 to line 6, col 15 of module IncompleteNextMultipleActions>
/\ x = 1
/\ y = null
/\ z = null

2 states generated, 1 distinct states found, 0 states left on queue.
The depth of the complete state graph search is 1.
Finished in 00s at (2026-06-11 18:23:18)
Trace exploration spec path: ./IncompleteNextMultipleActions_TTrace_1781220197.tla

--ERR--
