TLC2 Version 2026.04.22.172729 (rev: 6320a09)
Warning: Please run the Java VM, which executes TLC with a throughput optimized garbage collector, by passing the "-XX:+UseParallelGC" property.
(Use the -nowarning option to disable this warning.)
Running breadth-first search Model-Checking with fp 45 and seed -6011931434261461481 with 1 worker on 112 cores with 30688MB heap and 64MB offheap memory [pid: 1942428] (Linux 6.8.0-111-generic amd64, Eclipse Adoptium 11.0.25 64bit, MSBDiskFPSet, DiskStateQueue).
Parsing file /tmp/tmpbxzxxcc8/IncompleteNext.tla
Parsing file /tmp/tlc-14954831564248315762/Integers.tla (jar:file:/home/arslanbisharat/Documents/AI4FM/tla%20bench%20dashboard/tla2tools.jar!/tla2sany/StandardModules/Integers.tla)
Parsing file /tmp/tlc-14954831564248315762/TLC.tla (jar:file:/home/arslanbisharat/Documents/AI4FM/tla%20bench%20dashboard/tla2tools.jar!/tla2sany/StandardModules/TLC.tla)
Parsing file /tmp/tlc-14954831564248315762/_TLCTrace.tla (jar:file:/home/arslanbisharat/Documents/AI4FM/tla%20bench%20dashboard/tla2tools.jar!/tla2sany/StandardModules/_TLCTrace.tla)
Parsing file /tmp/tlc-14954831564248315762/Naturals.tla (jar:file:/home/arslanbisharat/Documents/AI4FM/tla%20bench%20dashboard/tla2tools.jar!/tla2sany/StandardModules/Naturals.tla)
Parsing file /tmp/tlc-14954831564248315762/Sequences.tla (jar:file:/home/arslanbisharat/Documents/AI4FM/tla%20bench%20dashboard/tla2tools.jar!/tla2sany/StandardModules/Sequences.tla)
Parsing file /tmp/tlc-14954831564248315762/FiniteSets.tla (jar:file:/home/arslanbisharat/Documents/AI4FM/tla%20bench%20dashboard/tla2tools.jar!/tla2sany/StandardModules/FiniteSets.tla)
Parsing file /tmp/tlc-14954831564248315762/TLCExt.tla (jar:file:/home/arslanbisharat/Documents/AI4FM/tla%20bench%20dashboard/tla2tools.jar!/tla2sany/StandardModules/TLCExt.tla)
Semantic processing of module Naturals
Semantic processing of module Integers
Semantic processing of module Sequences
Semantic processing of module FiniteSets
Semantic processing of module TLC
Semantic processing of module TLCExt
Semantic processing of module _TLCTrace
Semantic processing of module IncompleteNext
Linting of module TLCExt
Linting of module _TLCTrace
Linting of module IncompleteNext
Starting... (2026-06-11 18:23:18)
Computing initial states...
Finished computing initial states: 1 distinct state generated at 2026-06-11 18:23:19.
Error: Successor state is not completely specified by the next-state action. The following variable is not defined: y.

Error: The behavior up to this point is:
State 1: <Initial predicate>
/\ x = 0
/\ y = 0

State 2: <Action line 6, col 30 to line 6, col 35 of module IncompleteNext>
/\ x = 1
/\ y = null

2 states generated, 1 distinct states found, 0 states left on queue.
The depth of the complete state graph search is 1.
Finished in 00s at (2026-06-11 18:23:19)
Trace exploration spec path: ./IncompleteNext_TTrace_1781220198.tla

--ERR--
