TLC2 Version 2026.04.22.172729 (rev: 6320a09)
Warning: Please run the Java VM, which executes TLC with a throughput optimized garbage collector, by passing the "-XX:+UseParallelGC" property.
(Use the -nowarning option to disable this warning.)
Running breadth-first search Model-Checking with fp 2 and seed -7346996537508912245 with 1 worker on 112 cores with 30688MB heap and 64MB offheap memory [pid: 1942561] (Linux 6.8.0-111-generic amd64, Eclipse Adoptium 11.0.25 64bit, MSBDiskFPSet, DiskStateQueue).
Parsing file /tmp/tmpq6ty1foa/MC.tla
Parsing file /tmp/tmpq6ty1foa/PrintTraceRace.tla
Parsing file /tmp/tlc-6554322216020010095/TLC.tla (jar:file:/home/arslanbisharat/Documents/AI4FM/tla%20bench%20dashboard/tla2tools.jar!/tla2sany/StandardModules/TLC.tla)
Parsing file /tmp/tlc-6554322216020010095/_TLCTrace.tla (jar:file:/home/arslanbisharat/Documents/AI4FM/tla%20bench%20dashboard/tla2tools.jar!/tla2sany/StandardModules/_TLCTrace.tla)
Parsing file /tmp/tlc-6554322216020010095/Naturals.tla (jar:file:/home/arslanbisharat/Documents/AI4FM/tla%20bench%20dashboard/tla2tools.jar!/tla2sany/StandardModules/Naturals.tla)
Parsing file /tmp/tlc-6554322216020010095/Sequences.tla (jar:file:/home/arslanbisharat/Documents/AI4FM/tla%20bench%20dashboard/tla2tools.jar!/tla2sany/StandardModules/Sequences.tla)
Parsing file /tmp/tlc-6554322216020010095/FiniteSets.tla (jar:file:/home/arslanbisharat/Documents/AI4FM/tla%20bench%20dashboard/tla2tools.jar!/tla2sany/StandardModules/FiniteSets.tla)
Parsing file /tmp/tlc-6554322216020010095/TLCExt.tla (jar:file:/home/arslanbisharat/Documents/AI4FM/tla%20bench%20dashboard/tla2tools.jar!/tla2sany/StandardModules/TLCExt.tla)
Parsing file /tmp/tlc-6554322216020010095/Integers.tla (jar:file:/home/arslanbisharat/Documents/AI4FM/tla%20bench%20dashboard/tla2tools.jar!/tla2sany/StandardModules/Integers.tla)
Semantic processing of module Naturals
Semantic processing of module Sequences
Semantic processing of module PrintTraceRace
Semantic processing of module FiniteSets
Semantic processing of module TLC
Semantic processing of module Integers
Semantic processing of module TLCExt
Semantic processing of module _TLCTrace
Semantic processing of module MC
Linting of module PrintTraceRace
Linting of module TLCExt
Linting of module _TLCTrace
Linting of module MC
Starting... (2026-06-11 18:23:19)
Computing initial states...
Finished computing initial states: 1 distinct state generated at 2026-06-11 18:23:20.
Error: Evaluating invariant inv_143958263807437000 failed.
Attempted to check equality of the set {1, 2} with the value:
1
Error: The behavior up to this point is:
State 1: <Initial predicate>
S = [q |-> <<>>, i |-> 1]

State 2: <Send line 11, col 9 to line 12, col 66 of module PrintTraceRace>
S = [q |-> <<1>>, i |-> 2]

2 states generated, 2 distinct states found, 0 states left on queue.
The depth of the complete state graph search is 2.
The average outdegree of the complete state graph is 1 (minimum is 1, the maximum 1 and the 95th percentile is 1).
Finished in 00s at (2026-06-11 18:23:20)
Trace exploration spec path: ./MC_TTrace_1781220199.tla

--ERR--
