TLC2 Version 2026.04.22.172729 (rev: 6320a09)
Warning: Please run the Java VM, which executes TLC with a throughput optimized garbage collector, by passing the "-XX:+UseParallelGC" property.
(Use the -nowarning option to disable this warning.)
Running breadth-first search Model-Checking with fp 87 and seed 2972269466253792613 with 1 worker on 112 cores with 30688MB heap and 64MB offheap memory [pid: 1942766] (Linux 6.8.0-111-generic amd64, Eclipse Adoptium 11.0.25 64bit, MSBDiskFPSet, DiskStateQueue).
Parsing file /tmp/tmppsm_btr3/TLCGetNamedUndefined.tla
Parsing file /tmp/tlc-7259784152990059420/TLC.tla (jar:file:/home/arslanbisharat/Documents/AI4FM/tla%20bench%20dashboard/tla2tools.jar!/tla2sany/StandardModules/TLC.tla)
Parsing file /tmp/tlc-7259784152990059420/_TLCTrace.tla (jar:file:/home/arslanbisharat/Documents/AI4FM/tla%20bench%20dashboard/tla2tools.jar!/tla2sany/StandardModules/_TLCTrace.tla)
Parsing file /tmp/tlc-7259784152990059420/Naturals.tla (jar:file:/home/arslanbisharat/Documents/AI4FM/tla%20bench%20dashboard/tla2tools.jar!/tla2sany/StandardModules/Naturals.tla)
Parsing file /tmp/tlc-7259784152990059420/Sequences.tla (jar:file:/home/arslanbisharat/Documents/AI4FM/tla%20bench%20dashboard/tla2tools.jar!/tla2sany/StandardModules/Sequences.tla)
Parsing file /tmp/tlc-7259784152990059420/FiniteSets.tla (jar:file:/home/arslanbisharat/Documents/AI4FM/tla%20bench%20dashboard/tla2tools.jar!/tla2sany/StandardModules/FiniteSets.tla)
Parsing file /tmp/tlc-7259784152990059420/TLCExt.tla (jar:file:/home/arslanbisharat/Documents/AI4FM/tla%20bench%20dashboard/tla2tools.jar!/tla2sany/StandardModules/TLCExt.tla)
Parsing file /tmp/tlc-7259784152990059420/Integers.tla (jar:file:/home/arslanbisharat/Documents/AI4FM/tla%20bench%20dashboard/tla2tools.jar!/tla2sany/StandardModules/Integers.tla)
Semantic processing of module Naturals
Semantic processing of module Sequences
Semantic processing of module FiniteSets
Semantic processing of module TLC
Semantic processing of module Integers
Semantic processing of module TLCExt
Semantic processing of module _TLCTrace
Semantic processing of module TLCGetNamedUndefined
Linting of module TLCExt
Linting of module _TLCTrace
Linting of module TLCGetNamedUndefined
Starting... (2026-06-11 18:23:22)
Error: The configuration file substitutes constant A with non-constant diameter - specifically: Attempted to apply the operator overridden by the Java method
public static tlc2.value.impl.Value tlc2.module.TLCGetSet.TLCGetEval(tlc2.tool.impl.Tool,tla2sany.semantic.ExprOrOpArgNode[],tlc2.util.Context,tlc2.tool.TLCState,tlc2.tool.TLCState,int,tlc2.tool.coverage.CostModel),
but it produced the following error:
TLCGet(diameter) was undefined.
Finished in 00s at (2026-06-11 18:23:22)

--ERR--
