TLC2 Version 2026.04.22.172729 (rev: 6320a09)
Warning: Please run the Java VM, which executes TLC with a throughput optimized garbage collector, by passing the "-XX:+UseParallelGC" property.
(Use the -nowarning option to disable this warning.)
Running breadth-first search Model-Checking with fp 83 and seed -53298460403368502 with 1 worker on 112 cores with 30688MB heap and 64MB offheap memory [pid: 1942878] (Linux 6.8.0-111-generic amd64, Eclipse Adoptium 11.0.25 64bit, MSBDiskFPSet, DiskStateQueue).
Parsing file /tmp/tmpibajbf91/MC.tla
Parsing file /tmp/tmpibajbf91/TSnapShot.tla
Parsing file /tmp/tlc-10385021836878997019/TLC.tla (jar:file:/home/arslanbisharat/Documents/AI4FM/tla%20bench%20dashboard/tla2tools.jar!/tla2sany/StandardModules/TLC.tla)
Parsing file /tmp/tlc-10385021836878997019/_TLCTrace.tla (jar:file:/home/arslanbisharat/Documents/AI4FM/tla%20bench%20dashboard/tla2tools.jar!/tla2sany/StandardModules/_TLCTrace.tla)
Parsing file /tmp/tlc-10385021836878997019/Integers.tla (jar:file:/home/arslanbisharat/Documents/AI4FM/tla%20bench%20dashboard/tla2tools.jar!/tla2sany/StandardModules/Integers.tla)
Parsing file /tmp/tlc-10385021836878997019/Naturals.tla (jar:file:/home/arslanbisharat/Documents/AI4FM/tla%20bench%20dashboard/tla2tools.jar!/tla2sany/StandardModules/Naturals.tla)
Parsing file /tmp/tlc-10385021836878997019/Sequences.tla (jar:file:/home/arslanbisharat/Documents/AI4FM/tla%20bench%20dashboard/tla2tools.jar!/tla2sany/StandardModules/Sequences.tla)
Parsing file /tmp/tlc-10385021836878997019/FiniteSets.tla (jar:file:/home/arslanbisharat/Documents/AI4FM/tla%20bench%20dashboard/tla2tools.jar!/tla2sany/StandardModules/FiniteSets.tla)
Parsing file /tmp/tlc-10385021836878997019/TLCExt.tla (jar:file:/home/arslanbisharat/Documents/AI4FM/tla%20bench%20dashboard/tla2tools.jar!/tla2sany/StandardModules/TLCExt.tla)
Semantic processing of module Naturals
Semantic processing of module Integers
Semantic processing of module Sequences
Semantic processing of module FiniteSets
Semantic processing of module TLC
Semantic processing of module TSnapShot
Semantic processing of module TLCExt
Semantic processing of module _TLCTrace
Semantic processing of module MC
Linting of module TSnapShot
Linting of module TLCExt
Linting of module _TLCTrace
Linting of module MC
Starting... (2026-06-11 18:23:23)
<<"$!@$!@$!@$!@$!", TRUE>>
Computing initial states...
Finished computing initial states: 1 distinct state generated at 2026-06-11 18:23:24.
Error: Evaluating invariant inv_1446808092494114000 failed.
Attempted to check if 
0
which is not a TLC function value, is in the set of functions:
{(w1 :> 0), (w1 :> 1), (w1 :> 2)}
Error: The behavior up to this point is:
State 1: <Initial predicate>
/\ moved = (w1 :> (w1 :> FALSE) @@ r1 :> (w1 :> FALSE))
/\ rwstate = (w1 :> (w1 :> 0) @@ r1 :> (w1 :> 0))
/\ snap = (w1 :> (w1 :> 0))
/\ rd1 = (w1 :> (w1 :> 0) @@ r1 :> (w1 :> 0))
/\ rd2 = (w1 :> (w1 :> 0) @@ r1 :> (w1 :> 0))
/\ wstate = (w1 :> "idle")
/\ iwriter = (w1 :> 0)
/\ view2 = (w1 :> (w1 :> (w1 :> 0)) @@ r1 :> (w1 :> (w1 :> 0)))
/\ notRd1 = (w1 :> {w1} @@ r1 :> {w1})
/\ notRd2 = (w1 :> {w1} @@ r1 :> {w1})
/\ rstate = (r1 :> (w1 :> 0))
/\ mem = (w1 :> 0)

State 2: <BeginRead(r1) line 99, col 17 to line 103, col 67 of module TSnapShot>
/\ moved = (w1 :> (w1 :> FALSE) @@ r1 :> (w1 :> FALSE))
/\ rwstate = (w1 :> (w1 :> 0) @@ r1 :> (w1 :> -1))
/\ snap = (w1 :> (w1 :> 0))
/\ rd1 = (w1 :> (w1 :> 0) @@ r1 :> (w1 :> 0))
/\ rd2 = (w1 :> (w1 :> 0) @@ r1 :> (w1 :> 0))
/\ wstate = (w1 :> "idle")
/\ iwriter = (w1 :> 0)
/\ view2 = (w1 :> (w1 :> (w1 :> 0)) @@ r1 :> (w1 :> (w1 :> 0)))
/\ notRd1 = (w1 :> {w1} @@ r1 :> {w1})
/\ notRd2 = (w1 :> {w1} @@ r1 :> {w1})
/\ rstate = (r1 :> (w1 :> -1))
/\ mem = (w1 :> 0)

State 3: <DoRd1(r1) line 107, col 13 to line 112, col 40 of module TSnapShot>
/\ moved = (w1 :> (w1 :> FALSE) @@ r1 :> (w1 :> FALSE))
/\ rwstate = (w1 :> (w1 :> 0) @@ r1 :> (w1 :> -1))
/\ snap = (w1 :> (w1 :> 0))
/\ rd1 = (w1 :> (w1 :> 0) @@ r1 :> (w1 :> 0))
/\ rd2 = (w1 :> (w1 :> 0) @@ r1 :> (w1 :> 0))
/\ wstate = (w1 :> "idle")
/\ iwriter = (w1 :> 0)
/\ view2 = (w1 :> (w1 :> (w1 :> 0)) @@ r1 :> (w1 :> (w1 :> 0)))
/\ notRd1 = (w1 :> {w1} @@ r1 :> {})
/\ notRd2 = (w1 :> {w1} @@ r1 :> {w1})
/\ rstate = (r1 :> (w1 :> -1))
/\ mem = (w1 :> 0)

State 4: <TryEnding(r1) line 121, col 17 to line 141, col 59 of module TSnapShot>
/\ moved = (w1 :> (w1 :> FALSE) @@ r1 :> (w1 :> FALSE))
/\ rwstate = (w1 :> (w1 :> 0) @@ r1 :> (w1 :> 0))
/\ snap = (w1 :> (w1 :> 0))
/\ rd1 = (w1 :> (w1 :> 0) @@ r1 :> (w1 :> 0))
/\ rd2 = (w1 :> (w1 :> 0) @@ r1 :> (w1 :> 0))
/\ wstate = (w1 :> "idle")
/\ iwriter = (w1 :> 0)
/\ view2 = (w1 :> (w1 :> (w1 :> 0)) @@ r1 :> (w1 :> 0))
/\ notRd1 = (w1 :> {w1} @@ r1 :> {w1})
/\ notRd2 = (w1 :> {w1} @@ r1 :> {w1})
/\ rstate = (r1 :> (w1 :> 0))
/\ mem = (w1 :> 0)

14 states generated, 10 distinct states found, 3 states left on queue.
The depth of the complete state graph search is 4.
The average outdegree of the complete state graph is 2 (minimum is 1, the maximum 2 and the 95th percentile is 2).
Finished in 00s at (2026-06-11 18:23:24)
Trace exploration spec path: ./MC_TTrace_1781220203.tla

--ERR--
