TLC2 Version 2026.04.22.172729 (rev: 6320a09)
Warning: Please run the Java VM, which executes TLC with a throughput optimized garbage collector, by passing the "-XX:+UseParallelGC" property.
(Use the -nowarning option to disable this warning.)
Running breadth-first search Model-Checking with fp 6 and seed 747565696817492493 with 1 worker on 112 cores with 30688MB heap and 64MB offheap memory [pid: 1929309] (Linux 6.8.0-111-generic amd64, Eclipse Adoptium 11.0.25 64bit, MSBDiskFPSet, DiskStateQueue).
Parsing file /tmp/tmpqcy48t7l/DieHard_MC.tla
Parsing file /tmp/tmpqcy48t7l/DieHard.tla
Parsing file /tmp/tlc-12904435863171704841/_TLCTrace.tla (jar:file:/home/arslanbisharat/Documents/AI4FM/tla%20bench%20dashboard/tla2tools.jar!/tla2sany/StandardModules/_TLCTrace.tla)
Parsing file /tmp/tlc-12904435863171704841/TLC.tla (jar:file:/home/arslanbisharat/Documents/AI4FM/tla%20bench%20dashboard/tla2tools.jar!/tla2sany/StandardModules/TLC.tla)
Parsing file /tmp/tlc-12904435863171704841/Integers.tla (jar:file:/home/arslanbisharat/Documents/AI4FM/tla%20bench%20dashboard/tla2tools.jar!/tla2sany/StandardModules/Integers.tla)
Parsing file /tmp/tlc-12904435863171704841/Naturals.tla (jar:file:/home/arslanbisharat/Documents/AI4FM/tla%20bench%20dashboard/tla2tools.jar!/tla2sany/StandardModules/Naturals.tla)
Parsing file /tmp/tlc-12904435863171704841/Sequences.tla (jar:file:/home/arslanbisharat/Documents/AI4FM/tla%20bench%20dashboard/tla2tools.jar!/tla2sany/StandardModules/Sequences.tla)
Parsing file /tmp/tlc-12904435863171704841/FiniteSets.tla (jar:file:/home/arslanbisharat/Documents/AI4FM/tla%20bench%20dashboard/tla2tools.jar!/tla2sany/StandardModules/FiniteSets.tla)
Parsing file /tmp/tlc-12904435863171704841/TLCExt.tla (jar:file:/home/arslanbisharat/Documents/AI4FM/tla%20bench%20dashboard/tla2tools.jar!/tla2sany/StandardModules/TLCExt.tla)
Semantic processing of module Naturals
Semantic processing of module Sequences
Semantic processing of module FiniteSets
Semantic processing of module TLC
Semantic processing of module Integers
Semantic processing of module DieHard
Semantic processing of module TLCExt
Semantic processing of module _TLCTrace
Semantic processing of module DieHard_MC
Linting of module DieHard
Linting of module TLCExt
Linting of module _TLCTrace
Linting of module DieHard_MC
Starting... (2026-06-11 18:17:05)
Computing initial states...
Finished computing initial states: 1 distinct state generated at 2026-06-11 18:17:05.
Error: Invariant BigJarNot4 is violated.
Error: The behavior up to this point is:
State 1: <Initial predicate>
/\ big = 0
/\ small = 0

State 2: <FillBig line 15, col 12 to line 15, col 42 of module DieHard>
/\ big = 5
/\ small = 0

State 3: <BigToSmall line 27, col 15 to line 31, col 55 of module DieHard>
/\ big = 2
/\ small = 3

State 4: <EmptySmall line 17, col 15 to line 17, col 38 of module DieHard>
/\ big = 2
/\ small = 0

State 5: <BigToSmall line 27, col 15 to line 31, col 55 of module DieHard>
/\ big = 0
/\ small = 2

State 6: <FillBig line 15, col 12 to line 15, col 42 of module DieHard>
/\ big = 5
/\ small = 2

State 7: <BigToSmall line 27, col 15 to line 31, col 55 of module DieHard>
/\ big = 4
/\ small = 3

73 states generated, 14 distinct states found, 1 states left on queue.
The depth of the complete state graph search is 7.
Finished in 00s at (2026-06-11 18:17:05)
Trace exploration spec path: ./DieHard_MC_TTrace_1781219824.tla

--STDERR--
