TLC2 Version 2026.04.22.172729 (rev: 6320a09)
Warning: Please run the Java VM, which executes TLC with a throughput optimized garbage collector, by passing the "-XX:+UseParallelGC" property.
(Use the -nowarning option to disable this warning.)
Running breadth-first search Model-Checking with fp 7 and seed -2274008438871996935 with 1 worker on 112 cores with 30688MB heap and 64MB offheap memory [pid: 1938125] (Linux 6.8.0-111-generic amd64, Eclipse Adoptium 11.0.25 64bit, MSBDiskFPSet, DiskStateQueue).
Parsing file /tmp/tmpkha9pbj0/Traceccfraft.tla
Parsing file /tmp/tmpkha9pbj0/ccfraft.tla
Parsing file /tmp/tlc-3074043028755841482/Json.tla (jar:file:/home/arslanbisharat/Documents/AI4FM/tla%20bench%20dashboard/tla2tools.jar!/tla2sany/StandardModules/Json.tla)
Parsing file /tmp/tmpkha9pbj0/IOUtils.tla
Parsing file /tmp/tlc-3074043028755841482/Sequences.tla (jar:file:/home/arslanbisharat/Documents/AI4FM/tla%20bench%20dashboard/tla2tools.jar!/tla2sany/StandardModules/Sequences.tla)
Parsing file /tmp/tmpkha9pbj0/MCAliases.tla
Parsing file /tmp/tlc-3074043028755841482/_TLCTrace.tla (jar:file:/home/arslanbisharat/Documents/AI4FM/tla%20bench%20dashboard/tla2tools.jar!/tla2sany/StandardModules/_TLCTrace.tla)
Parsing file /tmp/tlc-3074043028755841482/Naturals.tla (jar:file:/home/arslanbisharat/Documents/AI4FM/tla%20bench%20dashboard/tla2tools.jar!/tla2sany/StandardModules/Naturals.tla)
Parsing file /tmp/tlc-3074043028755841482/FiniteSets.tla (jar:file:/home/arslanbisharat/Documents/AI4FM/tla%20bench%20dashboard/tla2tools.jar!/tla2sany/StandardModules/FiniteSets.tla)
Parsing file /tmp/tlc-3074043028755841482/TLC.tla (jar:file:/home/arslanbisharat/Documents/AI4FM/tla%20bench%20dashboard/tla2tools.jar!/tla2sany/StandardModules/TLC.tla)
Parsing file /tmp/tmpkha9pbj0/FiniteSetsExt.tla
Parsing file /tmp/tmpkha9pbj0/SequencesExt.tla
Parsing file /tmp/tmpkha9pbj0/Functions.tla
Parsing file /tmp/tlc-3074043028755841482/Integers.tla (jar:file:/home/arslanbisharat/Documents/AI4FM/tla%20bench%20dashboard/tla2tools.jar!/tla2sany/StandardModules/Integers.tla)
Parsing file /tmp/tmpkha9pbj0/Folds.tla
Parsing file /tmp/tlc-3074043028755841482/Bags.tla (jar:file:/home/arslanbisharat/Documents/AI4FM/tla%20bench%20dashboard/tla2tools.jar!/tla2sany/StandardModules/Bags.tla)
Parsing file /tmp/tmpkha9pbj0/Network.tla
Parsing file /tmp/tmpkha9pbj0/abs.tla
Parsing file /tmp/tmpkha9pbj0/Relation.tla
Parsing file /tmp/tlc-3074043028755841482/TLCExt.tla (jar:file:/home/arslanbisharat/Documents/AI4FM/tla%20bench%20dashboard/tla2tools.jar!/tla2sany/StandardModules/TLCExt.tla)
Semantic processing of module Naturals
Semantic processing of module Sequences
Semantic processing of module FiniteSets
Semantic processing of module TLC
Semantic processing of module Integers
Semantic processing of module Folds
Semantic processing of module Functions
Semantic processing of module FiniteSetsExt
Semantic processing of module Bags
Semantic processing of module SequencesExt
Semantic processing of module Network
Semantic processing of module Relation
Semantic processing of module abs
Semantic processing of module ccfraft
Semantic processing of module Json
Semantic processing of module IOUtils
Semantic processing of module TLCExt
Semantic processing of module MCAliases
Semantic processing of module _TLCTrace
Semantic processing of module Traceccfraft
Linting of module Folds
Linting of module Functions
Linting of module FiniteSetsExt
Linting of module SequencesExt
Linting of module Network
Linting of module Relation
Linting of module abs
Linting of module ccfraft
Linting of module Json
Linting of module IOUtils
Linting of module TLCExt
Linting of module MCAliases
Linting of module _TLCTrace
Linting of module Traceccfraft
Starting... (2026-06-11 18:22:12)
Warning: The invariant TraceDifferentialInv is a constant-level formula (i.e., it contains no variables, primes, or temporal operators) and evaluates to TRUE. To assert constant-level formulas in your spec, use ASSUME ConstInv. If you optionally want to give the assumption a name, write ASSUME YourAssumption == ConstInv instead. See https://explain.tlapl.us/assumptions-and-invariants for additional details.
Implied-temporal checking--satisfiability problem has 1 branches.
Error: Evaluating assumption line 105, col 8 to line 105, col 44 of module ccfraft failed.
Attempted to apply the operator overridden by the Java method
public static tlc2.value.impl.Value tlc2.module.TLCEval.tlcEval(tlc2.tool.impl.Tool,tla2sany.semantic.ExprOrOpArgNode[],tlc2.util.Context,tlc2.tool.TLCState,tlc2.tool.TLCState,int,tlc2.tool.coverage.CostModel),
but it produced the following error:
Attempted to enumerate a set of the form [D -> R],but the domain D:
STRING
cannot be enumerated.
Finished in 01s at (2026-06-11 18:22:12)

--ERR--
