TLC2 Version 2026.04.22.172729 (rev: 6320a09)
Warning: Please run the Java VM, which executes TLC with a throughput optimized garbage collector, by passing the "-XX:+UseParallelGC" property.
(Use the -nowarning option to disable this warning.)
Running breadth-first search Model-Checking with fp 1 and seed 8832202700755315158 with 1 worker on 112 cores with 30688MB heap and 64MB offheap memory [pid: 1938268] (Linux 6.8.0-111-generic amd64, Eclipse Adoptium 11.0.25 64bit, MSBDiskFPSet, DiskStateQueue).
Parsing file /tmp/tmpm_6lb8pv/TraceMultiNodeReads.tla
Parsing file /tmp/tmpm_6lb8pv/MultiNodeReads.tla
Parsing file /tmp/tlc-8404188231071707702/Json.tla (jar:file:/home/arslanbisharat/Documents/AI4FM/tla%20bench%20dashboard/tla2tools.jar!/tla2sany/StandardModules/Json.tla)
Parsing file /tmp/tmpm_6lb8pv/IOUtils.tla
Parsing file /tmp/tlc-8404188231071707702/Sequences.tla (jar:file:/home/arslanbisharat/Documents/AI4FM/tla%20bench%20dashboard/tla2tools.jar!/tla2sany/StandardModules/Sequences.tla)
Parsing file /tmp/tmpm_6lb8pv/SequencesExt.tla
Parsing file /tmp/tlc-8404188231071707702/_TLCTrace.tla (jar:file:/home/arslanbisharat/Documents/AI4FM/tla%20bench%20dashboard/tla2tools.jar!/tla2sany/StandardModules/_TLCTrace.tla)
Parsing file /tmp/tmpm_6lb8pv/SingleNodeReads.tla
Parsing file /tmp/tmpm_6lb8pv/MultiNode.tla
Parsing file /tmp/tmpm_6lb8pv/SingleNode.tla
Parsing file /tmp/tmpm_6lb8pv/ExternalHistoryInvars.tla
Parsing file /tmp/tlc-8404188231071707702/TLC.tla (jar:file:/home/arslanbisharat/Documents/AI4FM/tla%20bench%20dashboard/tla2tools.jar!/tla2sany/StandardModules/TLC.tla)
Parsing file /tmp/tmpm_6lb8pv/ExternalHistory.tla
Parsing file /tmp/tlc-8404188231071707702/Naturals.tla (jar:file:/home/arslanbisharat/Documents/AI4FM/tla%20bench%20dashboard/tla2tools.jar!/tla2sany/StandardModules/Naturals.tla)
Parsing file /tmp/tlc-8404188231071707702/FiniteSets.tla (jar:file:/home/arslanbisharat/Documents/AI4FM/tla%20bench%20dashboard/tla2tools.jar!/tla2sany/StandardModules/FiniteSets.tla)
Parsing file /tmp/tmpm_6lb8pv/FiniteSetsExt.tla
Parsing file /tmp/tmpm_6lb8pv/Folds.tla
Parsing file /tmp/tmpm_6lb8pv/Functions.tla
Parsing file /tmp/tlc-8404188231071707702/Bags.tla (jar:file:/home/arslanbisharat/Documents/AI4FM/tla%20bench%20dashboard/tla2tools.jar!/tla2sany/StandardModules/Bags.tla)
Parsing file /tmp/tlc-8404188231071707702/Integers.tla (jar:file:/home/arslanbisharat/Documents/AI4FM/tla%20bench%20dashboard/tla2tools.jar!/tla2sany/StandardModules/Integers.tla)
Parsing file /tmp/tlc-8404188231071707702/TLCExt.tla (jar:file:/home/arslanbisharat/Documents/AI4FM/tla%20bench%20dashboard/tla2tools.jar!/tla2sany/StandardModules/TLCExt.tla)
Semantic processing of module Naturals
Semantic processing of module Sequences
Semantic processing of module FiniteSets
Semantic processing of module Integers
Semantic processing of module Folds
Semantic processing of module Functions
Semantic processing of module FiniteSetsExt
Semantic processing of module TLC
Semantic processing of module Bags
Semantic processing of module SequencesExt
Semantic processing of module ExternalHistory
Semantic processing of module ExternalHistoryInvars
Semantic processing of module SingleNode
Semantic processing of module SingleNodeReads
Semantic processing of module MultiNode
Semantic processing of module MultiNodeReads
Semantic processing of module Json
Semantic processing of module IOUtils
Semantic processing of module TLCExt
Semantic processing of module _TLCTrace
Semantic processing of module TraceMultiNodeReads
Linting of module Folds
Linting of module Functions
Linting of module FiniteSetsExt
Linting of module SequencesExt
Linting of module ExternalHistory
Linting of module ExternalHistoryInvars
Linting of module SingleNode
Linting of module SingleNodeReads
Linting of module MultiNode
Linting of module MultiNodeReads
Linting of module Json
Linting of module IOUtils
Linting of module TLCExt
Linting of module _TLCTrace
Linting of module TraceMultiNodeReads
Starting... (2026-06-11 18:22:13)
Implied-temporal checking--satisfiability problem has 1 branches.
Computing initial states...
Error: Attempted to enumerate a set of the form [D -> R],but the domain D:
STRING
cannot be enumerated.
While working on the initial state:
/\ history = <<>>
/\ l = 1
/\ ledgerBranches = <<<<>>, <<>>>>

Error: TLC was unable to fingerprint.

Fingerprint Stack Trace:
0. Line 28, column 5 to line 29, column 11 in TraceMultiNodeReads
1. Line 28, column 8 to line 28, column 12 in TraceMultiNodeReads
2. Line 29, column 8 to line 29, column 11 in TraceMultiNodeReads
3. Line 35, column 5 to line 36, column 56 in SingleNode
4. Line 35, column 8 to line 35, column 21 in SingleNode
5. Line 36, column 8 to line 36, column 56 in SingleNode
6. Line 185, column 5 to line 185, column 44 in TraceMultiNodeReads
7. Line 185, column 5 to line 185, column 20 in TraceMultiNodeReads
8. Line 185, column 9 to line 185, column 20 in TraceMultiNodeReads
9. Line 185, column 13 to line 185, column 19 in TraceMultiNodeReads
10. Line 23, column 5 to line 23, column 31 in TraceMultiNodeReads
11. Line 23, column 23 to line 23, column 30 in TraceMultiNodeReads
12. Line 15, column 5 to line 15, column 66 in TraceMultiNodeReads
13. Line 15, column 8 to line 15, column 30 in TraceMultiNodeReads
14. Line 15, column 19 to line 15, column 30 in TraceMultiNodeReads
15. Line 15, column 26 to line 15, column 30 in TraceMultiNodeReads
16. Line 111, column 3 to line 111, column 40 in IOUtils
17. Line 111, column 16 to line 111, column 33 in IOUtils


Reason:
Attempted to enumerate a set of the form [D -> R],but the domain D:
STRING
cannot be enumerated.
1 states generated, 0 distinct states found, 0 states left on queue.
The depth of the complete state graph search is 1.
Finished in 00s at (2026-06-11 18:22:13)

--ERR--
