TLC2 Version 2026.04.22.172729 (rev: 6320a09)
Warning: Please run the Java VM, which executes TLC with a throughput optimized garbage collector, by passing the "-XX:+UseParallelGC" property.
(Use the -nowarning option to disable this warning.)
Running breadth-first search Model-Checking with fp 104 and seed 2415033470386161827 with 1 worker on 112 cores with 30688MB heap and 64MB offheap memory [pid: 1938347] (Linux 6.8.0-111-generic amd64, Eclipse Adoptium 11.0.25 64bit, MSBDiskFPSet, DiskStateQueue).
Parsing file /tmp/tmp0lxi616j/APChameneos.tla
Parsing file /tmp/tlc-17932959226928093459/Integers.tla (jar:file:/home/arslanbisharat/Documents/AI4FM/tla%20bench%20dashboard/tla2tools.jar!/tla2sany/StandardModules/Integers.tla)
Parsing file /tmp/tlc-17932959226928093459/_TLCTrace.tla (jar:file:/home/arslanbisharat/Documents/AI4FM/tla%20bench%20dashboard/tla2tools.jar!/tla2sany/StandardModules/_TLCTrace.tla)
Parsing file /tmp/tlc-17932959226928093459/Naturals.tla (jar:file:/home/arslanbisharat/Documents/AI4FM/tla%20bench%20dashboard/tla2tools.jar!/tla2sany/StandardModules/Naturals.tla)
Parsing file /tmp/tmp0lxi616j/Chameneos.tla
Parsing file /tmp/tlc-17932959226928093459/TLC.tla (jar:file:/home/arslanbisharat/Documents/AI4FM/tla%20bench%20dashboard/tla2tools.jar!/tla2sany/StandardModules/TLC.tla)
Parsing file /tmp/tlc-17932959226928093459/TLCExt.tla (jar:file:/home/arslanbisharat/Documents/AI4FM/tla%20bench%20dashboard/tla2tools.jar!/tla2sany/StandardModules/TLCExt.tla)
Parsing file /tmp/tlc-17932959226928093459/Sequences.tla (jar:file:/home/arslanbisharat/Documents/AI4FM/tla%20bench%20dashboard/tla2tools.jar!/tla2sany/StandardModules/Sequences.tla)
Parsing file /tmp/tlc-17932959226928093459/FiniteSets.tla (jar:file:/home/arslanbisharat/Documents/AI4FM/tla%20bench%20dashboard/tla2tools.jar!/tla2sany/StandardModules/FiniteSets.tla)
Semantic processing of module Naturals
Semantic processing of module Integers
Semantic processing of module Sequences
Semantic processing of module FiniteSets
Semantic processing of module TLC
Semantic processing of module TLCExt
Semantic processing of module _TLCTrace
Semantic processing of module Chameneos
Semantic processing of module APChameneos
*** Warnings: 1

line 35, col 1 to line 35, col 18 of module APChameneos

Multiple declarations or definitions for symbol Sum.  
This duplicates the one at line 31, col 1 to line 33, col 54 of module APChameneos.



Linting of module TLCExt
Linting of module _TLCTrace
Linting of module Chameneos
Linting of module APChameneos
Starting... (2026-06-11 18:22:14)
Computing initial states...
Error: TLC attempted to evaluate an unbounded CHOOSE.
Make sure that the expression is of form CHOOSE x \in S: P(x).
line 34, col 22 to line 34, col 52 of module Chameneos
Error: The error occurred when TLC was evaluating the nested
expressions at the following positions:
0. Line 35, column 1 to line 35, column 18 in APChameneos
1. Line 43, column 9 to line 45, column 26 in Chameneos
2. Line 43, column 12 to line 43, column 56 in Chameneos
3. Line 44, column 12 to line 44, column 43 in Chameneos
4. Line 44, column 27 to line 44, column 43 in Chameneos
5. Line 34, column 22 to line 34, column 52 in Chameneos


0 states generated, 0 distinct states found, 0 states left on queue.
The depth of the complete state graph search is 0.
Finished in 00s at (2026-06-11 18:22:14)

--ERR--
