TLC2 Version 2026.04.22.172729 (rev: 6320a09)
Warning: Please run the Java VM, which executes TLC with a throughput optimized garbage collector, by passing the "-XX:+UseParallelGC" property.
(Use the -nowarning option to disable this warning.)
Running breadth-first search Model-Checking with fp 9 and seed 2058957315741640885 with 1 worker on 112 cores with 30688MB heap and 64MB offheap memory [pid: 1929378] (Linux 6.8.0-111-generic amd64, Eclipse Adoptium 11.0.25 64bit, MSBDiskFPSet, DiskStateQueue).
Parsing file /tmp/tmponkdwoje/DieHard.tla
Parsing file /tmp/tlc-13359712172494199190/Naturals.tla (jar:file:/home/arslanbisharat/Documents/AI4FM/tla%20bench%20dashboard/tla2tools.jar!/tla2sany/StandardModules/Naturals.tla)
Parsing file /tmp/tlc-13359712172494199190/_TLCTrace.tla (jar:file:/home/arslanbisharat/Documents/AI4FM/tla%20bench%20dashboard/tla2tools.jar!/tla2sany/StandardModules/_TLCTrace.tla)
Parsing file /tmp/tlc-13359712172494199190/TLC.tla (jar:file:/home/arslanbisharat/Documents/AI4FM/tla%20bench%20dashboard/tla2tools.jar!/tla2sany/StandardModules/TLC.tla)
Parsing file /tmp/tlc-13359712172494199190/TLCExt.tla (jar:file:/home/arslanbisharat/Documents/AI4FM/tla%20bench%20dashboard/tla2tools.jar!/tla2sany/StandardModules/TLCExt.tla)
Parsing file /tmp/tlc-13359712172494199190/Sequences.tla (jar:file:/home/arslanbisharat/Documents/AI4FM/tla%20bench%20dashboard/tla2tools.jar!/tla2sany/StandardModules/Sequences.tla)
Parsing file /tmp/tlc-13359712172494199190/FiniteSets.tla (jar:file:/home/arslanbisharat/Documents/AI4FM/tla%20bench%20dashboard/tla2tools.jar!/tla2sany/StandardModules/FiniteSets.tla)
Parsing file /tmp/tlc-13359712172494199190/Integers.tla (jar:file:/home/arslanbisharat/Documents/AI4FM/tla%20bench%20dashboard/tla2tools.jar!/tla2sany/StandardModules/Integers.tla)
Semantic processing of module Naturals
Semantic processing of module Sequences
Semantic processing of module FiniteSets
Semantic processing of module TLC
Semantic processing of module Integers
Semantic processing of module TLCExt
Semantic processing of module _TLCTrace
Semantic processing of module DieHard
Linting of module TLCExt
Linting of module _TLCTrace
Linting of module DieHard
Starting... (2026-06-11 18:17:06)
Computing initial states...
Finished computing initial states: 1 distinct state generated at 2026-06-11 18:17:06.
Error: Invariant NotSolved is violated.
Error: The behavior up to this point is:
State 1: <Initial predicate>
/\ big = 0
/\ small = 0

State 2: <FillBigJug line 68, col 18 to line 69, col 34 of module DieHard>
/\ big = 5
/\ small = 0

State 3: <BigToSmall line 97, col 15 to line 98, col 48 of module DieHard>
/\ big = 2
/\ small = 3

State 4: <EmptySmallJug line 71, col 18 to line 72, col 30 of module DieHard>
/\ big = 2
/\ small = 0

State 5: <BigToSmall line 97, col 15 to line 98, col 48 of module DieHard>
/\ big = 0
/\ small = 2

State 6: <FillBigJug line 68, col 18 to line 69, col 34 of module DieHard>
/\ big = 5
/\ small = 2

State 7: <BigToSmall line 97, col 15 to line 98, col 48 of module DieHard>
/\ big = 4
/\ small = 3

73 states generated, 14 distinct states found, 1 states left on queue.
The depth of the complete state graph search is 7.
Finished in 00s at (2026-06-11 18:17:06)
Trace exploration spec path: ./DieHard_TTrace_1781219825.tla

--STDERR--
