TLC2 Version 2026.04.22.172729 (rev: 6320a09)
Warning: Please run the Java VM, which executes TLC with a throughput optimized garbage collector, by passing the "-XX:+UseParallelGC" property.
(Use the -nowarning option to disable this warning.)
Running breadth-first search Model-Checking with fp 34 and seed -8527807439285667024 with 1 worker on 112 cores with 30688MB heap and 64MB offheap memory [pid: 1929452] (Linux 6.8.0-111-generic amd64, Eclipse Adoptium 11.0.25 64bit, MSBDiskFPSet, DiskStateQueue).
Parsing file /tmp/tmpahoat_vs/MCDieHarder.tla
Parsing file /tmp/tmpahoat_vs/DieHarder.tla
Parsing file /tmp/tlc-3060016386184472833/_TLCTrace.tla (jar:file:/home/arslanbisharat/Documents/AI4FM/tla%20bench%20dashboard/tla2tools.jar!/tla2sany/StandardModules/_TLCTrace.tla)
Parsing file /tmp/tlc-3060016386184472833/Naturals.tla (jar:file:/home/arslanbisharat/Documents/AI4FM/tla%20bench%20dashboard/tla2tools.jar!/tla2sany/StandardModules/Naturals.tla)
Parsing file /tmp/tlc-3060016386184472833/TLC.tla (jar:file:/home/arslanbisharat/Documents/AI4FM/tla%20bench%20dashboard/tla2tools.jar!/tla2sany/StandardModules/TLC.tla)
Parsing file /tmp/tlc-3060016386184472833/TLCExt.tla (jar:file:/home/arslanbisharat/Documents/AI4FM/tla%20bench%20dashboard/tla2tools.jar!/tla2sany/StandardModules/TLCExt.tla)
Parsing file /tmp/tlc-3060016386184472833/Sequences.tla (jar:file:/home/arslanbisharat/Documents/AI4FM/tla%20bench%20dashboard/tla2tools.jar!/tla2sany/StandardModules/Sequences.tla)
Parsing file /tmp/tlc-3060016386184472833/FiniteSets.tla (jar:file:/home/arslanbisharat/Documents/AI4FM/tla%20bench%20dashboard/tla2tools.jar!/tla2sany/StandardModules/FiniteSets.tla)
Parsing file /tmp/tlc-3060016386184472833/Integers.tla (jar:file:/home/arslanbisharat/Documents/AI4FM/tla%20bench%20dashboard/tla2tools.jar!/tla2sany/StandardModules/Integers.tla)
Semantic processing of module Naturals
Semantic processing of module DieHarder
Semantic processing of module Sequences
Semantic processing of module FiniteSets
Semantic processing of module TLC
Semantic processing of module Integers
Semantic processing of module TLCExt
Semantic processing of module _TLCTrace
Semantic processing of module MCDieHarder
Linting of module DieHarder
Linting of module TLCExt
Linting of module _TLCTrace
Linting of module MCDieHarder
Starting... (2026-06-11 18:17:07)
Computing initial states...
Finished computing initial states: 1 distinct state generated at 2026-06-11 18:17:07.
Error: Invariant NotSolved is violated.
Error: The behavior up to this point is:
State 1: <Initial predicate>
contents = [j1 |-> 0, j2 |-> 0]

State 2: <FillJug("j2") line 56, col 16 to line 56, col 63 of module DieHarder>
contents = [j1 |-> 0, j2 |-> 5]

State 3: <JugToJug("j2","j1") line 62, col 7 to line 63, col 59 of module DieHarder>
contents = [j1 |-> 3, j2 |-> 2]

State 4: <EmptyJug("j1") line 58, col 16 to line 58, col 53 of module DieHarder>
contents = [j1 |-> 0, j2 |-> 2]

State 5: <JugToJug("j2","j1") line 62, col 7 to line 63, col 59 of module DieHarder>
contents = [j1 |-> 2, j2 |-> 0]

State 6: <FillJug("j2") line 56, col 16 to line 56, col 63 of module DieHarder>
contents = [j1 |-> 2, j2 |-> 5]

State 7: <JugToJug("j2","j1") line 62, col 7 to line 63, col 59 of module DieHarder>
contents = [j1 |-> 3, j2 |-> 4]

73 states generated, 14 distinct states found, 1 states left on queue.
The depth of the complete state graph search is 7.
Finished in 00s at (2026-06-11 18:17:07)
Trace exploration spec path: ./MCDieHarder_TTrace_1781219826.tla

--STDERR--
