TLC2 Version 2026.04.22.172729 (rev: 6320a09)
Warning: Please run the Java VM, which executes TLC with a throughput optimized garbage collector, by passing the "-XX:+UseParallelGC" property.
(Use the -nowarning option to disable this warning.)
Running breadth-first search Model-Checking with fp 107 and seed -2294729303097561143 with 1 worker on 112 cores with 30688MB heap and 64MB offheap memory [pid: 1929520] (Linux 6.8.0-111-generic amd64, Eclipse Adoptium 11.0.25 64bit, MSBDiskFPSet, DiskStateQueue).
Parsing file /tmp/tmpxebxei9n/MCDieHardest.tla
Parsing file /tmp/tmpxebxei9n/DieHardest.tla
Parsing file /tmp/tlc-2825483094152464458/_TLCTrace.tla (jar:file:/home/arslanbisharat/Documents/AI4FM/tla%20bench%20dashboard/tla2tools.jar!/tla2sany/StandardModules/_TLCTrace.tla)
Parsing file /tmp/tlc-2825483094152464458/Naturals.tla (jar:file:/home/arslanbisharat/Documents/AI4FM/tla%20bench%20dashboard/tla2tools.jar!/tla2sany/StandardModules/Naturals.tla)
Parsing file /tmp/tmpxebxei9n/Functions.tla
Parsing file /tmp/tmpxebxei9n/FiniteSetsExt.tla
Parsing file /tmp/tlc-2825483094152464458/TLC.tla (jar:file:/home/arslanbisharat/Documents/AI4FM/tla%20bench%20dashboard/tla2tools.jar!/tla2sany/StandardModules/TLC.tla)
Parsing file /tmp/tlc-2825483094152464458/Integers.tla (jar:file:/home/arslanbisharat/Documents/AI4FM/tla%20bench%20dashboard/tla2tools.jar!/tla2sany/StandardModules/Integers.tla)
Parsing file /tmp/tlc-2825483094152464458/FiniteSets.tla (jar:file:/home/arslanbisharat/Documents/AI4FM/tla%20bench%20dashboard/tla2tools.jar!/tla2sany/StandardModules/FiniteSets.tla)
Parsing file /tmp/tmpxebxei9n/Folds.tla
Parsing file /tmp/tmpxebxei9n/DieHarder.tla
Parsing file /tmp/tlc-2825483094152464458/Sequences.tla (jar:file:/home/arslanbisharat/Documents/AI4FM/tla%20bench%20dashboard/tla2tools.jar!/tla2sany/StandardModules/Sequences.tla)
Parsing file /tmp/tlc-2825483094152464458/TLCExt.tla (jar:file:/home/arslanbisharat/Documents/AI4FM/tla%20bench%20dashboard/tla2tools.jar!/tla2sany/StandardModules/TLCExt.tla)
Semantic processing of module Naturals
Semantic processing of module Folds
Semantic processing of module Functions
Semantic processing of module Integers
Semantic processing of module Sequences
Semantic processing of module FiniteSets
Semantic processing of module FiniteSetsExt
Semantic processing of module TLC
Semantic processing of module DieHarder
Semantic processing of module DieHardest
Semantic processing of module TLCExt
Semantic processing of module _TLCTrace
Semantic processing of module MCDieHardest
Linting of module Folds
Linting of module Functions
Linting of module FiniteSetsExt
Linting of module DieHarder
Linting of module DieHardest
Linting of module TLCExt
Linting of module _TLCTrace
Linting of module MCDieHardest
Starting... (2026-06-11 18:17:08)
Computing initial states...
Finished computing initial states: 1 distinct state generated at 2026-06-11 18:17:08.
Error: Invariant NotSolved is violated.
Error: The behavior up to this point is:
State 1: <Initial predicate>
/\ c1 = [j1 |-> 0, j2 |-> 0]
/\ c2 = [j1 |-> 0, j2 |-> 0, j3 |-> 0]
/\ s1 = 0
/\ s2 = 0

State 2: <NextInterleaved line 187, col 8 to line 187, col 54 of module DieHardest>
/\ c1 = [j1 |-> 5, j2 |-> 0]
/\ c2 = [j1 |-> 0, j2 |-> 0, j3 |-> 0]
/\ s1 = 1
/\ s2 = 0

State 3: <NextInterleaved line 187, col 8 to line 187, col 54 of module DieHardest>
/\ c1 = [j1 |-> 2, j2 |-> 3]
/\ c2 = [j1 |-> 0, j2 |-> 0, j3 |-> 0]
/\ s1 = 2
/\ s2 = 0

State 4: <NextInterleaved line 187, col 8 to line 187, col 54 of module DieHardest>
/\ c1 = [j1 |-> 2, j2 |-> 0]
/\ c2 = [j1 |-> 0, j2 |-> 0, j3 |-> 0]
/\ s1 = 3
/\ s2 = 0

State 5: <NextInterleaved line 187, col 8 to line 187, col 54 of module DieHardest>
/\ c1 = [j1 |-> 0, j2 |-> 2]
/\ c2 = [j1 |-> 0, j2 |-> 0, j3 |-> 0]
/\ s1 = 4
/\ s2 = 0

State 6: <NextInterleaved line 187, col 8 to line 187, col 54 of module DieHardest>
/\ c1 = [j1 |-> 5, j2 |-> 2]
/\ c2 = [j1 |-> 0, j2 |-> 0, j3 |-> 0]
/\ s1 = 5
/\ s2 = 0

State 7: <NextInterleaved line 187, col 8 to line 187, col 54 of module DieHardest>
/\ c1 = [j1 |-> 4, j2 |-> 3]
/\ c2 = [j1 |-> 0, j2 |-> 0, j3 |-> 0]
/\ s1 = 6
/\ s2 = 0

State 8: <NextInterleaved line 188, col 8 to line 188, col 54 of module DieHardest>
/\ c1 = [j1 |-> 4, j2 |-> 3]
/\ c2 = [j1 |-> 5, j2 |-> 0, j3 |-> 0]
/\ s1 = 6
/\ s2 = 1

State 9: <NextInterleaved line 188, col 8 to line 188, col 54 of module DieHardest>
/\ c1 = [j1 |-> 4, j2 |-> 3]
/\ c2 = [j1 |-> 2, j2 |-> 3, j3 |-> 0]
/\ s1 = 6
/\ s2 = 2

State 10: <NextInterleaved line 188, col 8 to line 188, col 54 of module DieHardest>
/\ c1 = [j1 |-> 4, j2 |-> 3]
/\ c2 = [j1 |-> 0, j2 |-> 3, j3 |-> 2]
/\ s1 = 6
/\ s2 = 3

State 11: <NextInterleaved line 188, col 8 to line 188, col 54 of module DieHardest>
/\ c1 = [j1 |-> 4, j2 |-> 3]
/\ c2 = [j1 |-> 5, j2 |-> 3, j3 |-> 2]
/\ s1 = 6
/\ s2 = 4

State 12: <NextInterleaved line 188, col 8 to line 188, col 54 of module DieHardest>
/\ c1 = [j1 |-> 4, j2 |-> 3]
/\ c2 = [j1 |-> 4, j2 |-> 3, j3 |-> 3]
/\ s1 = 6
/\ s2 = 5

140897 states generated, 11566 distinct states found, 3737 states left on queue.
The depth of the complete state graph search is 12.
Finished in 01s at (2026-06-11 18:17:09)
Trace exploration spec path: ./MCDieHardest_TTrace_1781219827.tla

--STDERR--
