TLC2 Version 2026.04.22.172729 (rev: 6320a09)
Warning: Please run the Java VM, which executes TLC with a throughput optimized garbage collector, by passing the "-XX:+UseParallelGC" property.
(Use the -nowarning option to disable this warning.)
Running breadth-first search Model-Checking with fp 48 and seed 4652032163155618850 with 1 worker on 112 cores with 30688MB heap and 64MB offheap memory [pid: 1938416] (Linux 6.8.0-111-generic amd64, Eclipse Adoptium 11.0.25 64bit, MSBDiskFPSet, DiskStateQueue).
Parsing file /tmp/tmphufei_un/MCCRDT.tla
Parsing file /tmp/tmphufei_un/CRDT.tla
Parsing file /tmp/tmphufei_un/FiniteSetsExt.tla
Parsing file /tmp/tlc-6270829890035149531/TLC.tla (jar:file:/home/arslanbisharat/Documents/AI4FM/tla%20bench%20dashboard/tla2tools.jar!/tla2sany/StandardModules/TLC.tla)
Parsing file /tmp/tlc-6270829890035149531/_TLCTrace.tla (jar:file:/home/arslanbisharat/Documents/AI4FM/tla%20bench%20dashboard/tla2tools.jar!/tla2sany/StandardModules/_TLCTrace.tla)
Parsing file /tmp/tlc-6270829890035149531/Naturals.tla (jar:file:/home/arslanbisharat/Documents/AI4FM/tla%20bench%20dashboard/tla2tools.jar!/tla2sany/StandardModules/Naturals.tla)
Parsing file /tmp/tlc-6270829890035149531/FiniteSets.tla (jar:file:/home/arslanbisharat/Documents/AI4FM/tla%20bench%20dashboard/tla2tools.jar!/tla2sany/StandardModules/FiniteSets.tla)
Parsing file /tmp/tlc-6270829890035149531/Integers.tla (jar:file:/home/arslanbisharat/Documents/AI4FM/tla%20bench%20dashboard/tla2tools.jar!/tla2sany/StandardModules/Integers.tla)
Parsing file /tmp/tmphufei_un/Folds.tla
Parsing file /tmp/tmphufei_un/Functions.tla
Parsing file /tmp/tlc-6270829890035149531/Sequences.tla (jar:file:/home/arslanbisharat/Documents/AI4FM/tla%20bench%20dashboard/tla2tools.jar!/tla2sany/StandardModules/Sequences.tla)
Parsing file /tmp/tlc-6270829890035149531/TLCExt.tla (jar:file:/home/arslanbisharat/Documents/AI4FM/tla%20bench%20dashboard/tla2tools.jar!/tla2sany/StandardModules/TLCExt.tla)
Semantic processing of module Naturals
Semantic processing of module Sequences
Semantic processing of module FiniteSets
Semantic processing of module CRDT
Semantic processing of module Integers
Semantic processing of module Folds
Semantic processing of module Functions
Semantic processing of module FiniteSetsExt
Semantic processing of module TLC
Semantic processing of module TLCExt
Semantic processing of module _TLCTrace
Semantic processing of module MCCRDT
Linting of module CRDT
Linting of module Folds
Linting of module Functions
Linting of module FiniteSetsExt
Linting of module TLCExt
Linting of module _TLCTrace
Linting of module MCCRDT
Starting... (2026-06-11 18:22:15)
Implied-temporal checking--satisfiability problem has 1 branches.
Error: Assumption line 9, col 8 to line 9, col 52 of module MCCRDT is false.
Finished in 00s at (2026-06-11 18:22:15)

--ERR--
