TLC2 Version 2026.04.22.172729 (rev: 6320a09)
Warning: Please run the Java VM, which executes TLC with a throughput optimized garbage collector, by passing the "-XX:+UseParallelGC" property.
(Use the -nowarning option to disable this warning.)
Running breadth-first search Model-Checking with fp 86 and seed -7782149620171862728 with 1 worker on 112 cores with 30688MB heap and 64MB offheap memory [pid: 1938486] (Linux 6.8.0-111-generic amd64, Eclipse Adoptium 11.0.25 64bit, MSBDiskFPSet, DiskStateQueue).
Parsing file /tmp/tmpomhmh7on/MCDistributedReplicatedLog.tla
Parsing file /tmp/tmpomhmh7on/DistributedReplicatedLog.tla
Parsing file /tmp/tmpomhmh7on/FiniteSetsExt.tla
Parsing file /tmp/tlc-4476266233494592295/_TLCTrace.tla (jar:file:/home/arslanbisharat/Documents/AI4FM/tla%20bench%20dashboard/tla2tools.jar!/tla2sany/StandardModules/_TLCTrace.tla)
Parsing file /tmp/tlc-4476266233494592295/Sequences.tla (jar:file:/home/arslanbisharat/Documents/AI4FM/tla%20bench%20dashboard/tla2tools.jar!/tla2sany/StandardModules/Sequences.tla)
Parsing file /tmp/tmpomhmh7on/SequencesExt.tla
Parsing file /tmp/tlc-4476266233494592295/Integers.tla (jar:file:/home/arslanbisharat/Documents/AI4FM/tla%20bench%20dashboard/tla2tools.jar!/tla2sany/StandardModules/Integers.tla)
Parsing file /tmp/tlc-4476266233494592295/FiniteSets.tla (jar:file:/home/arslanbisharat/Documents/AI4FM/tla%20bench%20dashboard/tla2tools.jar!/tla2sany/StandardModules/FiniteSets.tla)
Parsing file /tmp/tlc-4476266233494592295/Naturals.tla (jar:file:/home/arslanbisharat/Documents/AI4FM/tla%20bench%20dashboard/tla2tools.jar!/tla2sany/StandardModules/Naturals.tla)
Parsing file /tmp/tmpomhmh7on/Folds.tla
Parsing file /tmp/tmpomhmh7on/Functions.tla
Parsing file /tmp/tlc-4476266233494592295/Bags.tla (jar:file:/home/arslanbisharat/Documents/AI4FM/tla%20bench%20dashboard/tla2tools.jar!/tla2sany/StandardModules/Bags.tla)
Parsing file /tmp/tlc-4476266233494592295/TLC.tla (jar:file:/home/arslanbisharat/Documents/AI4FM/tla%20bench%20dashboard/tla2tools.jar!/tla2sany/StandardModules/TLC.tla)
Parsing file /tmp/tlc-4476266233494592295/TLCExt.tla (jar:file:/home/arslanbisharat/Documents/AI4FM/tla%20bench%20dashboard/tla2tools.jar!/tla2sany/StandardModules/TLCExt.tla)
Semantic processing of module Naturals
Semantic processing of module Sequences
Semantic processing of module FiniteSets
Semantic processing of module Integers
Semantic processing of module Folds
Semantic processing of module Functions
Semantic processing of module FiniteSetsExt
Semantic processing of module TLC
Semantic processing of module Bags
Semantic processing of module SequencesExt
Semantic processing of module DistributedReplicatedLog
Semantic processing of module TLCExt
Semantic processing of module _TLCTrace
Semantic processing of module MCDistributedReplicatedLog
Linting of module Folds
Linting of module Functions
Linting of module FiniteSetsExt
Linting of module SequencesExt
Linting of module DistributedReplicatedLog
Linting of module TLCExt
Linting of module _TLCTrace
Linting of module MCDistributedReplicatedLog
Starting... (2026-06-11 18:22:16)
Implied-temporal checking--satisfiability problem has 1 branches.
Computing initial states...
Finished computing initial states: 1 distinct state generated at 2026-06-11 18:22:16.
Progress(4) at 2026-06-11 18:22:16: 271 states generated, 37 distinct states found, 0 states left on queue.
Checking temporal properties for the complete state space with 37 total distinct states at (2026-06-11 18:22:16)
Error: Temporal properties AllExtending and InSync were violated.

Error: The following behavior constitutes a counter-example:

State 1: <Initial predicate>
cLogs = (n1 :> <<>> @@ n2 :> <<>> @@ n3 :> <<>>)

State 2: <Extend(n2) line 35, col 5 to line 38, col 49 of module DistributedReplicatedLog>
cLogs = (n1 :> <<>> @@ n2 :> <<v>> @@ n3 :> <<>>)

State 3: <Copy(n3) line 26, col 9 to line 32, col 96 of module DistributedReplicatedLog>
cLogs = (n1 :> <<>> @@ n2 :> <<v>> @@ n3 :> <<v>>)

State 4: <Extend(n2) line 35, col 5 to line 38, col 49 of module DistributedReplicatedLog>
cLogs = (n1 :> <<>> @@ n2 :> <<v, v>> @@ n3 :> <<v>>)

Back to state 2: <Copy(n1) line 26, col 9 to line 32, col 96 of module DistributedReplicatedLog>

Finished checking temporal properties in 00s at 2026-06-11 18:22:16
271 states generated, 37 distinct states found, 0 states left on queue.
The depth of the complete state graph search is 4.
Finished in 00s at (2026-06-11 18:22:16)
Trace exploration spec path: ./MCDistributedReplicatedLog_TTrace_1781220136.tla

--ERR--
