TLC2 Version 2026.04.22.172729 (rev: 6320a09)
Warning: Please run the Java VM, which executes TLC with a throughput optimized garbage collector, by passing the "-XX:+UseParallelGC" property.
(Use the -nowarning option to disable this warning.)
Running breadth-first search Model-Checking with fp 19 and seed -2544842058064593360 with 1 worker on 112 cores with 30688MB heap and 64MB offheap memory [pid: 1938719] (Linux 6.8.0-111-generic amd64, Eclipse Adoptium 11.0.25 64bit, MSBDiskFPSet, DiskStateQueue).
Parsing file /tmp/tmpt8jiggri/SimKnuthYao.tla
Parsing file /tmp/tmpt8jiggri/KnuthYao.tla
Parsing file /tmp/tlc-224949495946372667/Integers.tla (jar:file:/home/arslanbisharat/Documents/AI4FM/tla%20bench%20dashboard/tla2tools.jar!/tla2sany/StandardModules/Integers.tla)
Parsing file /tmp/tmpt8jiggri/Functions.tla
Parsing file /tmp/tmpt8jiggri/CSV.tla
Parsing file /tmp/tlc-224949495946372667/TLC.tla (jar:file:/home/arslanbisharat/Documents/AI4FM/tla%20bench%20dashboard/tla2tools.jar!/tla2sany/StandardModules/TLC.tla)
Parsing file /tmp/tlc-224949495946372667/TLCExt.tla (jar:file:/home/arslanbisharat/Documents/AI4FM/tla%20bench%20dashboard/tla2tools.jar!/tla2sany/StandardModules/TLCExt.tla)
Parsing file /tmp/tmpt8jiggri/IOUtils.tla
Parsing file /tmp/tmpt8jiggri/Statistics.tla
Parsing file /tmp/tlc-224949495946372667/_TLCTrace.tla (jar:file:/home/arslanbisharat/Documents/AI4FM/tla%20bench%20dashboard/tla2tools.jar!/tla2sany/StandardModules/_TLCTrace.tla)
Parsing file /tmp/tmpt8jiggri/DyadicRationals.tla
Parsing file /tmp/tlc-224949495946372667/Naturals.tla (jar:file:/home/arslanbisharat/Documents/AI4FM/tla%20bench%20dashboard/tla2tools.jar!/tla2sany/StandardModules/Naturals.tla)
Parsing file /tmp/tlc-224949495946372667/FiniteSets.tla (jar:file:/home/arslanbisharat/Documents/AI4FM/tla%20bench%20dashboard/tla2tools.jar!/tla2sany/StandardModules/FiniteSets.tla)
Parsing file /tmp/tlc-224949495946372667/Sequences.tla (jar:file:/home/arslanbisharat/Documents/AI4FM/tla%20bench%20dashboard/tla2tools.jar!/tla2sany/StandardModules/Sequences.tla)
Parsing file /tmp/tmpt8jiggri/FiniteSetsExt.tla
Parsing file /tmp/tmpt8jiggri/Folds.tla
Parsing file /tmp/tmpt8jiggri/SequencesExt.tla
Parsing file /tmp/tlc-224949495946372667/Bags.tla (jar:file:/home/arslanbisharat/Documents/AI4FM/tla%20bench%20dashboard/tla2tools.jar!/tla2sany/StandardModules/Bags.tla)
Semantic processing of module Naturals
Semantic processing of module Sequences
Semantic processing of module FiniteSets
Semantic processing of module Integers
Semantic processing of module Folds
Semantic processing of module Functions
Semantic processing of module FiniteSetsExt
Semantic processing of module TLC
Semantic processing of module DyadicRationals
Semantic processing of module KnuthYao
Semantic processing of module CSV
Semantic processing of module TLCExt
Semantic processing of module Bags
Semantic processing of module SequencesExt
Semantic processing of module IOUtils
Semantic processing of module Statistics
Semantic processing of module _TLCTrace
Semantic processing of module SimKnuthYao
Linting of module Folds
Linting of module Functions
Linting of module FiniteSetsExt
Linting of module DyadicRationals
Linting of module KnuthYao
Linting of module CSV
Linting of module TLCExt
Linting of module SequencesExt
Linting of module IOUtils
Linting of module Statistics
Linting of module _TLCTrace
Linting of module SimKnuthYao
Starting... (2026-06-11 18:22:18)
Error: Assumption line 58, col 5 to line 64, col 49 of module SimKnuthYao is false.
Finished in 00s at (2026-06-11 18:22:19)

--ERR--
