TLC2 Version 2026.04.22.172729 (rev: 6320a09)
Warning: Please run the Java VM, which executes TLC with a throughput optimized garbage collector, by passing the "-XX:+UseParallelGC" property.
(Use the -nowarning option to disable this warning.)
Running breadth-first search Model-Checking with fp 64 and seed 4871121410664631392 with 1 worker on 112 cores with 30688MB heap and 64MB offheap memory [pid: 1929649] (Linux 6.8.0-111-generic amd64, Eclipse Adoptium 11.0.25 64bit, MSBDiskFPSet, DiskStateQueue).
Parsing file /tmp/tmpucub0s8b/APMissionariesAndCannibals.tla
Parsing file /tmp/tlc-14155307197351741235/Integers.tla (jar:file:/home/arslanbisharat/Documents/AI4FM/tla%20bench%20dashboard/tla2tools.jar!/tla2sany/StandardModules/Integers.tla)
Parsing file /tmp/tlc-14155307197351741235/FiniteSets.tla (jar:file:/home/arslanbisharat/Documents/AI4FM/tla%20bench%20dashboard/tla2tools.jar!/tla2sany/StandardModules/FiniteSets.tla)
Parsing file /tmp/tlc-14155307197351741235/_TLCTrace.tla (jar:file:/home/arslanbisharat/Documents/AI4FM/tla%20bench%20dashboard/tla2tools.jar!/tla2sany/StandardModules/_TLCTrace.tla)
Parsing file /tmp/tlc-14155307197351741235/Naturals.tla (jar:file:/home/arslanbisharat/Documents/AI4FM/tla%20bench%20dashboard/tla2tools.jar!/tla2sany/StandardModules/Naturals.tla)
Parsing file /tmp/tmpucub0s8b/MissionariesAndCannibals.tla
Parsing file /tmp/tlc-14155307197351741235/Sequences.tla (jar:file:/home/arslanbisharat/Documents/AI4FM/tla%20bench%20dashboard/tla2tools.jar!/tla2sany/StandardModules/Sequences.tla)
Parsing file /tmp/tlc-14155307197351741235/TLC.tla (jar:file:/home/arslanbisharat/Documents/AI4FM/tla%20bench%20dashboard/tla2tools.jar!/tla2sany/StandardModules/TLC.tla)
Parsing file /tmp/tlc-14155307197351741235/TLCExt.tla (jar:file:/home/arslanbisharat/Documents/AI4FM/tla%20bench%20dashboard/tla2tools.jar!/tla2sany/StandardModules/TLCExt.tla)
Semantic processing of module Naturals
Semantic processing of module Integers
Semantic processing of module Sequences
Semantic processing of module FiniteSets
Semantic processing of module TLC
Semantic processing of module TLCExt
Semantic processing of module _TLCTrace
Semantic processing of module MissionariesAndCannibals
Semantic processing of module APMissionariesAndCannibals
Linting of module TLCExt
Linting of module _TLCTrace
Linting of module MissionariesAndCannibals
Linting of module APMissionariesAndCannibals
Starting... (2026-06-11 18:17:09)
Computing initial states...
Finished computing initial states: 1 distinct state generated at 2026-06-11 18:17:10.
Error: Invariant Solution is violated.
Error: The behavior up to this point is:
State 1: <Initial predicate>
/\ bank_of_boat = "E"
/\ who_is_on_bank = [ E |->
      { "m1_OF_PERSON",
        "m2_OF_PERSON",
        "m3_OF_PERSON",
        "c1_OF_PERSON",
        "c2_OF_PERSON",
        "c3_OF_PERSON" },
  W |-> {} ]

State 2: <Next line 20, col 1 to line 20, col 33 of module APMissionariesAndCannibals>
/\ bank_of_boat = "W"
/\ who_is_on_bank = [ E |-> {"m2_OF_PERSON", "m3_OF_PERSON", "c2_OF_PERSON", "c3_OF_PERSON"},
  W |-> {"m1_OF_PERSON", "c1_OF_PERSON"} ]

State 3: <Next line 20, col 1 to line 20, col 33 of module APMissionariesAndCannibals>
/\ bank_of_boat = "E"
/\ who_is_on_bank = [ E |->
      { "m1_OF_PERSON",
        "m2_OF_PERSON",
        "m3_OF_PERSON",
        "c2_OF_PERSON",
        "c3_OF_PERSON" },
  W |-> {"c1_OF_PERSON"} ]

State 4: <Next line 20, col 1 to line 20, col 33 of module APMissionariesAndCannibals>
/\ bank_of_boat = "W"
/\ who_is_on_bank = [ E |-> {"m1_OF_PERSON", "m2_OF_PERSON", "m3_OF_PERSON"},
  W |-> {"c1_OF_PERSON", "c2_OF_PERSON", "c3_OF_PERSON"} ]

State 5: <Next line 20, col 1 to line 20, col 33 of module APMissionariesAndCannibals>
/\ bank_of_boat = "E"
/\ who_is_on_bank = [ E |-> {"m1_OF_PERSON", "m2_OF_PERSON", "m3_OF_PERSON", "c1_OF_PERSON"},
  W |-> {"c2_OF_PERSON", "c3_OF_PERSON"} ]

State 6: <Next line 20, col 1 to line 20, col 33 of module APMissionariesAndCannibals>
/\ bank_of_boat = "W"
/\ who_is_on_bank = [ E |-> {"m3_OF_PERSON", "c1_OF_PERSON"},
  W |-> {"m1_OF_PERSON", "m2_OF_PERSON", "c2_OF_PERSON", "c3_OF_PERSON"} ]

State 7: <Next line 20, col 1 to line 20, col 33 of module APMissionariesAndCannibals>
/\ bank_of_boat = "E"
/\ who_is_on_bank = [ E |-> {"m1_OF_PERSON", "m3_OF_PERSON", "c1_OF_PERSON", "c2_OF_PERSON"},
  W |-> {"m2_OF_PERSON", "c3_OF_PERSON"} ]

State 8: <Next line 20, col 1 to line 20, col 33 of module APMissionariesAndCannibals>
/\ bank_of_boat = "W"
/\ who_is_on_bank = [ E |-> {"c1_OF_PERSON", "c2_OF_PERSON"},
  W |-> {"m1_OF_PERSON", "m2_OF_PERSON", "m3_OF_PERSON", "c3_OF_PERSON"} ]

State 9: <Next line 20, col 1 to line 20, col 33 of module APMissionariesAndCannibals>
/\ bank_of_boat = "E"
/\ who_is_on_bank = [ E |-> {"c1_OF_PERSON", "c2_OF_PERSON", "c3_OF_PERSON"},
  W |-> {"m1_OF_PERSON", "m2_OF_PERSON", "m3_OF_PERSON"} ]

State 10: <Next line 20, col 1 to line 20, col 33 of module APMissionariesAndCannibals>
/\ bank_of_boat = "W"
/\ who_is_on_bank = [ E |-> {"c3_OF_PERSON"},
  W |->
      { "m1_OF_PERSON",
        "m2_OF_PERSON",
        "m3_OF_PERSON",
        "c1_OF_PERSON",
        "c2_OF_PERSON" } ]

State 11: <Next line 20, col 1 to line 20, col 33 of module APMissionariesAndCannibals>
/\ bank_of_boat = "E"
/\ who_is_on_bank = [ E |-> {"m1_OF_PERSON", "c3_OF_PERSON"},
  W |-> {"m2_OF_PERSON", "m3_OF_PERSON", "c1_OF_PERSON", "c2_OF_PERSON"} ]

State 12: <Next line 20, col 1 to line 20, col 33 of module APMissionariesAndCannibals>
/\ bank_of_boat = "W"
/\ who_is_on_bank = [ E |-> {},
  W |->
      { "m1_OF_PERSON",
        "m2_OF_PERSON",
        "m3_OF_PERSON",
        "c1_OF_PERSON",
        "c2_OF_PERSON",
        "c3_OF_PERSON" } ]

225 states generated, 61 distinct states found, 11 states left on queue.
The depth of the complete state graph search is 12.
Finished in 00s at (2026-06-11 18:17:10)
Trace exploration spec path: ./APMissionariesAndCannibals_TTrace_1781219829.tla

--STDERR--
