TLC2 Version 2026.04.22.172729 (rev: 6320a09)
Warning: Please run the Java VM, which executes TLC with a throughput optimized garbage collector, by passing the "-XX:+UseParallelGC" property.
(Use the -nowarning option to disable this warning.)
Running breadth-first search Model-Checking with fp 26 and seed 6950697685628521312 with 1 worker on 112 cores with 30688MB heap and 64MB offheap memory [pid: 1929729] (Linux 6.8.0-111-generic amd64, Eclipse Adoptium 11.0.25 64bit, MSBDiskFPSet, DiskStateQueue).
Parsing file /tmp/tmpfzs9dfqe/MissionariesAndCannibals.tla
Parsing file /tmp/tlc-3549175941691664560/Integers.tla (jar:file:/home/arslanbisharat/Documents/AI4FM/tla%20bench%20dashboard/tla2tools.jar!/tla2sany/StandardModules/Integers.tla)
Parsing file /tmp/tlc-3549175941691664560/FiniteSets.tla (jar:file:/home/arslanbisharat/Documents/AI4FM/tla%20bench%20dashboard/tla2tools.jar!/tla2sany/StandardModules/FiniteSets.tla)
Parsing file /tmp/tlc-3549175941691664560/_TLCTrace.tla (jar:file:/home/arslanbisharat/Documents/AI4FM/tla%20bench%20dashboard/tla2tools.jar!/tla2sany/StandardModules/_TLCTrace.tla)
Parsing file /tmp/tlc-3549175941691664560/Naturals.tla (jar:file:/home/arslanbisharat/Documents/AI4FM/tla%20bench%20dashboard/tla2tools.jar!/tla2sany/StandardModules/Naturals.tla)
Parsing file /tmp/tlc-3549175941691664560/Sequences.tla (jar:file:/home/arslanbisharat/Documents/AI4FM/tla%20bench%20dashboard/tla2tools.jar!/tla2sany/StandardModules/Sequences.tla)
Parsing file /tmp/tlc-3549175941691664560/TLC.tla (jar:file:/home/arslanbisharat/Documents/AI4FM/tla%20bench%20dashboard/tla2tools.jar!/tla2sany/StandardModules/TLC.tla)
Parsing file /tmp/tlc-3549175941691664560/TLCExt.tla (jar:file:/home/arslanbisharat/Documents/AI4FM/tla%20bench%20dashboard/tla2tools.jar!/tla2sany/StandardModules/TLCExt.tla)
Semantic processing of module Naturals
Semantic processing of module Integers
Semantic processing of module Sequences
Semantic processing of module FiniteSets
Semantic processing of module TLC
Semantic processing of module TLCExt
Semantic processing of module _TLCTrace
Semantic processing of module MissionariesAndCannibals
Linting of module TLCExt
Linting of module _TLCTrace
Linting of module MissionariesAndCannibals
Starting... (2026-06-11 18:17:11)
Computing initial states...
Finished computing initial states: 1 distinct state generated at 2026-06-11 18:17:11.
Error: Invariant Solution is violated.
Error: The behavior up to this point is:
State 1: <Initial predicate>
/\ bank_of_boat = "E"
/\ who_is_on_bank = [E |-> {m1, m2, m3, c1, c2, c3}, W |-> {}]

State 2: <Next line 188, col 9 to line 189, col 33 of module MissionariesAndCannibals>
/\ bank_of_boat = "W"
/\ who_is_on_bank = [E |-> {m2, m3, c2, c3}, W |-> {m1, c1}]

State 3: <Next line 188, col 9 to line 189, col 33 of module MissionariesAndCannibals>
/\ bank_of_boat = "E"
/\ who_is_on_bank = [E |-> {m1, m2, m3, c2, c3}, W |-> {c1}]

State 4: <Next line 188, col 9 to line 189, col 33 of module MissionariesAndCannibals>
/\ bank_of_boat = "W"
/\ who_is_on_bank = [E |-> {m1, m2, m3}, W |-> {c1, c2, c3}]

State 5: <Next line 188, col 9 to line 189, col 33 of module MissionariesAndCannibals>
/\ bank_of_boat = "E"
/\ who_is_on_bank = [E |-> {m1, m2, m3, c1}, W |-> {c2, c3}]

State 6: <Next line 188, col 9 to line 189, col 33 of module MissionariesAndCannibals>
/\ bank_of_boat = "W"
/\ who_is_on_bank = [E |-> {m3, c1}, W |-> {m1, m2, c2, c3}]

State 7: <Next line 188, col 9 to line 189, col 33 of module MissionariesAndCannibals>
/\ bank_of_boat = "E"
/\ who_is_on_bank = [E |-> {m1, m3, c1, c2}, W |-> {m2, c3}]

State 8: <Next line 188, col 9 to line 189, col 33 of module MissionariesAndCannibals>
/\ bank_of_boat = "W"
/\ who_is_on_bank = [E |-> {c1, c2}, W |-> {m1, m2, m3, c3}]

State 9: <Next line 188, col 9 to line 189, col 33 of module MissionariesAndCannibals>
/\ bank_of_boat = "E"
/\ who_is_on_bank = [E |-> {c1, c2, c3}, W |-> {m1, m2, m3}]

State 10: <Next line 188, col 9 to line 189, col 33 of module MissionariesAndCannibals>
/\ bank_of_boat = "W"
/\ who_is_on_bank = [E |-> {c3}, W |-> {m1, m2, m3, c1, c2}]

State 11: <Next line 188, col 9 to line 189, col 33 of module MissionariesAndCannibals>
/\ bank_of_boat = "E"
/\ who_is_on_bank = [E |-> {m1, c3}, W |-> {m2, m3, c1, c2}]

State 12: <Next line 188, col 9 to line 189, col 33 of module MissionariesAndCannibals>
/\ bank_of_boat = "W"
/\ who_is_on_bank = [E |-> {}, W |-> {m1, m2, m3, c1, c2, c3}]

225 states generated, 61 distinct states found, 11 states left on queue.
The depth of the complete state graph search is 12.
Finished in 00s at (2026-06-11 18:17:11)
Trace exploration spec path: ./MissionariesAndCannibals_TTrace_1781219830.tla

--STDERR--
