TLC2 Version 2026.04.22.172729 (rev: 6320a09)
Warning: Please run the Java VM, which executes TLC with a throughput optimized garbage collector, by passing the "-XX:+UseParallelGC" property.
(Use the -nowarning option to disable this warning.)
Running breadth-first search Model-Checking with fp 28 and seed 3974617679949821406 with 1 worker on 112 cores with 30688MB heap and 64MB offheap memory [pid: 1929933] (Linux 6.8.0-111-generic amd64, Eclipse Adoptium 11.0.25 64bit, MSBDiskFPSet, DiskStateQueue).
Parsing file /tmp/tmp6qxte3hh/MC.tla
Parsing file /tmp/tmp6qxte3hh/QueensPluscal.tla
Parsing file /tmp/tlc-15243080925662450038/TLC.tla (jar:file:/home/arslanbisharat/Documents/AI4FM/tla%20bench%20dashboard/tla2tools.jar!/tla2sany/StandardModules/TLC.tla)
Parsing file /tmp/tlc-15243080925662450038/_TLCTrace.tla (jar:file:/home/arslanbisharat/Documents/AI4FM/tla%20bench%20dashboard/tla2tools.jar!/tla2sany/StandardModules/_TLCTrace.tla)
Parsing file /tmp/tlc-15243080925662450038/Naturals.tla (jar:file:/home/arslanbisharat/Documents/AI4FM/tla%20bench%20dashboard/tla2tools.jar!/tla2sany/StandardModules/Naturals.tla)
Parsing file /tmp/tlc-15243080925662450038/Sequences.tla (jar:file:/home/arslanbisharat/Documents/AI4FM/tla%20bench%20dashboard/tla2tools.jar!/tla2sany/StandardModules/Sequences.tla)
Parsing file /tmp/tlc-15243080925662450038/FiniteSets.tla (jar:file:/home/arslanbisharat/Documents/AI4FM/tla%20bench%20dashboard/tla2tools.jar!/tla2sany/StandardModules/FiniteSets.tla)
Parsing file /tmp/tlc-15243080925662450038/TLCExt.tla (jar:file:/home/arslanbisharat/Documents/AI4FM/tla%20bench%20dashboard/tla2tools.jar!/tla2sany/StandardModules/TLCExt.tla)
Parsing file /tmp/tlc-15243080925662450038/Integers.tla (jar:file:/home/arslanbisharat/Documents/AI4FM/tla%20bench%20dashboard/tla2tools.jar!/tla2sany/StandardModules/Integers.tla)
Semantic processing of module Naturals
Semantic processing of module Sequences
Semantic processing of module QueensPluscal
Semantic processing of module FiniteSets
Semantic processing of module TLC
Semantic processing of module Integers
Semantic processing of module TLCExt
Semantic processing of module _TLCTrace
Semantic processing of module MC
Linting of module QueensPluscal
Linting of module TLCExt
Linting of module _TLCTrace
Linting of module MC
Starting... (2026-06-11 18:17:13)
Implied-temporal checking--satisfiability problem has 1 branches.
Computing initial states...
Finished computing initial states: 1 distinct state generated at 2026-06-11 18:17:13.
Error: Invariant NoSolutions is violated.
Error: The behavior up to this point is:
State 1: <Initial predicate>
/\ todo = {<<>>}
/\ sols = {}
/\ pc = "nxtQ"

State 2: <nxtQ line 78, col 9 to line 92, col 48 of module QueensPluscal>
/\ todo = {<<1>>, <<2>>, <<3>>, <<4>>}
/\ sols = {}
/\ pc = "nxtQ"

State 3: <nxtQ line 78, col 9 to line 92, col 48 of module QueensPluscal>
/\ todo = {<<1>>, <<3>>, <<4>>, <<2, 4>>}
/\ sols = {}
/\ pc = "nxtQ"

State 4: <nxtQ line 78, col 9 to line 92, col 48 of module QueensPluscal>
/\ todo = {<<1>>, <<3>>, <<4>>, <<2, 4, 1>>}
/\ sols = {}
/\ pc = "nxtQ"

State 5: <nxtQ line 78, col 9 to line 92, col 48 of module QueensPluscal>
/\ todo = {<<1>>, <<3>>, <<4>>}
/\ sols = {<<2, 4, 1, 3>>}
/\ pc = "nxtQ"

62 states generated, 40 distinct states found, 25 states left on queue.
The depth of the complete state graph search is 5.
Finished in 00s at (2026-06-11 18:17:13)
Trace exploration spec path: ./MC_TTrace_1781219832.tla

--STDERR--
