TLC2 Version 2026.04.22.172729 (rev: 6320a09)
Warning: Please run the Java VM, which executes TLC with a throughput optimized garbage collector, by passing the "-XX:+UseParallelGC" property.
(Use the -nowarning option to disable this warning.)
Running breadth-first search Model-Checking with fp 120 and seed 6092481862713674980 with 1 worker on 112 cores with 30688MB heap and 64MB offheap memory [pid: 1928847] (Linux 6.8.0-111-generic amd64, Eclipse Adoptium 11.0.25 64bit, MSBDiskFPSet, DiskStateQueue).
Parsing file /tmp/tmpgxmcs8qr/MC.tla
Parsing file /tmp/tmpgxmcs8qr/SPA_Attack.tla
Parsing file /tmp/tlc-9378081612079007514/TLC.tla (jar:file:/home/arslanbisharat/Documents/AI4FM/tla%20bench%20dashboard/tla2tools.jar!/tla2sany/StandardModules/TLC.tla)
Parsing file /tmp/tlc-9378081612079007514/_TLCTrace.tla (jar:file:/home/arslanbisharat/Documents/AI4FM/tla%20bench%20dashboard/tla2tools.jar!/tla2sany/StandardModules/_TLCTrace.tla)
Parsing file /tmp/tlc-9378081612079007514/FiniteSets.tla (jar:file:/home/arslanbisharat/Documents/AI4FM/tla%20bench%20dashboard/tla2tools.jar!/tla2sany/StandardModules/FiniteSets.tla)
Parsing file /tmp/tlc-9378081612079007514/Sequences.tla (jar:file:/home/arslanbisharat/Documents/AI4FM/tla%20bench%20dashboard/tla2tools.jar!/tla2sany/StandardModules/Sequences.tla)
Parsing file /tmp/tlc-9378081612079007514/Naturals.tla (jar:file:/home/arslanbisharat/Documents/AI4FM/tla%20bench%20dashboard/tla2tools.jar!/tla2sany/StandardModules/Naturals.tla)
Parsing file /tmp/tlc-9378081612079007514/Integers.tla (jar:file:/home/arslanbisharat/Documents/AI4FM/tla%20bench%20dashboard/tla2tools.jar!/tla2sany/StandardModules/Integers.tla)
Parsing file /tmp/tmpgxmcs8qr/Bitwise.tla
Parsing file /tmp/tmpgxmcs8qr/Functions.tla
Parsing file /tmp/tmpgxmcs8qr/Folds.tla
Parsing file /tmp/tlc-9378081612079007514/TLCExt.tla (jar:file:/home/arslanbisharat/Documents/AI4FM/tla%20bench%20dashboard/tla2tools.jar!/tla2sany/StandardModules/TLCExt.tla)
Semantic processing of module Naturals
Semantic processing of module Sequences
Semantic processing of module FiniteSets
Semantic processing of module Integers
Semantic processing of module TLC
Semantic processing of module Bitwise
Semantic processing of module Folds
Semantic processing of module Functions
Semantic processing of module SPA_Attack
Semantic processing of module TLCExt
Semantic processing of module _TLCTrace
Semantic processing of module MC
Linting of module Bitwise
Linting of module Folds
Linting of module Functions
Linting of module SPA_Attack
Linting of module TLCExt
Linting of module _TLCTrace
Linting of module MC
line 6, col 15 to line 6, col 17 of module MC

The field name "Key" in the record constructor is identical to the existing definition or declaration
named Key, located at line 74, col 10 to line 74, col 12 of module SPA_Attack.
The field in the record will not take the value of the Key definition or declaration.
In TLA+, field names in records are strings, regardless of any similarly named declarations or definitions.
Therefore, DOMAIN [Key |-> ...] = {"Key"} holds true.



Starting... (2026-06-11 18:17:00)
Implied-temporal checking--satisfiability problem has 1 branches.
Computing initial states...
Finished computing initial states: 1 distinct state generated at 2026-06-11 18:17:00.
Error: Invariant DataAccessSafeLaw is violated.
Error: The behavior up to this point is:
State 1: <Initial predicate>
/\ CapDataMsg = {}
/\ sChannel = <<>>
/\ sTCPLinkSet = {}
/\ uSvrInfo = [IP |-> 22, Port |-> 80]
/\ uState = "Start_Auth"
/\ DropPackets = {}
/\ FwState = "Work"
/\ ReplayCount = 0
/\ aState = "Listen"
/\ CapAuthMsg = {}
/\ FwDataChannel = <<>>
/\ SDPSvrState = "Work"
/\ aCounter = 0
/\ aChannel = <<>>
/\ aTCPLinkSet = {}
/\ SDPSucSession = {}
/\ aIP = 11
/\ uChannel = <<>>
/\ Account = {[Key |-> 44, ClientID |-> 1]}
/\ DataKnowledge = {}
/\ SpoofSession = {}
/\ uID = 1
/\ ReplaySession = {}
/\ sState = "Listen"
/\ Key = 44
/\ uIP = 11
/\ SpoofCount = 0
/\ AgedRuleSet = {}
/\ FwCtlChannel = <<>>
/\ sSvrInfo = [IP |-> 22, Port |-> 80]
/\ uTstamp = 0
/\ sniffCount = 0
/\ AclRuleSet = {}
/\ uSDPSvrInfo = [IP |-> 12, Port |-> 8000]
/\ aSession = {}
/\ uTCPLinkSet = {}
/\ AuthKnowledge = {}
/\ SDPSvrInfo = [IP |-> 12, Port |-> 8000]
/\ uAuthSession = {}
/\ AuthChannel = <<>>

State 2: <UsrCommitSpaAuth line 362, col 5 to line 385, col 75 of module SPA_Attack>
/\ CapDataMsg = {}
/\ sChannel = <<>>
/\ sTCPLinkSet = {}
/\ uSvrInfo = [IP |-> 22, Port |-> 80]
/\ uState = "Auth_End"
/\ DropPackets = {}
/\ FwState = "Work"
/\ ReplayCount = 0
/\ aState = "Listen"
/\ CapAuthMsg = {}
/\ FwDataChannel = <<>>
/\ SDPSvrState = "Work"
/\ aCounter = 0
/\ aChannel = <<>>
/\ aTCPLinkSet = {}
/\ SDPSucSession = {}
/\ aIP = 11
/\ uChannel = <<>>
/\ Account = {[Key |-> 44, ClientID |-> 1]}
/\ DataKnowledge = {}
/\ SpoofSession = {}
/\ uID = 1
/\ ReplaySession = {}
/\ sState = "Listen"
/\ Key = 44
/\ uIP = 11
/\ SpoofCount = 0
/\ AgedRuleSet = {}
/\ FwCtlChannel = <<>>
/\ sSvrInfo = [IP |-> 22, Port |-> 80]
/\ uTstamp = 1
/\ sniffCount = 0
/\ AclRuleSet = {}
/\ uSDPSvrInfo = [IP |-> 12, Port |-> 8000]
/\ aSession = {}
/\ uTCPLinkSet = {}
/\ AuthKnowledge = {}
/\ SDPSvrInfo = [IP |-> 12, Port |-> 8000]
/\ uAuthSession = { [ MsgID |-> "SPA_AUTH",
    sIP |-> 11,
    sPort |-> 1024,
    dIP |-> 12,
    dPort |-> 8000,
    ClientID |-> 1,
    Tstamp |-> 0,
    SvrIP |-> 58,
    SvrPort |-> 124,
    HMAC |-> 238,
    Type |-> "User" ] }
/\ AuthChannel = << [ MsgID |-> "SPA_AUTH",
     sIP |-> 11,
     sPort |-> 1024,
     dIP |-> 12,
     dPort |-> 8000,
     ClientID |-> 1,
     Tstamp |-> 0,
     SvrIP |-> 58,
     SvrPort |-> 124,
     HMAC |-> 238,
     Type |-> "User" ] >>

State 3: <UsrConnectSvr line 403, col 5 to line 420, col 72 of module SPA_Attack>
/\ CapDataMsg = {}
/\ sChannel = <<>>
/\ sTCPLinkSet = {}
/\ uSvrInfo = [IP |-> 22, Port |-> 80]
/\ uState = "Connecting"
/\ DropPackets = {}
/\ FwState = "Work"
/\ ReplayCount = 0
/\ aState = "Listen"
/\ CapAuthMsg = {}
/\ FwDataChannel = << [ sIP |-> 11,
     sPort |-> 1025,
     dIP |-> 22,
     dPort |-> 80,
     Type |-> "User",
     Flg |-> "TCP_SYN" ] >>
/\ SDPSvrState = "Work"
/\ aCounter = 0
/\ aChannel = <<>>
/\ aTCPLinkSet = {}
/\ SDPSucSession = {}
/\ aIP = 11
/\ uChannel = <<>>
/\ Account = {[Key |-> 44, ClientID |-> 1]}
/\ DataKnowledge = {}
/\ SpoofSession = {}
/\ uID = 1
/\ ReplaySession = {}
/\ sState = "Listen"
/\ Key = 44
/\ uIP = 11
/\ SpoofCount = 0
/\ AgedRuleSet = {}
/\ FwCtlChannel = <<>>
/\ sSvrInfo = [IP |-> 22, Port |-> 80]
/\ uTstamp = 1
/\ sniffCount = 0
/\ AclRuleSet = {}
/\ uSDPSvrInfo = [IP |-> 12, Port |-> 8000]
/\ aSession = {}
/\ uTCPLinkSet = {[sIP |-> 11, sPort |-> 1025, dIP |-> 22, dPort |-> 80, State |-> "SYN_SENT"]}
/\ AuthKnowledge = {}
/\ SDPSvrInfo = [IP |-> 12, Port |-> 8000]
/\ uAuthSession = { [ MsgID |-> "SPA_AUTH",
    sIP |-> 11,
    sPort |-> 1024,
    dIP |-> 12,
    dPort |-> 8000,
    ClientID |-> 1,
    Tstamp |-> 0,
    SvrIP |-> 58,
    SvrPort |-> 124,
    HMAC |-> 238,
    Type |-> "User" ] }
/\ AuthChannel = << [ MsgID |-> "SPA_AUTH",
     sIP |-> 11,
     sPort |-> 1024,
     dIP |-> 12,
     dPort |-> 8000,
     ClientID |-> 1,
     Tstamp |-> 0,
     SvrIP |-> 58,
     SvrPort |-> 124,
     HMAC |-> 238,
     Type |-> "User" ] >>

State 4: <SDPSvrProcSpaAuth line 536, col 5 to line 576, col 71 of module SPA_Attack>
/\ CapDataMsg = {}
/\ sChannel = <<>>
/\ sTCPLinkSet = {}
/\ uSvrInfo = [IP |-> 22, Port |-> 80]
/\ uState = "Connecting"
/\ DropPackets = {}
/\ FwState = "Work"
/\ ReplayCount = 0
/\ aState = "Listen"
/\ CapAuthMsg = {}
/\ FwDataChannel = << [ sIP |-> 11,
     sPort |-> 1025,
     dIP |-> 22,
     dPort |-> 80,
     Type |-> "User",
     Flg |-> "TCP_SYN" ] >>
/\ SDPSvrState = "Work"
/\ aCounter = 0
/\ aChannel = <<>>
/\ aTCPLinkSet = {}
/\ SDPSucSession = { [ MsgID |-> "SPA_AUTH",
    sIP |-> 11,
    sPort |-> 1024,
    dIP |-> 12,
    dPort |-> 8000,
    ClientID |-> 1,
    Tstamp |-> 0,
    SvrIP |-> 58,
    SvrPort |-> 124,
    HMAC |-> 238,
    Type |-> "User" ] }
/\ aIP = 11
/\ uChannel = <<>>
/\ Account = {[Key |-> 44, ClientID |-> 1]}
/\ DataKnowledge = {}
/\ SpoofSession = {}
/\ uID = 1
/\ ReplaySession = {}
/\ sState = "Listen"
/\ Key = 44
/\ uIP = 11
/\ SpoofCount = 0
/\ AgedRuleSet = {}
/\ FwCtlChannel = << [ op |-> "Add",
     Rule |->
         [ sIP |-> 11,
           sPort |-> 65536,
           dIP |-> 22,
           dPort |-> 80,
           protocol |-> "TCP",
           action |-> "Accept" ] ] >>
/\ sSvrInfo = [IP |-> 22, Port |-> 80]
/\ uTstamp = 1
/\ sniffCount = 0
/\ AclRuleSet = {}
/\ uSDPSvrInfo = [IP |-> 12, Port |-> 8000]
/\ aSession = {}
/\ uTCPLinkSet = {[sIP |-> 11, sPort |-> 1025, dIP |-> 22, dPort |-> 80, State |-> "SYN_SENT"]}
/\ AuthKnowledge = {}
/\ SDPSvrInfo = [IP |-> 12, Port |-> 8000]
/\ uAuthSession = { [ MsgID |-> "SPA_AUTH",
    sIP |-> 11,
    sPort |-> 1024,
    dIP |-> 12,
    dPort |-> 8000,
    ClientID |-> 1,
    Tstamp |-> 0,
    SvrIP |-> 58,
    SvrPort |-> 124,
    HMAC |-> 238,
    Type |-> "User" ] }
/\ AuthChannel = <<>>

State 5: <AttackerSniffDataChannel line 885, col 5 to line 903, col 28 of module SPA_Attack>
/\ CapDataMsg = { [ sIP |-> 11,
    sPort |-> 1025,
    dIP |-> 22,
    dPort |-> 80,
    Type |-> "User",
    Flg |-> "TCP_SYN" ] }
/\ sChannel = <<>>
/\ sTCPLinkSet = {}
/\ uSvrInfo = [IP |-> 22, Port |-> 80]
/\ uState = "Connecting"
/\ DropPackets = {}
/\ FwState = "Work"
/\ ReplayCount = 0
/\ aState = "Listen"
/\ CapAuthMsg = {}
/\ FwDataChannel = << [ sIP |-> 11,
     sPort |-> 1025,
     dIP |-> 22,
     dPort |-> 80,
     Type |-> "User",
     Flg |-> "TCP_SYN" ] >>
/\ SDPSvrState = "Work"
/\ aCounter = 0
/\ aChannel = <<>>
/\ aTCPLinkSet = {}
/\ SDPSucSession = { [ MsgID |-> "SPA_AUTH",
    sIP |-> 11,
    sPort |-> 1024,
    dIP |-> 12,
    dPort |-> 8000,
    ClientID |-> 1,
    Tstamp |-> 0,
    SvrIP |-> 58,
    SvrPort |-> 124,
    HMAC |-> 238,
    Type |-> "User" ] }
/\ aIP = 11
/\ uChannel = <<>>
/\ Account = {[Key |-> 44, ClientID |-> 1]}
/\ DataKnowledge = { [ sIP |-> 11,
    sPort |-> 1025,
    dIP |-> 22,
    dPort |-> 80,
    Type |-> "User",
    Flg |-> "TCP_SYN" ] }
/\ SpoofSession = {}
/\ uID = 1
/\ ReplaySession = {}
/\ sState = "Listen"
/\ Key = 44
/\ uIP = 11
/\ SpoofCount = 0
/\ AgedRuleSet = {}
/\ FwCtlChannel = << [ op |-> "Add",
     Rule |->
         [ sIP |-> 11,
           sPort |-> 65536,
           dIP |-> 22,
           dPort |-> 80,
           protocol |-> "TCP",
           action |-> "Accept" ] ] >>
/\ sSvrInfo = [IP |-> 22, Port |-> 80]
/\ uTstamp = 1
/\ sniffCount = 1
/\ AclRuleSet = {}
/\ uSDPSvrInfo = [IP |-> 12, Port |-> 8000]
/\ aSession = {}
/\ uTCPLinkSet = {[sIP |-> 11, sPort |-> 1025, dIP |-> 22, dPort |-> 80, State |-> "SYN_SENT"]}
/\ AuthKnowledge = {}
/\ SDPSvrInfo = [IP |-> 12, Port |-> 8000]
/\ uAuthSession = { [ MsgID |-> "SPA_AUTH",
    sIP |-> 11,
    sPort |-> 1024,
    dIP |-> 12,
    dPort |-> 8000,
    ClientID |-> 1,
    Tstamp |-> 0,
    SvrIP |-> 58,
    SvrPort |-> 124,
    HMAC |-> 238,
    Type |-> "User" ] }
/\ AuthChannel = <<>>

State 6: <FwProcEndPointAccess line 647, col 4 to line 677, col 63 of module SPA_Attack>
/\ CapDataMsg = { [ sIP |-> 11,
    sPort |-> 1025,
    dIP |-> 22,
    dPort |-> 80,
    Type |-> "User",
    Flg |-> "TCP_SYN" ] }
/\ sChannel = <<>>
/\ sTCPLinkSet = {}
/\ uSvrInfo = [IP |-> 22, Port |-> 80]
/\ uState = "Connecting"
/\ DropPackets = { [ sIP |-> 11,
    sPort |-> 1025,
    dIP |-> 22,
    dPort |-> 80,
    Type |-> "User",
    Flg |-> "TCP_SYN" ] }
/\ FwState = "Work"
/\ ReplayCount = 0
/\ aState = "Listen"
/\ CapAuthMsg = {}
/\ FwDataChannel = <<>>
/\ SDPSvrState = "Work"
/\ aCounter = 0
/\ aChannel = <<>>
/\ aTCPLinkSet = {}
/\ SDPSucSession = { [ MsgID |-> "SPA_AUTH",
    sIP |-> 11,
    sPort |-> 1024,
    dIP |-> 12,
    dPort |-> 8000,
    ClientID |-> 1,
    Tstamp |-> 0,
    SvrIP |-> 58,
    SvrPort |-> 124,
    HMAC |-> 238,
    Type |-> "User" ] }
/\ aIP = 11
/\ uChannel = <<>>
/\ Account = {[Key |-> 44, ClientID |-> 1]}
/\ DataKnowledge = { [ sIP |-> 11,
    sPort |-> 1025,
    dIP |-> 22,
    dPort |-> 80,
    Type |-> "User",
    Flg |-> "TCP_SYN" ] }
/\ SpoofSession = {}
/\ uID = 1
/\ ReplaySession = {}
/\ sState = "Listen"
/\ Key = 44
/\ uIP = 11
/\ SpoofCount = 0
/\ AgedRuleSet = {}
/\ FwCtlChannel = << [ op |-> "Add",
     Rule |->
         [ sIP |-> 11,
           sPort |-> 65536,
           dIP |-> 22,
           dPort |-> 80,
           protocol |-> "TCP",
           action |-> "Accept" ] ] >>
/\ sSvrInfo = [IP |-> 22, Port |-> 80]
/\ uTstamp = 1
/\ sniffCount = 1
/\ AclRuleSet = {}
/\ uSDPSvrInfo = [IP |-> 12, Port |-> 8000]
/\ aSession = {}
/\ uTCPLinkSet = {[sIP |-> 11, sPort |-> 1025, dIP |-> 22, dPort |-> 80, State |-> "SYN_SENT"]}
/\ AuthKnowledge = {}
/\ SDPSvrInfo = [IP |-> 12, Port |-> 8000]
/\ uAuthSession = { [ MsgID |-> "SPA_AUTH",
    sIP |-> 11,
    sPort |-> 1024,
    dIP |-> 12,
    dPort |-> 8000,
    ClientID |-> 1,
    Tstamp |-> 0,
    SvrIP |-> 58,
    SvrPort |-> 124,
    HMAC |-> 238,
    Type |-> "User" ] }
/\ AuthChannel = <<>>

State 7: <FwProcAclCfg line 601, col 5 to line 611, col 73 of module SPA_Attack>
/\ CapDataMsg = { [ sIP |-> 11,
    sPort |-> 1025,
    dIP |-> 22,
    dPort |-> 80,
    Type |-> "User",
    Flg |-> "TCP_SYN" ] }
/\ sChannel = <<>>
/\ sTCPLinkSet = {}
/\ uSvrInfo = [IP |-> 22, Port |-> 80]
/\ uState = "Connecting"
/\ DropPackets = { [ sIP |-> 11,
    sPort |-> 1025,
    dIP |-> 22,
    dPort |-> 80,
    Type |-> "User",
    Flg |-> "TCP_SYN" ] }
/\ FwState = "Work"
/\ ReplayCount = 0
/\ aState = "Listen"
/\ CapAuthMsg = {}
/\ FwDataChannel = <<>>
/\ SDPSvrState = "Work"
/\ aCounter = 0
/\ aChannel = <<>>
/\ aTCPLinkSet = {}
/\ SDPSucSession = { [ MsgID |-> "SPA_AUTH",
    sIP |-> 11,
    sPort |-> 1024,
    dIP |-> 12,
    dPort |-> 8000,
    ClientID |-> 1,
    Tstamp |-> 0,
    SvrIP |-> 58,
    SvrPort |-> 124,
    HMAC |-> 238,
    Type |-> "User" ] }
/\ aIP = 11
/\ uChannel = <<>>
/\ Account = {[Key |-> 44, ClientID |-> 1]}
/\ DataKnowledge = { [ sIP |-> 11,
    sPort |-> 1025,
    dIP |-> 22,
    dPort |-> 80,
    Type |-> "User",
    Flg |-> "TCP_SYN" ] }
/\ SpoofSession = {}
/\ uID = 1
/\ ReplaySession = {}
/\ sState = "Listen"
/\ Key = 44
/\ uIP = 11
/\ SpoofCount = 0
/\ AgedRuleSet = {}
/\ FwCtlChannel = <<>>
/\ sSvrInfo = [IP |-> 22, Port |-> 80]
/\ uTstamp = 1
/\ sniffCount = 1
/\ AclRuleSet = { [ sIP |-> 11,
    sPort |-> 65536,
    dIP |-> 22,
    dPort |-> 80,
    protocol |-> "TCP",
    action |-> "Accept" ] }
/\ uSDPSvrInfo = [IP |-> 12, Port |-> 8000]
/\ aSession = {}
/\ uTCPLinkSet = {[sIP |-> 11, sPort |-> 1025, dIP |-> 22, dPort |-> 80, State |-> "SYN_SENT"]}
/\ AuthKnowledge = {}
/\ SDPSvrInfo = [IP |-> 12, Port |-> 8000]
/\ uAuthSession = { [ MsgID |-> "SPA_AUTH",
    sIP |-> 11,
    sPort |-> 1024,
    dIP |-> 12,
    dPort |-> 8000,
    ClientID |-> 1,
    Tstamp |-> 0,
    SvrIP |-> 58,
    SvrPort |-> 124,
    HMAC |-> 238,
    Type |-> "User" ] }
/\ AuthChannel = <<>>

State 8: <AttackerProbeSvr line 1029, col 5 to line 1047, col 72 of module SPA_Attack>
/\ CapDataMsg = { [ sIP |-> 11,
    sPort |-> 1025,
    dIP |-> 22,
    dPort |-> 80,
    Type |-> "User",
    Flg |-> "TCP_SYN" ] }
/\ sChannel = <<>>
/\ sTCPLinkSet = {}
/\ uSvrInfo = [IP |-> 22, Port |-> 80]
/\ uState = "Connecting"
/\ DropPackets = { [ sIP |-> 11,
    sPort |-> 1025,
    dIP |-> 22,
    dPort |-> 80,
    Type |-> "User",
    Flg |-> "TCP_SYN" ] }
/\ FwState = "Work"
/\ ReplayCount = 0
/\ aState = "Listen"
/\ CapAuthMsg = {}
/\ FwDataChannel = << [ sIP |-> 11,
     sPort |-> 2024,
     dIP |-> 22,
     dPort |-> 80,
     Type |-> "Attacker",
     Flg |-> "TCP_SYN" ] >>
/\ SDPSvrState = "Work"
/\ aCounter = 1
/\ aChannel = <<>>
/\ aTCPLinkSet = { [ sIP |-> 11,
    sPort |-> 2024,
    dIP |-> 22,
    dPort |-> 80,
    State |-> "SYN_SENT",
    AuthID |-> 65535 ] }
/\ SDPSucSession = { [ MsgID |-> "SPA_AUTH",
    sIP |-> 11,
    sPort |-> 1024,
    dIP |-> 12,
    dPort |-> 8000,
    ClientID |-> 1,
    Tstamp |-> 0,
    SvrIP |-> 58,
    SvrPort |-> 124,
    HMAC |-> 238,
    Type |-> "User" ] }
/\ aIP = 11
/\ uChannel = <<>>
/\ Account = {[Key |-> 44, ClientID |-> 1]}
/\ DataKnowledge = {}
/\ SpoofSession = {}
/\ uID = 1
/\ ReplaySession = {}
/\ sState = "Listen"
/\ Key = 44
/\ uIP = 11
/\ SpoofCount = 0
/\ AgedRuleSet = {}
/\ FwCtlChannel = <<>>
/\ sSvrInfo = [IP |-> 22, Port |-> 80]
/\ uTstamp = 1
/\ sniffCount = 1
/\ AclRuleSet = { [ sIP |-> 11,
    sPort |-> 65536,
    dIP |-> 22,
    dPort |-> 80,
    protocol |-> "TCP",
    action |-> "Accept" ] }
/\ uSDPSvrInfo = [IP |-> 12, Port |-> 8000]
/\ aSession = {}
/\ uTCPLinkSet = {[sIP |-> 11, sPort |-> 1025, dIP |-> 22, dPort |-> 80, State |-> "SYN_SENT"]}
/\ AuthKnowledge = {}
/\ SDPSvrInfo = [IP |-> 12, Port |-> 8000]
/\ uAuthSession = { [ MsgID |-> "SPA_AUTH",
    sIP |-> 11,
    sPort |-> 1024,
    dIP |-> 12,
    dPort |-> 8000,
    ClientID |-> 1,
    Tstamp |-> 0,
    SvrIP |-> 58,
    SvrPort |-> 124,
    HMAC |-> 238,
    Type |-> "User" ] }
/\ AuthChannel = <<>>

State 9: <FwProcEndPointAccess line 647, col 4 to line 677, col 63 of module SPA_Attack>
/\ CapDataMsg = { [ sIP |-> 11,
    sPort |-> 1025,
    dIP |-> 22,
    dPort |-> 80,
    Type |-> "User",
    Flg |-> "TCP_SYN" ] }
/\ sChannel = << [ sIP |-> 11,
     sPort |-> 2024,
     dIP |-> 22,
     dPort |-> 80,
     Type |-> "Attacker",
     Flg |-> "TCP_SYN" ] >>
/\ sTCPLinkSet = {}
/\ uSvrInfo = [IP |-> 22, Port |-> 80]
/\ uState = "Connecting"
/\ DropPackets = { [ sIP |-> 11,
    sPort |-> 1025,
    dIP |-> 22,
    dPort |-> 80,
    Type |-> "User",
    Flg |-> "TCP_SYN" ] }
/\ FwState = "Work"
/\ ReplayCount = 0
/\ aState = "Listen"
/\ CapAuthMsg = {}
/\ FwDataChannel = <<>>
/\ SDPSvrState = "Work"
/\ aCounter = 1
/\ aChannel = <<>>
/\ aTCPLinkSet = { [ sIP |-> 11,
    sPort |-> 2024,
    dIP |-> 22,
    dPort |-> 80,
    State |-> "SYN_SENT",
    AuthID |-> 65535 ] }
/\ SDPSucSession = { [ MsgID |-> "SPA_AUTH",
    sIP |-> 11,
    sPort |-> 1024,
    dIP |-> 12,
    dPort |-> 8000,
    ClientID |-> 1,
    Tstamp |-> 0,
    SvrIP |-> 58,
    SvrPort |-> 124,
    HMAC |-> 238,
    Type |-> "User" ] }
/\ aIP = 11
/\ uChannel = <<>>
/\ Account = {[Key |-> 44, ClientID |-> 1]}
/\ DataKnowledge = {}
/\ SpoofSession = {}
/\ uID = 1
/\ ReplaySession = {}
/\ sState = "Listen"
/\ Key = 44
/\ uIP = 11
/\ SpoofCount = 0
/\ AgedRuleSet = {}
/\ FwCtlChannel = <<>>
/\ sSvrInfo = [IP |-> 22, Port |-> 80]
/\ uTstamp = 1
/\ sniffCount = 1
/\ AclRuleSet = { [ sIP |-> 11,
    sPort |-> 2024,
    dIP |-> 22,
    dPort |-> 80,
    protocol |-> "TCP",
    action |-> "Accept" ],
  [ sIP |-> 11,
    sPort |-> 65536,
    dIP |-> 22,
    dPort |-> 80,
    protocol |-> "TCP",
    action |-> "Accept" ] }
/\ uSDPSvrInfo = [IP |-> 12, Port |-> 8000]
/\ aSession = {}
/\ uTCPLinkSet = {[sIP |-> 11, sPort |-> 1025, dIP |-> 22, dPort |-> 80, State |-> "SYN_SENT"]}
/\ AuthKnowledge = {}
/\ SDPSvrInfo = [IP |-> 12, Port |-> 8000]
/\ uAuthSession = { [ MsgID |-> "SPA_AUTH",
    sIP |-> 11,
    sPort |-> 1024,
    dIP |-> 12,
    dPort |-> 8000,
    ClientID |-> 1,
    Tstamp |-> 0,
    SvrIP |-> 58,
    SvrPort |-> 124,
    HMAC |-> 238,
    Type |-> "User" ] }
/\ AuthChannel = <<>>

State 10: <ServerRcvTCPSyn line 727, col 5 to line 777, col 59 of module SPA_Attack>
/\ CapDataMsg = { [ sIP |-> 11,
    sPort |-> 1025,
    dIP |-> 22,
    dPort |-> 80,
    Type |-> "User",
    Flg |-> "TCP_SYN" ] }
/\ sChannel = <<>>
/\ sTCPLinkSet = { [ sIP |-> 22,
    sPort |-> 80,
    dIP |-> 11,
    dPort |-> 2024,
    Type |-> "Attacker",
    State |-> "SYN_RCVD" ] }
/\ uSvrInfo = [IP |-> 22, Port |-> 80]
/\ uState = "Connecting"
/\ DropPackets = { [ sIP |-> 11,
    sPort |-> 1025,
    dIP |-> 22,
    dPort |-> 80,
    Type |-> "User",
    Flg |-> "TCP_SYN" ] }
/\ FwState = "Work"
/\ ReplayCount = 0
/\ aState = "Listen"
/\ CapAuthMsg = {}
/\ FwDataChannel = <<>>
/\ SDPSvrState = "Work"
/\ aCounter = 1
/\ aChannel = << [ sIP |-> 22,
     sPort |-> 80,
     dIP |-> 11,
     dPort |-> 2024,
     Type |-> "Attacker",
     Flg |-> "TCP_SYN_ACK" ] >>
/\ aTCPLinkSet = { [ sIP |-> 11,
    sPort |-> 2024,
    dIP |-> 22,
    dPort |-> 80,
    State |-> "SYN_SENT",
    AuthID |-> 65535 ] }
/\ SDPSucSession = { [ MsgID |-> "SPA_AUTH",
    sIP |-> 11,
    sPort |-> 1024,
    dIP |-> 12,
    dPort |-> 8000,
    ClientID |-> 1,
    Tstamp |-> 0,
    SvrIP |-> 58,
    SvrPort |-> 124,
    HMAC |-> 238,
    Type |-> "User" ] }
/\ aIP = 11
/\ uChannel = <<>>
/\ Account = {[Key |-> 44, ClientID |-> 1]}
/\ DataKnowledge = {}
/\ SpoofSession = {}
/\ uID = 1
/\ ReplaySession = {}
/\ sState = "Listen"
/\ Key = 44
/\ uIP = 11
/\ SpoofCount = 0
/\ AgedRuleSet = {}
/\ FwCtlChannel = <<>>
/\ sSvrInfo = [IP |-> 22, Port |-> 80]
/\ uTstamp = 1
/\ sniffCount = 1
/\ AclRuleSet = { [ sIP |-> 11,
    sPort |-> 2024,
    dIP |-> 22,
    dPort |-> 80,
    protocol |-> "TCP",
    action |-> "Accept" ],
  [ sIP |-> 11,
    sPort |-> 65536,
    dIP |-> 22,
    dPort |-> 80,
    protocol |-> "TCP",
    action |-> "Accept" ] }
/\ uSDPSvrInfo = [IP |-> 12, Port |-> 8000]
/\ aSession = {}
/\ uTCPLinkSet = {[sIP |-> 11, sPort |-> 1025, dIP |-> 22, dPort |-> 80, State |-> "SYN_SENT"]}
/\ AuthKnowledge = {}
/\ SDPSvrInfo = [IP |-> 12, Port |-> 8000]
/\ uAuthSession = { [ MsgID |-> "SPA_AUTH",
    sIP |-> 11,
    sPort |-> 1024,
    dIP |-> 12,
    dPort |-> 8000,
    ClientID |-> 1,
    Tstamp |-> 0,
    SvrIP |-> 58,
    SvrPort |-> 124,
    HMAC |-> 238,
    Type |-> "User" ] }
/\ AuthChannel = <<>>

State 11: <AttackerRcvSynAck line 1056, col 5 to line 1079, col 63 of module SPA_Attack>
/\ CapDataMsg = { [ sIP |-> 11,
    sPort |-> 1025,
    dIP |-> 22,
    dPort |-> 80,
    Type |-> "User",
    Flg |-> "TCP_SYN" ] }
/\ sChannel = <<>>
/\ sTCPLinkSet = { [ sIP |-> 22,
    sPort |-> 80,
    dIP |-> 11,
    dPort |-> 2024,
    Type |-> "Attacker",
    State |-> "SYN_RCVD" ] }
/\ uSvrInfo = [IP |-> 22, Port |-> 80]
/\ uState = "Connecting"
/\ DropPackets = { [ sIP |-> 11,
    sPort |-> 1025,
    dIP |-> 22,
    dPort |-> 80,
    Type |-> "User",
    Flg |-> "TCP_SYN" ] }
/\ FwState = "Work"
/\ ReplayCount = 0
/\ aState = "Listen"
/\ CapAuthMsg = {}
/\ FwDataChannel = << [ sIP |-> 11,
     sPort |-> 2024,
     dIP |-> 22,
     dPort |-> 80,
     Type |-> "Attacker",
     Flg |-> "TCP_ACK" ] >>
/\ SDPSvrState = "Work"
/\ aCounter = 1
/\ aChannel = <<>>
/\ aTCPLinkSet = { [ sIP |-> 11,
    sPort |-> 2024,
    dIP |-> 22,
    dPort |-> 80,
    State |-> "ESTABLISHED",
    AuthID |-> 65535 ] }
/\ SDPSucSession = { [ MsgID |-> "SPA_AUTH",
    sIP |-> 11,
    sPort |-> 1024,
    dIP |-> 12,
    dPort |-> 8000,
    ClientID |-> 1,
    Tstamp |-> 0,
    SvrIP |-> 58,
    SvrPort |-> 124,
    HMAC |-> 238,
    Type |-> "User" ] }
/\ aIP = 11
/\ uChannel = <<>>
/\ Account = {[Key |-> 44, ClientID |-> 1]}
/\ DataKnowledge = {}
/\ SpoofSession = {}
/\ uID = 1
/\ ReplaySession = {}
/\ sState = "Listen"
/\ Key = 44
/\ uIP = 11
/\ SpoofCount = 0
/\ AgedRuleSet = {}
/\ FwCtlChannel = <<>>
/\ sSvrInfo = [IP |-> 22, Port |-> 80]
/\ uTstamp = 1
/\ sniffCount = 1
/\ AclRuleSet = { [ sIP |-> 11,
    sPort |-> 2024,
    dIP |-> 22,
    dPort |-> 80,
    protocol |-> "TCP",
    action |-> "Accept" ],
  [ sIP |-> 11,
    sPort |-> 65536,
    dIP |-> 22,
    dPort |-> 80,
    protocol |-> "TCP",
    action |-> "Accept" ] }
/\ uSDPSvrInfo = [IP |-> 12, Port |-> 8000]
/\ aSession = {}
/\ uTCPLinkSet = {[sIP |-> 11, sPort |-> 1025, dIP |-> 22, dPort |-> 80, State |-> "SYN_SENT"]}
/\ AuthKnowledge = {}
/\ SDPSvrInfo = [IP |-> 12, Port |-> 8000]
/\ uAuthSession = { [ MsgID |-> "SPA_AUTH",
    sIP |-> 11,
    sPort |-> 1024,
    dIP |-> 12,
    dPort |-> 8000,
    ClientID |-> 1,
    Tstamp |-> 0,
    SvrIP |-> 58,
    SvrPort |-> 124,
    HMAC |-> 238,
    Type |-> "User" ] }
/\ AuthChannel = <<>>

1103 states generated, 526 distinct states found, 175 states left on queue.
The depth of the complete state graph search is 11.
Finished in 01s at (2026-06-11 18:17:01)
Trace exploration spec path: ./MC_TTrace_1781219819.tla

--STDERR--
