TLC2 Version 2026.04.22.172729 (rev: 6320a09)
Warning: Please run the Java VM, which executes TLC with a throughput optimized garbage collector, by passing the "-XX:+UseParallelGC" property.
(Use the -nowarning option to disable this warning.)
Running breadth-first search Model-Checking with fp 128 and seed -319654972027745287 with 1 worker on 112 cores with 30688MB heap and 64MB offheap memory [pid: 1930068] (Linux 6.8.0-111-generic amd64, Eclipse Adoptium 11.0.25 64bit, MSBDiskFPSet, DiskStateQueue).
Parsing file /tmp/tmpgq5r51my/SlidingPuzzles_anim.tla
Parsing file /tmp/tlc-4171501067099273978/TLC.tla (jar:file:/home/arslanbisharat/Documents/AI4FM/tla%20bench%20dashboard/tla2tools.jar!/tla2sany/StandardModules/TLC.tla)
Parsing file /tmp/tmpgq5r51my/SVG.tla
Parsing file /tmp/tmpgq5r51my/SequencesExt.tla
Parsing file /tmp/tmpgq5r51my/SlidingPuzzles.tla
Parsing file /tmp/tlc-4171501067099273978/_TLCTrace.tla (jar:file:/home/arslanbisharat/Documents/AI4FM/tla%20bench%20dashboard/tla2tools.jar!/tla2sany/StandardModules/_TLCTrace.tla)
Parsing file /tmp/tlc-4171501067099273978/Sequences.tla (jar:file:/home/arslanbisharat/Documents/AI4FM/tla%20bench%20dashboard/tla2tools.jar!/tla2sany/StandardModules/Sequences.tla)
Parsing file /tmp/tlc-4171501067099273978/Naturals.tla (jar:file:/home/arslanbisharat/Documents/AI4FM/tla%20bench%20dashboard/tla2tools.jar!/tla2sany/StandardModules/Naturals.tla)
Parsing file /tmp/tlc-4171501067099273978/FiniteSets.tla (jar:file:/home/arslanbisharat/Documents/AI4FM/tla%20bench%20dashboard/tla2tools.jar!/tla2sany/StandardModules/FiniteSets.tla)
Parsing file /tmp/tmpgq5r51my/FiniteSetsExt.tla
Parsing file /tmp/tmpgq5r51my/Folds.tla
Parsing file /tmp/tmpgq5r51my/Functions.tla
Parsing file /tmp/tlc-4171501067099273978/Bags.tla (jar:file:/home/arslanbisharat/Documents/AI4FM/tla%20bench%20dashboard/tla2tools.jar!/tla2sany/StandardModules/Bags.tla)
Parsing file /tmp/tlc-4171501067099273978/Integers.tla (jar:file:/home/arslanbisharat/Documents/AI4FM/tla%20bench%20dashboard/tla2tools.jar!/tla2sany/StandardModules/Integers.tla)
Parsing file /tmp/tmpgq5r51my/IOUtils.tla
Parsing file /tmp/tlc-4171501067099273978/TLCExt.tla (jar:file:/home/arslanbisharat/Documents/AI4FM/tla%20bench%20dashboard/tla2tools.jar!/tla2sany/StandardModules/TLCExt.tla)
Semantic processing of module Naturals
Semantic processing of module Sequences
Semantic processing of module FiniteSets
Semantic processing of module TLC
Semantic processing of module Integers
Semantic processing of module Folds
Semantic processing of module Functions
Semantic processing of module FiniteSetsExt
Semantic processing of module Bags
Semantic processing of module SequencesExt
Semantic processing of module IOUtils
Semantic processing of module SVG
Semantic processing of module SlidingPuzzles
Semantic processing of module TLCExt
Semantic processing of module _TLCTrace
Semantic processing of module SlidingPuzzles_anim
Linting of module Folds
Linting of module Functions
Linting of module FiniteSetsExt
Linting of module SequencesExt
Linting of module IOUtils
Linting of module SVG
Linting of module SlidingPuzzles
Linting of module TLCExt
Linting of module _TLCTrace
Linting of module SlidingPuzzles_anim
Starting... (2026-06-11 18:17:14)
Computing initial states...
Finished computing initial states: 1 distinct state generated at 2026-06-11 18:17:14.
Error: Invariant KlotskiGoal is violated.
Error: The behavior up to this point is:
State 1: <Initial predicate>
/\ board = { {<<0, 4>>},
  {<<1, 3>>},
  {<<2, 3>>},
  {<<3, 4>>},
  {<<0, 0>>, <<0, 1>>},
  {<<0, 2>>, <<0, 3>>},
  {<<1, 2>>, <<2, 2>>},
  {<<3, 0>>, <<3, 1>>},
  {<<3, 2>>, <<3, 3>>},
  {<<1, 0>>, <<1, 1>>, <<2, 0>>, <<2, 1>>} }
/\ _ALIASEvalError = "Attempted to apply the operator overridden by the Java method\npublic static synchronized tlc2.value.impl.Value tlc2.module.Json.textSerialize(tlc2.tool.impl.Tool,tla2sany.semantic.ExprOrOpArgNode[],tlc2.util.Context,tlc2.tool.TLCState,tlc2.tool.TLCState,int,tlc2.tool.coverage.CostModel),\nbut it produced the following error:\nAttempted to enumerate a set of the form [l1 : v1, ..., ln : vn],\nbut can't enumerate the value of the `exitValue' field:\nInt"

State 2: <Next line 59, col 13 to line 59, col 56 of module SlidingPuzzles>
/\ board = { {<<1, 3>>},
  {<<1, 4>>},
  {<<2, 3>>},
  {<<3, 4>>},
  {<<0, 0>>, <<0, 1>>},
  {<<0, 2>>, <<0, 3>>},
  {<<1, 2>>, <<2, 2>>},
  {<<3, 0>>, <<3, 1>>},
  {<<3, 2>>, <<3, 3>>},
  {<<1, 0>>, <<1, 1>>, <<2, 0>>, <<2, 1>>} }
/\ _ALIASEvalError = "Attempted to apply the operator overridden by the Java method\npublic static synchronized tlc2.value.impl.Value tlc2.module.Json.textSerialize(tlc2.tool.impl.Tool,tla2sany.semantic.ExprOrOpArgNode[],tlc2.util.Context,tlc2.tool.TLCState,tlc2.tool.TLCState,int,tlc2.tool.coverage.CostModel),\nbut it produced the following error:\nAttempted to enumerate a set of the form [l1 : v1, ..., ln : vn],\nbut can't enumerate the value of the `exitValue' field:\nInt"

State 3: <Next line 59, col 13 to line 59, col 56 of module SlidingPuzzles>
/\ board = { {<<1, 3>>},
  {<<1, 4>>},
  {<<2, 3>>},
  {<<3, 4>>},
  {<<0, 0>>, <<0, 1>>},
  {<<0, 3>>, <<0, 4>>},
  {<<1, 2>>, <<2, 2>>},
  {<<3, 0>>, <<3, 1>>},
  {<<3, 2>>, <<3, 3>>},
  {<<1, 0>>, <<1, 1>>, <<2, 0>>, <<2, 1>>} }
/\ _ALIASEvalError = "Attempted to apply the operator overridden by the Java method\npublic static synchronized tlc2.value.impl.Value tlc2.module.Json.textSerialize(tlc2.tool.impl.Tool,tla2sany.semantic.ExprOrOpArgNode[],tlc2.util.Context,tlc2.tool.TLCState,tlc2.tool.TLCState,int,tlc2.tool.coverage.CostModel),\nbut it produced the following error:\nAttempted to enumerate a set of the form [l1 : v1, ..., ln : vn],\nbut can't enumerate the value of the `exitValue' field:\nInt"

State 4: <Next line 59, col 13 to line 59, col 56 of module SlidingPuzzles>
/\ board = { {<<1, 3>>},
  {<<1, 4>>},
  {<<2, 3>>},
  {<<3, 4>>},
  {<<0, 0>>, <<0, 1>>},
  {<<0, 2>>, <<1, 2>>},
  {<<0, 3>>, <<0, 4>>},
  {<<3, 0>>, <<3, 1>>},
  {<<3, 2>>, <<3, 3>>},
  {<<1, 0>>, <<1, 1>>, <<2, 0>>, <<2, 1>>} }
/\ _ALIASEvalError = "Attempted to apply the operator overridden by the Java method\npublic static synchronized tlc2.value.impl.Value tlc2.module.Json.textSerialize(tlc2.tool.impl.Tool,tla2sany.semantic.ExprOrOpArgNode[],tlc2.util.Context,tlc2.tool.TLCState,tlc2.tool.TLCState,int,tlc2.tool.coverage.CostModel),\nbut it produced the following error:\nAttempted to enumerate a set of the form [l1 : v1, ..., ln : vn],\nbut can't enumerate the value of the `exitValue' field:\nInt"

State 5: <Next line 59, col 13 to line 59, col 56 of module SlidingPuzzles>
/\ board = { {<<1, 3>>},
  {<<1, 4>>},
  {<<2, 2>>},
  {<<3, 4>>},
  {<<0, 0>>, <<0, 1>>},
  {<<0, 2>>, <<1, 2>>},
  {<<0, 3>>, <<0, 4>>},
  {<<3, 0>>, <<3, 1>>},
  {<<3, 2>>, <<3, 3>>},
  {<<1, 0>>, <<1, 1>>, <<2, 0>>, <<2, 1>>} }
/\ _ALIASEvalError = "Attempted to apply the operator overridden by the Java method\npublic static synchronized tlc2.value.impl.Value tlc2.module.Json.textSerialize(tlc2.tool.impl.Tool,tla2sany.semantic.ExprOrOpArgNode[],tlc2.util.Context,tlc2.tool.TLCState,tlc2.tool.TLCState,int,tlc2.tool.coverage.CostModel),\nbut it produced the following error:\nAttempted to enumerate a set of the form [l1 : v1, ..., ln : vn],\nbut can't enumerate the value of the `exitValue' field:\nInt"

State 6: <Next line 59, col 13 to line 59, col 56 of module SlidingPuzzles>
/\ board = { {<<1, 3>>},
  {<<1, 4>>},
  {<<2, 2>>},
  {<<2, 4>>},
  {<<0, 0>>, <<0, 1>>},
  {<<0, 2>>, <<1, 2>>},
  {<<0, 3>>, <<0, 4>>},
  {<<3, 0>>, <<3, 1>>},
  {<<3, 2>>, <<3, 3>>},
  {<<1, 0>>, <<1, 1>>, <<2, 0>>, <<2, 1>>} }
/\ _ALIASEvalError = "Attempted to apply the operator overridden by the Java method\npublic static synchronized tlc2.value.impl.Value tlc2.module.Json.textSerialize(tlc2.tool.impl.Tool,tla2sany.semantic.ExprOrOpArgNode[],tlc2.util.Context,tlc2.tool.TLCState,tlc2.tool.TLCState,int,tlc2.tool.coverage.CostModel),\nbut it produced the following error:\nAttempted to enumerate a set of the form [l1 : v1, ..., ln : vn],\nbut can't enumerate the value of the `exitValue' field:\nInt"

State 7: <Next line 59, col 13 to line 59, col 56 of module SlidingPuzzles>
/\ board = { {<<1, 3>>},
  {<<1, 4>>},
  {<<2, 2>>},
  {<<2, 4>>},
  {<<0, 0>>, <<0, 1>>},
  {<<0, 2>>, <<1, 2>>},
  {<<0, 3>>, <<0, 4>>},
  {<<3, 0>>, <<3, 1>>},
  {<<3, 3>>, <<3, 4>>},
  {<<1, 0>>, <<1, 1>>, <<2, 0>>, <<2, 1>>} }
/\ _ALIASEvalError = "Attempted to apply the operator overridden by the Java method\npublic static synchronized tlc2.value.impl.Value tlc2.module.Json.textSerialize(tlc2.tool.impl.Tool,tla2sany.semantic.ExprOrOpArgNode[],tlc2.util.Context,tlc2.tool.TLCState,tlc2.tool.TLCState,int,tlc2.tool.coverage.CostModel),\nbut it produced the following error:\nAttempted to enumerate a set of the form [l1 : v1, ..., ln : vn],\nbut can't enumerate the value of the `exitValue' field:\nInt"

State 8: <Next line 59, col 13 to line 59, col 56 of module SlidingPuzzles>
/\ board = { {<<1, 3>>},
  {<<1, 4>>},
  {<<2, 4>>},
  {<<3, 2>>},
  {<<0, 0>>, <<0, 1>>},
  {<<0, 2>>, <<1, 2>>},
  {<<0, 3>>, <<0, 4>>},
  {<<3, 0>>, <<3, 1>>},
  {<<3, 3>>, <<3, 4>>},
  {<<1, 0>>, <<1, 1>>, <<2, 0>>, <<2, 1>>} }
/\ _ALIASEvalError = "Attempted to apply the operator overridden by the Java method\npublic static synchronized tlc2.value.impl.Value tlc2.module.Json.textSerialize(tlc2.tool.impl.Tool,tla2sany.semantic.ExprOrOpArgNode[],tlc2.util.Context,tlc2.tool.TLCState,tlc2.tool.TLCState,int,tlc2.tool.coverage.CostModel),\nbut it produced the following error:\nAttempted to enumerate a set of the form [l1 : v1, ..., ln : vn],\nbut can't enumerate the value of the `exitValue' field:\nInt"

State 9: <Next line 59, col 13 to line 59, col 56 of module SlidingPuzzles>
/\ board = { {<<1, 3>>},
  {<<1, 4>>},
  {<<2, 4>>},
  {<<3, 2>>},
  {<<0, 0>>, <<0, 1>>},
  {<<0, 3>>, <<0, 4>>},
  {<<1, 2>>, <<2, 2>>},
  {<<3, 0>>, <<3, 1>>},
  {<<3, 3>>, <<3, 4>>},
  {<<1, 0>>, <<1, 1>>, <<2, 0>>, <<2, 1>>} }
/\ _ALIASEvalError = "Attempted to apply the operator overridden by the Java method\npublic static synchronized tlc2.value.impl.Value tlc2.module.Json.textSerialize(tlc2.tool.impl.Tool,tla2sany.semantic.ExprOrOpArgNode[],tlc2.util.Context,tlc2.tool.TLCState,tlc2.tool.TLCState,int,tlc2.tool.coverage.CostModel),\nbut it produced the following error:\nAttempted to enumerate a set of the form [l1 : v1, ..., ln : vn],\nbut can't enumerate the value of the `exitValue' field:\nInt"

State 10: <Next line 59, col 13 to line 59, col 56 of module SlidingPuzzles>
/\ board = { {<<1, 3>>},
  {<<1, 4>>},
  {<<2, 4>>},
  {<<3, 2>>},
  {<<0, 0>>, <<0, 1>>},
  {<<0, 2>>, <<0, 3>>},
  {<<1, 2>>, <<2, 2>>},
  {<<3, 0>>, <<3, 1>>},
  {<<3, 3>>, <<3, 4>>},
  {<<1, 0>>, <<1, 1>>, <<2, 0>>, <<2, 1>>} }
/\ _ALIASEvalError = "Attempted to apply the operator overridden by the Java method\npublic static synchronized tlc2.value.impl.Value tlc2.module.Json.textSerialize(tlc2.tool.impl.Tool,tla2sany.semantic.ExprOrOpArgNode[],tlc2.util.Context,tlc2.tool.TLCState,tlc2.tool.TLCState,int,tlc2.tool.coverage.CostModel),\nbut it produced the following error:\nAttempted to enumerate a set of the form [l1 : v1, ..., ln : vn],\nbut can't enumerate the value of the `exitValue' field:\nInt"

State 11: <Next line 59, col 13 to line 59, col 56 of module SlidingPuzzles>
/\ board = { {<<0, 4>>},
  {<<1, 3>>},
  {<<2, 4>>},
  {<<3, 2>>},
  {<<0, 0>>, <<0, 1>>},
  {<<0, 2>>, <<0, 3>>},
  {<<1, 2>>, <<2, 2>>},
  {<<3, 0>>, <<3, 1>>},
  {<<3, 3>>, <<3, 4>>},
  {<<1, 0>>, <<1, 1>>, <<2, 0>>, <<2, 1>>} }
/\ _ALIASEvalError = "Attempted to apply the operator overridden by the Java method\npublic static synchronized tlc2.value.impl.Value tlc2.module.Json.textSerialize(tlc2.tool.impl.Tool,tla2sany.semantic.ExprOrOpArgNode[],tlc2.util.Context,tlc2.tool.TLCState,tlc2.tool.TLCState,int,tlc2.tool.coverage.CostModel),\nbut it produced the following error:\nAttempted to enumerate a set of the form [l1 : v1, ..., ln : vn],\nbut can't enumerate the value of the `exitValue' field:\nInt"

State 12: <Next line 59, col 13 to line 59, col 56 of module SlidingPuzzles>
/\ board = { {<<0, 4>>},
  {<<1, 3>>},
  {<<1, 4>>},
  {<<3, 2>>},
  {<<0, 0>>, <<0, 1>>},
  {<<0, 2>>, <<0, 3>>},
  {<<1, 2>>, <<2, 2>>},
  {<<3, 0>>, <<3, 1>>},
  {<<3, 3>>, <<3, 4>>},
  {<<1, 0>>, <<1, 1>>, <<2, 0>>, <<2, 1>>} }
/\ _ALIASEvalError = "Attempted to apply the operator overridden by the Java method\npublic static synchronized tlc2.value.impl.Value tlc2.module.Json.textSerialize(tlc2.tool.impl.Tool,tla2sany.semantic.ExprOrOpArgNode[],tlc2.util.Context,tlc2.tool.TLCState,tlc2.tool.TLCState,int,tlc2.tool.coverage.CostModel),\nbut it produced the following error:\nAttempted to enumerate a set of the form [l1 : v1, ..., ln : vn],\nbut can't enumerate the value of the `exitValue' field:\nInt"

State 13: <Next line 59, col 13 to line 59, col 56 of module SlidingPuzzles>
/\ board = { {<<0, 4>>},
  {<<1, 3>>},
  {<<1, 4>>},
  {<<3, 2>>},
  {<<0, 0>>, <<0, 1>>},
  {<<0, 2>>, <<0, 3>>},
  {<<1, 2>>, <<2, 2>>},
  {<<2, 3>>, <<2, 4>>},
  {<<3, 0>>, <<3, 1>>},
  {<<1, 0>>, <<1, 1>>, <<2, 0>>, <<2, 1>>} }
/\ _ALIASEvalError = "Attempted to apply the operator overridden by the Java method\npublic static synchronized tlc2.value.impl.Value tlc2.module.Json.textSerialize(tlc2.tool.impl.Tool,tla2sany.semantic.ExprOrOpArgNode[],tlc2.util.Context,tlc2.tool.TLCState,tlc2.tool.TLCState,int,tlc2.tool.coverage.CostModel),\nbut it produced the following error:\nAttempted to enumerate a set of the form [l1 : v1, ..., ln : vn],\nbut can't enumerate the value of the `exitValue' field:\nInt"

State 14: <Next line 59, col 13 to line 59, col 56 of module SlidingPuzzles>
/\ board = { {<<0, 4>>},
  {<<1, 3>>},
  {<<1, 4>>},
  {<<3, 3>>},
  {<<0, 0>>, <<0, 1>>},
  {<<0, 2>>, <<0, 3>>},
  {<<1, 2>>, <<2, 2>>},
  {<<2, 3>>, <<2, 4>>},
  {<<3, 0>>, <<3, 1>>},
  {<<1, 0>>, <<1, 1>>, <<2, 0>>, <<2, 1>>} }
/\ _ALIASEvalError = "Attempted to apply the operator overridden by the Java method\npublic static synchronized tlc2.value.impl.Value tlc2.module.Json.textSerialize(tlc2.tool.impl.Tool,tla2sany.semantic.ExprOrOpArgNode[],tlc2.util.Context,tlc2.tool.TLCState,tlc2.tool.TLCState,int,tlc2.tool.coverage.CostModel),\nbut it produced the following error:\nAttempted to enumerate a set of the form [l1 : v1, ..., ln : vn],\nbut can't enumerate the value of the `exitValue' field:\nInt"

State 15: <Next line 59, col 13 to line 59, col 56 of module SlidingPuzzles>
/\ board = { {<<0, 4>>},
  {<<1, 3>>},
  {<<1, 4>>},
  {<<3, 3>>},
  {<<0, 0>>, <<0, 1>>},
  {<<0, 2>>, <<0, 3>>},
  {<<2, 2>>, <<3, 2>>},
  {<<2, 3>>, <<2, 4>>},
  {<<3, 0>>, <<3, 1>>},
  {<<1, 0>>, <<1, 1>>, <<2, 0>>, <<2, 1>>} }
/\ _ALIASEvalError = "Attempted to apply the operator overridden by the Java method\npublic static synchronized tlc2.value.impl.Value tlc2.module.Json.textSerialize(tlc2.tool.impl.Tool,tla2sany.semantic.ExprOrOpArgNode[],tlc2.util.Context,tlc2.tool.TLCState,tlc2.tool.TLCState,int,tlc2.tool.coverage.CostModel),\nbut it produced the following error:\nAttempted to enumerate a set of the form [l1 : v1, ..., ln : vn],\nbut can't enumerate the value of the `exitValue' field:\nInt"

State 16: <Next line 59, col 13 to line 59, col 56 of module SlidingPuzzles>
/\ board = { {<<0, 4>>},
  {<<1, 2>>},
  {<<1, 4>>},
  {<<3, 3>>},
  {<<0, 0>>, <<0, 1>>},
  {<<0, 2>>, <<0, 3>>},
  {<<2, 2>>, <<3, 2>>},
  {<<2, 3>>, <<2, 4>>},
  {<<3, 0>>, <<3, 1>>},
  {<<1, 0>>, <<1, 1>>, <<2, 0>>, <<2, 1>>} }
/\ _ALIASEvalError = "Attempted to apply the operator overridden by the Java method\npublic static synchronized tlc2.value.impl.Value tlc2.module.Json.textSerialize(tlc2.tool.impl.Tool,tla2sany.semantic.ExprOrOpArgNode[],tlc2.util.Context,tlc2.tool.TLCState,tlc2.tool.TLCState,int,tlc2.tool.coverage.CostModel),\nbut it produced the following error:\nAttempted to enumerate a set of the form [l1 : v1, ..., ln : vn],\nbut can't enumerate the value of the `exitValue' field:\nInt"

State 17: <Next line 59, col 13 to line 59, col 56 of module SlidingPuzzles>
/\ board = { {<<0, 4>>},
  {<<1, 2>>},
  {<<1, 3>>},
  {<<3, 3>>},
  {<<0, 0>>, <<0, 1>>},
  {<<0, 2>>, <<0, 3>>},
  {<<2, 2>>, <<3, 2>>},
  {<<2, 3>>, <<2, 4>>},
  {<<3, 0>>, <<3, 1>>},
  {<<1, 0>>, <<1, 1>>, <<2, 0>>, <<2, 1>>} }
/\ _ALIASEvalError = "Attempted to apply the operator overridden by the Java method\npublic static synchronized tlc2.value.impl.Value tlc2.module.Json.textSerialize(tlc2.tool.impl.Tool,tla2sany.semantic.ExprOrOpArgNode[],tlc2.util.Context,tlc2.tool.TLCState,tlc2.tool.TLCState,int,tlc2.tool.coverage.CostModel),\nbut it produced the following error:\nAttempted to enumerate a set of the form [l1 : v1, ..., ln : vn],\nbut can't enumerate the value of the `exitValue' field:\nInt"

State 18: <Next line 59, col 13 to line 59, col 56 of module SlidingPuzzles>
/\ board = { {<<1, 2>>},
  {<<1, 3>>},
  {<<1, 4>>},
  {<<3, 3>>},
  {<<0, 0>>, <<0, 1>>},
  {<<0, 2>>, <<0, 3>>},
  {<<2, 2>>, <<3, 2>>},
  {<<2, 3>>, <<2, 4>>},
  {<<3, 0>>, <<3, 1>>},
  {<<1, 0>>, <<1, 1>>, <<2, 0>>, <<2, 1>>} }
/\ _ALIASEvalError = "Attempted to apply the operator overridden by the Java method\npublic static synchronized tlc2.value.impl.Value tlc2.module.Json.textSerialize(tlc2.tool.impl.Tool,tla2sany.semantic.ExprOrOpArgNode[],tlc2.util.Context,tlc2.tool.TLCState,tlc2.tool.TLCState,int,tlc2.tool.coverage.CostModel),\nbut it produced the following error:\nAttempted to enumerate a set of the form [l1 : v1, ..., ln : vn],\nbut can't enumerate the value of the `exitValue' field:\nInt"

State 19: <Next line 59, col 13 to line 59, col 56 of module SlidingPuzzles>
/\ board = { {<<1, 2>>},
  {<<1, 3>>},
  {<<1, 4>>},
  {<<3, 3>>},
  {<<0, 0>>, <<0, 1>>},
  {<<0, 3>>, <<0, 4>>},
  {<<2, 2>>, <<3, 2>>},
  {<<2, 3>>, <<2, 4>>},
  {<<3, 0>>, <<3, 1>>},
  {<<1, 0>>, <<1, 1>>, <<2, 0>>, <<2, 1>>} }
/\ _ALIASEvalError = "Attempted to apply the operator overridden by the Java method\npublic static synchronized tlc2.value.impl.Value tlc2.module.Json.textSerialize(tlc2.tool.impl.Tool,tla2sany.semantic.ExprOrOpArgNode[],tlc2.util.Context,tlc2.tool.TLCState,tlc2.tool.TLCState,int,tlc2.tool.coverage.CostModel),\nbut it produced the following error:\nAttempted to enumerate a set of the form [l1 : v1, ..., ln : vn],\nbut can't enumerate the value of the `exitValue' field:\nInt"

State 20: <Next line 59, col 13 to line 59, col 56 of module SlidingPuzzles>
/\ board = { {<<0, 2>>},
  {<<1, 3>>},
  {<<1, 4>>},
  {<<3, 3>>},
  {<<0, 0>>, <<0, 1>>},
  {<<0, 3>>, <<0, 4>>},
  {<<2, 2>>, <<3, 2>>},
  {<<2, 3>>, <<2, 4>>},
  {<<3, 0>>, <<3, 1>>},
  {<<1, 0>>, <<1, 1>>, <<2, 0>>, <<2, 1>>} }
/\ _ALIASEvalError = "Attempted to apply the operator overridden by the Java method\npublic static synchronized tlc2.value.impl.Value tlc2.module.Json.textSerialize(tlc2.tool.impl.Tool,tla2sany.semantic.ExprOrOpArgNode[],tlc2.util.Context,tlc2.tool.TLCState,tlc2.tool.TLCState,int,tlc2.tool.coverage.CostModel),\nbut it produced the following error:\nAttempted to enumerate a set of the form [l1 : v1, ..., ln : vn],\nbut can't enumerate the value of the `exitValue' field:\nInt"

State 21: <Next line 59, col 13 to line 59, col 56 of module SlidingPuzzles>
/\ board = { {<<0, 2>>},
  {<<1, 3>>},
  {<<1, 4>>},
  {<<3, 3>>},
  {<<0, 0>>, <<0, 1>>},
  {<<0, 3>>, <<0, 4>>},
  {<<1, 2>>, <<2, 2>>},
  {<<2, 3>>, <<2, 4>>},
  {<<3, 0>>, <<3, 1>>},
  {<<1, 0>>, <<1, 1>>, <<2, 0>>, <<2, 1>>} }
/\ _ALIASEvalError = "Attempted to apply the operator overridden by the Java method\npublic static synchronized tlc2.value.impl.Value tlc2.module.Json.textSerialize(tlc2.tool.impl.Tool,tla2sany.semantic.ExprOrOpArgNode[],tlc2.util.Context,tlc2.tool.TLCState,tlc2.tool.TLCState,int,tlc2.tool.coverage.CostModel),\nbut it produced the following error:\nAttempted to enumerate a set of the form [l1 : v1, ..., ln : vn],\nbut can't enumerate the value of the `exitValue' field:\nInt"

State 22: <Next line 59, col 13 to line 59, col 56 of module SlidingPuzzles>
/\ board = { {<<0, 2>>},
  {<<1, 3>>},
  {<<1, 4>>},
  {<<3, 3>>},
  {<<0, 0>>, <<0, 1>>},
  {<<0, 3>>, <<0, 4>>},
  {<<1, 2>>, <<2, 2>>},
  {<<2, 3>>, <<2, 4>>},
  {<<3, 1>>, <<3, 2>>},
  {<<1, 0>>, <<1, 1>>, <<2, 0>>, <<2, 1>>} }
/\ _ALIASEvalError = "Attempted to apply the operator overridden by the Java method\npublic static synchronized tlc2.value.impl.Value tlc2.module.Json.textSerialize(tlc2.tool.impl.Tool,tla2sany.semantic.ExprOrOpArgNode[],tlc2.util.Context,tlc2.tool.TLCState,tlc2.tool.TLCState,int,tlc2.tool.coverage.CostModel),\nbut it produced the following error:\nAttempted to enumerate a set of the form [l1 : v1, ..., ln : vn],\nbut can't enumerate the value of the `exitValue' field:\nInt"

State 23: <Next line 59, col 13 to line 59, col 56 of module SlidingPuzzles>
/\ board = { {<<0, 2>>},
  {<<1, 3>>},
  {<<1, 4>>},
  {<<3, 4>>},
  {<<0, 0>>, <<0, 1>>},
  {<<0, 3>>, <<0, 4>>},
  {<<1, 2>>, <<2, 2>>},
  {<<2, 3>>, <<2, 4>>},
  {<<3, 1>>, <<3, 2>>},
  {<<1, 0>>, <<1, 1>>, <<2, 0>>, <<2, 1>>} }
/\ _ALIASEvalError = "Attempted to apply the operator overridden by the Java method\npublic static synchronized tlc2.value.impl.Value tlc2.module.Json.textSerialize(tlc2.tool.impl.Tool,tla2sany.semantic.ExprOrOpArgNode[],tlc2.util.Context,tlc2.tool.TLCState,tlc2.tool.TLCState,int,tlc2.tool.coverage.CostModel),\nbut it produced the following error:\nAttempted to enumerate a set of the form [l1 : v1, ..., ln : vn],\nbut can't enumerate the value of the `exitValue' field:\nInt"

State 24: <Next line 59, col 13 to line 59, col 56 of module SlidingPuzzles>
/\ board = { {<<0, 2>>},
  {<<1, 3>>},
  {<<1, 4>>},
  {<<3, 4>>},
  {<<0, 0>>, <<0, 1>>},
  {<<0, 3>>, <<0, 4>>},
  {<<1, 2>>, <<2, 2>>},
  {<<2, 3>>, <<2, 4>>},
  {<<3, 2>>, <<3, 3>>},
  {<<1, 0>>, <<1, 1>>, <<2, 0>>, <<2, 1>>} }
/\ _ALIASEvalError = "Attempted to apply the operator overridden by the Java method\npublic static synchronized tlc2.value.impl.Value tlc2.module.Json.textSerialize(tlc2.tool.impl.Tool,tla2sany.semantic.ExprOrOpArgNode[],tlc2.util.Context,tlc2.tool.TLCState,tlc2.tool.TLCState,int,tlc2.tool.coverage.CostModel),\nbut it produced the following error:\nAttempted to enumerate a set of the form [l1 : v1, ..., ln : vn],\nbut can't enumerate the value of the `exitValue' field:\nInt"

State 25: <Next line 59, col 13 to line 59, col 56 of module SlidingPuzzles>
/\ board = { {<<0, 2>>},
  {<<1, 3>>},
  {<<1, 4>>},
  {<<3, 4>>},
  {<<0, 0>>, <<0, 1>>},
  {<<0, 3>>, <<0, 4>>},
  {<<1, 2>>, <<2, 2>>},
  {<<2, 3>>, <<2, 4>>},
  {<<3, 2>>, <<3, 3>>},
  {<<2, 0>>, <<2, 1>>, <<3, 0>>, <<3, 1>>} }
/\ _ALIASEvalError = "Attempted to apply the operator overridden by the Java method\npublic static synchronized tlc2.value.impl.Value tlc2.module.Json.textSerialize(tlc2.tool.impl.Tool,tla2sany.semantic.ExprOrOpArgNode[],tlc2.util.Context,tlc2.tool.TLCState,tlc2.tool.TLCState,int,tlc2.tool.coverage.CostModel),\nbut it produced the following error:\nAttempted to enumerate a set of the form [l1 : v1, ..., ln : vn],\nbut can't enumerate the value of the `exitValue' field:\nInt"

State 26: <Next line 59, col 13 to line 59, col 56 of module SlidingPuzzles>
/\ board = { {<<0, 2>>},
  {<<1, 3>>},
  {<<1, 4>>},
  {<<3, 4>>},
  {<<0, 3>>, <<0, 4>>},
  {<<1, 0>>, <<1, 1>>},
  {<<1, 2>>, <<2, 2>>},
  {<<2, 3>>, <<2, 4>>},
  {<<3, 2>>, <<3, 3>>},
  {<<2, 0>>, <<2, 1>>, <<3, 0>>, <<3, 1>>} }
/\ _ALIASEvalError = "Attempted to apply the operator overridden by the Java method\npublic static synchronized tlc2.value.impl.Value tlc2.module.Json.textSerialize(tlc2.tool.impl.Tool,tla2sany.semantic.ExprOrOpArgNode[],tlc2.util.Context,tlc2.tool.TLCState,tlc2.tool.TLCState,int,tlc2.tool.coverage.CostModel),\nbut it produced the following error:\nAttempted to enumerate a set of the form [l1 : v1, ..., ln : vn],\nbut can't enumerate the value of the `exitValue' field:\nInt"

State 27: <Next line 59, col 13 to line 59, col 56 of module SlidingPuzzles>
/\ board = { {<<0, 1>>},
  {<<1, 3>>},
  {<<1, 4>>},
  {<<3, 4>>},
  {<<0, 3>>, <<0, 4>>},
  {<<1, 0>>, <<1, 1>>},
  {<<1, 2>>, <<2, 2>>},
  {<<2, 3>>, <<2, 4>>},
  {<<3, 2>>, <<3, 3>>},
  {<<2, 0>>, <<2, 1>>, <<3, 0>>, <<3, 1>>} }
/\ _ALIASEvalError = "Attempted to apply the operator overridden by the Java method\npublic static synchronized tlc2.value.impl.Value tlc2.module.Json.textSerialize(tlc2.tool.impl.Tool,tla2sany.semantic.ExprOrOpArgNode[],tlc2.util.Context,tlc2.tool.TLCState,tlc2.tool.TLCState,int,tlc2.tool.coverage.CostModel),\nbut it produced the following error:\nAttempted to enumerate a set of the form [l1 : v1, ..., ln : vn],\nbut can't enumerate the value of the `exitValue' field:\nInt"

State 28: <Next line 59, col 13 to line 59, col 56 of module SlidingPuzzles>
/\ board = { {<<0, 0>>},
  {<<1, 3>>},
  {<<1, 4>>},
  {<<3, 4>>},
  {<<0, 3>>, <<0, 4>>},
  {<<1, 0>>, <<1, 1>>},
  {<<1, 2>>, <<2, 2>>},
  {<<2, 3>>, <<2, 4>>},
  {<<3, 2>>, <<3, 3>>},
  {<<2, 0>>, <<2, 1>>, <<3, 0>>, <<3, 1>>} }
/\ _ALIASEvalError = "Attempted to apply the operator overridden by the Java method\npublic static synchronized tlc2.value.impl.Value tlc2.module.Json.textSerialize(tlc2.tool.impl.Tool,tla2sany.semantic.ExprOrOpArgNode[],tlc2.util.Context,tlc2.tool.TLCState,tlc2.tool.TLCState,int,tlc2.tool.coverage.CostModel),\nbut it produced the following error:\nAttempted to enumerate a set of the form [l1 : v1, ..., ln : vn],\nbut can't enumerate the value of the `exitValue' field:\nInt"

State 29: <Next line 59, col 13 to line 59, col 56 of module SlidingPuzzles>
/\ board = { {<<0, 0>>},
  {<<1, 3>>},
  {<<1, 4>>},
  {<<3, 4>>},
  {<<0, 2>>, <<0, 3>>},
  {<<1, 0>>, <<1, 1>>},
  {<<1, 2>>, <<2, 2>>},
  {<<2, 3>>, <<2, 4>>},
  {<<3, 2>>, <<3, 3>>},
  {<<2, 0>>, <<2, 1>>, <<3, 0>>, <<3, 1>>} }
/\ _ALIASEvalError = "Attempted to apply the operator overridden by the Java method\npublic static synchronized tlc2.value.impl.Value tlc2.module.Json.textSerialize(tlc2.tool.impl.Tool,tla2sany.semantic.ExprOrOpArgNode[],tlc2.util.Context,tlc2.tool.TLCState,tlc2.tool.TLCState,int,tlc2.tool.coverage.CostModel),\nbut it produced the following error:\nAttempted to enumerate a set of the form [l1 : v1, ..., ln : vn],\nbut can't enumerate the value of the `exitValue' field:\nInt"

State 30: <Next line 59, col 13 to line 59, col 56 of module SlidingPuzzles>
/\ board = { {<<0, 0>>},
  {<<1, 3>>},
  {<<1, 4>>},
  {<<3, 4>>},
  {<<0, 1>>, <<0, 2>>},
  {<<1, 0>>, <<1, 1>>},
  {<<1, 2>>, <<2, 2>>},
  {<<2, 3>>, <<2, 4>>},
  {<<3, 2>>, <<3, 3>>},
  {<<2, 0>>, <<2, 1>>, <<3, 0>>, <<3, 1>>} }
/\ _ALIASEvalError = "Attempted to apply the operator overridden by the Java method\npublic static synchronized tlc2.value.impl.Value tlc2.module.Json.textSerialize(tlc2.tool.impl.Tool,tla2sany.semantic.ExprOrOpArgNode[],tlc2.util.Context,tlc2.tool.TLCState,tlc2.tool.TLCState,int,tlc2.tool.coverage.CostModel),\nbut it produced the following error:\nAttempted to enumerate a set of the form [l1 : v1, ..., ln : vn],\nbut can't enumerate the value of the `exitValue' field:\nInt"

State 31: <Next line 59, col 13 to line 59, col 56 of module SlidingPuzzles>
/\ board = { {<<0, 0>>},
  {<<0, 3>>},
  {<<1, 4>>},
  {<<3, 4>>},
  {<<0, 1>>, <<0, 2>>},
  {<<1, 0>>, <<1, 1>>},
  {<<1, 2>>, <<2, 2>>},
  {<<2, 3>>, <<2, 4>>},
  {<<3, 2>>, <<3, 3>>},
  {<<2, 0>>, <<2, 1>>, <<3, 0>>, <<3, 1>>} }
/\ _ALIASEvalError = "Attempted to apply the operator overridden by the Java method\npublic static synchronized tlc2.value.impl.Value tlc2.module.Json.textSerialize(tlc2.tool.impl.Tool,tla2sany.semantic.ExprOrOpArgNode[],tlc2.util.Context,tlc2.tool.TLCState,tlc2.tool.TLCState,int,tlc2.tool.coverage.CostModel),\nbut it produced the following error:\nAttempted to enumerate a set of the form [l1 : v1, ..., ln : vn],\nbut can't enumerate the value of the `exitValue' field:\nInt"

State 32: <Next line 59, col 13 to line 59, col 56 of module SlidingPuzzles>
/\ board = { {<<0, 0>>},
  {<<0, 3>>},
  {<<0, 4>>},
  {<<3, 4>>},
  {<<0, 1>>, <<0, 2>>},
  {<<1, 0>>, <<1, 1>>},
  {<<1, 2>>, <<2, 2>>},
  {<<2, 3>>, <<2, 4>>},
  {<<3, 2>>, <<3, 3>>},
  {<<2, 0>>, <<2, 1>>, <<3, 0>>, <<3, 1>>} }
/\ _ALIASEvalError = "Attempted to apply the operator overridden by the Java method\npublic static synchronized tlc2.value.impl.Value tlc2.module.Json.textSerialize(tlc2.tool.impl.Tool,tla2sany.semantic.ExprOrOpArgNode[],tlc2.util.Context,tlc2.tool.TLCState,tlc2.tool.TLCState,int,tlc2.tool.coverage.CostModel),\nbut it produced the following error:\nAttempted to enumerate a set of the form [l1 : v1, ..., ln : vn],\nbut can't enumerate the value of the `exitValue' field:\nInt"

State 33: <Next line 59, col 13 to line 59, col 56 of module SlidingPuzzles>
/\ board = { {<<0, 0>>},
  {<<0, 3>>},
  {<<0, 4>>},
  {<<3, 4>>},
  {<<0, 1>>, <<0, 2>>},
  {<<1, 0>>, <<1, 1>>},
  {<<1, 2>>, <<2, 2>>},
  {<<1, 3>>, <<1, 4>>},
  {<<3, 2>>, <<3, 3>>},
  {<<2, 0>>, <<2, 1>>, <<3, 0>>, <<3, 1>>} }
/\ _ALIASEvalError = "Attempted to apply the operator overridden by the Java method\npublic static synchronized tlc2.value.impl.Value tlc2.module.Json.textSerialize(tlc2.tool.impl.Tool,tla2sany.semantic.ExprOrOpArgNode[],tlc2.util.Context,tlc2.tool.TLCState,tlc2.tool.TLCState,int,tlc2.tool.coverage.CostModel),\nbut it produced the following error:\nAttempted to enumerate a set of the form [l1 : v1, ..., ln : vn],\nbut can't enumerate the value of the `exitValue' field:\nInt"

State 34: <Next line 59, col 13 to line 59, col 56 of module SlidingPuzzles>
/\ board = { {<<0, 0>>},
  {<<0, 3>>},
  {<<0, 4>>},
  {<<2, 4>>},
  {<<0, 1>>, <<0, 2>>},
  {<<1, 0>>, <<1, 1>>},
  {<<1, 2>>, <<2, 2>>},
  {<<1, 3>>, <<1, 4>>},
  {<<3, 2>>, <<3, 3>>},
  {<<2, 0>>, <<2, 1>>, <<3, 0>>, <<3, 1>>} }
/\ _ALIASEvalError = "Attempted to apply the operator overridden by the Java method\npublic static synchronized tlc2.value.impl.Value tlc2.module.Json.textSerialize(tlc2.tool.impl.Tool,tla2sany.semantic.ExprOrOpArgNode[],tlc2.util.Context,tlc2.tool.TLCState,tlc2.tool.TLCState,int,tlc2.tool.coverage.CostModel),\nbut it produced the following error:\nAttempted to enumerate a set of the form [l1 : v1, ..., ln : vn],\nbut can't enumerate the value of the `exitValue' field:\nInt"

State 35: <Next line 59, col 13 to line 59, col 56 of module SlidingPuzzles>
/\ board = { {<<0, 0>>},
  {<<0, 3>>},
  {<<0, 4>>},
  {<<2, 3>>},
  {<<0, 1>>, <<0, 2>>},
  {<<1, 0>>, <<1, 1>>},
  {<<1, 2>>, <<2, 2>>},
  {<<1, 3>>, <<1, 4>>},
  {<<3, 2>>, <<3, 3>>},
  {<<2, 0>>, <<2, 1>>, <<3, 0>>, <<3, 1>>} }
/\ _ALIASEvalError = "Attempted to apply the operator overridden by the Java method\npublic static synchronized tlc2.value.impl.Value tlc2.module.Json.textSerialize(tlc2.tool.impl.Tool,tla2sany.semantic.ExprOrOpArgNode[],tlc2.util.Context,tlc2.tool.TLCState,tlc2.tool.TLCState,int,tlc2.tool.coverage.CostModel),\nbut it produced the following error:\nAttempted to enumerate a set of the form [l1 : v1, ..., ln : vn],\nbut can't enumerate the value of the `exitValue' field:\nInt"

State 36: <Next line 59, col 13 to line 59, col 56 of module SlidingPuzzles>
/\ board = { {<<0, 0>>},
  {<<0, 3>>},
  {<<0, 4>>},
  {<<2, 3>>},
  {<<0, 1>>, <<0, 2>>},
  {<<1, 0>>, <<1, 1>>},
  {<<1, 2>>, <<2, 2>>},
  {<<1, 3>>, <<1, 4>>},
  {<<3, 3>>, <<3, 4>>},
  {<<2, 0>>, <<2, 1>>, <<3, 0>>, <<3, 1>>} }
/\ _ALIASEvalError = "Attempted to apply the operator overridden by the Java method\npublic static synchronized tlc2.value.impl.Value tlc2.module.Json.textSerialize(tlc2.tool.impl.Tool,tla2sany.semantic.ExprOrOpArgNode[],tlc2.util.Context,tlc2.tool.TLCState,tlc2.tool.TLCState,int,tlc2.tool.coverage.CostModel),\nbut it produced the following error:\nAttempted to enumerate a set of the form [l1 : v1, ..., ln : vn],\nbut can't enumerate the value of the `exitValue' field:\nInt"

State 37: <Next line 59, col 13 to line 59, col 56 of module SlidingPuzzles>
/\ board = { {<<0, 0>>},
  {<<0, 3>>},
  {<<0, 4>>},
  {<<2, 3>>},
  {<<0, 1>>, <<0, 2>>},
  {<<1, 0>>, <<1, 1>>},
  {<<1, 3>>, <<1, 4>>},
  {<<2, 2>>, <<3, 2>>},
  {<<3, 3>>, <<3, 4>>},
  {<<2, 0>>, <<2, 1>>, <<3, 0>>, <<3, 1>>} }
/\ _ALIASEvalError = "Attempted to apply the operator overridden by the Java method\npublic static synchronized tlc2.value.impl.Value tlc2.module.Json.textSerialize(tlc2.tool.impl.Tool,tla2sany.semantic.ExprOrOpArgNode[],tlc2.util.Context,tlc2.tool.TLCState,tlc2.tool.TLCState,int,tlc2.tool.coverage.CostModel),\nbut it produced the following error:\nAttempted to enumerate a set of the form [l1 : v1, ..., ln : vn],\nbut can't enumerate the value of the `exitValue' field:\nInt"

State 38: <Next line 59, col 13 to line 59, col 56 of module SlidingPuzzles>
/\ board = { {<<0, 0>>},
  {<<0, 3>>},
  {<<0, 4>>},
  {<<2, 3>>},
  {<<0, 1>>, <<0, 2>>},
  {<<1, 0>>, <<1, 1>>},
  {<<1, 2>>, <<1, 3>>},
  {<<2, 2>>, <<3, 2>>},
  {<<3, 3>>, <<3, 4>>},
  {<<2, 0>>, <<2, 1>>, <<3, 0>>, <<3, 1>>} }
/\ _ALIASEvalError = "Attempted to apply the operator overridden by the Java method\npublic static synchronized tlc2.value.impl.Value tlc2.module.Json.textSerialize(tlc2.tool.impl.Tool,tla2sany.semantic.ExprOrOpArgNode[],tlc2.util.Context,tlc2.tool.TLCState,tlc2.tool.TLCState,int,tlc2.tool.coverage.CostModel),\nbut it produced the following error:\nAttempted to enumerate a set of the form [l1 : v1, ..., ln : vn],\nbut can't enumerate the value of the `exitValue' field:\nInt"

State 39: <Next line 59, col 13 to line 59, col 56 of module SlidingPuzzles>
/\ board = { {<<0, 0>>},
  {<<0, 3>>},
  {<<1, 4>>},
  {<<2, 3>>},
  {<<0, 1>>, <<0, 2>>},
  {<<1, 0>>, <<1, 1>>},
  {<<1, 2>>, <<1, 3>>},
  {<<2, 2>>, <<3, 2>>},
  {<<3, 3>>, <<3, 4>>},
  {<<2, 0>>, <<2, 1>>, <<3, 0>>, <<3, 1>>} }
/\ _ALIASEvalError = "Attempted to apply the operator overridden by the Java method\npublic static synchronized tlc2.value.impl.Value tlc2.module.Json.textSerialize(tlc2.tool.impl.Tool,tla2sany.semantic.ExprOrOpArgNode[],tlc2.util.Context,tlc2.tool.TLCState,tlc2.tool.TLCState,int,tlc2.tool.coverage.CostModel),\nbut it produced the following error:\nAttempted to enumerate a set of the form [l1 : v1, ..., ln : vn],\nbut can't enumerate the value of the `exitValue' field:\nInt"

State 40: <Next line 59, col 13 to line 59, col 56 of module SlidingPuzzles>
/\ board = { {<<0, 0>>},
  {<<0, 3>>},
  {<<2, 3>>},
  {<<2, 4>>},
  {<<0, 1>>, <<0, 2>>},
  {<<1, 0>>, <<1, 1>>},
  {<<1, 2>>, <<1, 3>>},
  {<<2, 2>>, <<3, 2>>},
  {<<3, 3>>, <<3, 4>>},
  {<<2, 0>>, <<2, 1>>, <<3, 0>>, <<3, 1>>} }
/\ _ALIASEvalError = "Attempted to apply the operator overridden by the Java method\npublic static synchronized tlc2.value.impl.Value tlc2.module.Json.textSerialize(tlc2.tool.impl.Tool,tla2sany.semantic.ExprOrOpArgNode[],tlc2.util.Context,tlc2.tool.TLCState,tlc2.tool.TLCState,int,tlc2.tool.coverage.CostModel),\nbut it produced the following error:\nAttempted to enumerate a set of the form [l1 : v1, ..., ln : vn],\nbut can't enumerate the value of the `exitValue' field:\nInt"

State 41: <Next line 59, col 13 to line 59, col 56 of module SlidingPuzzles>
/\ board = { {<<0, 0>>},
  {<<0, 3>>},
  {<<2, 3>>},
  {<<2, 4>>},
  {<<0, 1>>, <<0, 2>>},
  {<<1, 0>>, <<1, 1>>},
  {<<1, 3>>, <<1, 4>>},
  {<<2, 2>>, <<3, 2>>},
  {<<3, 3>>, <<3, 4>>},
  {<<2, 0>>, <<2, 1>>, <<3, 0>>, <<3, 1>>} }
/\ _ALIASEvalError = "Attempted to apply the operator overridden by the Java method\npublic static synchronized tlc2.value.impl.Value tlc2.module.Json.textSerialize(tlc2.tool.impl.Tool,tla2sany.semantic.ExprOrOpArgNode[],tlc2.util.Context,tlc2.tool.TLCState,tlc2.tool.TLCState,int,tlc2.tool.coverage.CostModel),\nbut it produced the following error:\nAttempted to enumerate a set of the form [l1 : v1, ..., ln : vn],\nbut can't enumerate the value of the `exitValue' field:\nInt"

State 42: <Next line 59, col 13 to line 59, col 56 of module SlidingPuzzles>
/\ board = { {<<0, 0>>},
  {<<0, 3>>},
  {<<2, 3>>},
  {<<2, 4>>},
  {<<0, 1>>, <<0, 2>>},
  {<<1, 1>>, <<1, 2>>},
  {<<1, 3>>, <<1, 4>>},
  {<<2, 2>>, <<3, 2>>},
  {<<3, 3>>, <<3, 4>>},
  {<<2, 0>>, <<2, 1>>, <<3, 0>>, <<3, 1>>} }
/\ _ALIASEvalError = "Attempted to apply the operator overridden by the Java method\npublic static synchronized tlc2.value.impl.Value tlc2.module.Json.textSerialize(tlc2.tool.impl.Tool,tla2sany.semantic.ExprOrOpArgNode[],tlc2.util.Context,tlc2.tool.TLCState,tlc2.tool.TLCState,int,tlc2.tool.coverage.CostModel),\nbut it produced the following error:\nAttempted to enumerate a set of the form [l1 : v1, ..., ln : vn],\nbut can't enumerate the value of the `exitValue' field:\nInt"

State 43: <Next line 59, col 13 to line 59, col 56 of module SlidingPuzzles>
/\ board = { {<<0, 3>>},
  {<<1, 0>>},
  {<<2, 3>>},
  {<<2, 4>>},
  {<<0, 1>>, <<0, 2>>},
  {<<1, 1>>, <<1, 2>>},
  {<<1, 3>>, <<1, 4>>},
  {<<2, 2>>, <<3, 2>>},
  {<<3, 3>>, <<3, 4>>},
  {<<2, 0>>, <<2, 1>>, <<3, 0>>, <<3, 1>>} }
/\ _ALIASEvalError = "Attempted to apply the operator overridden by the Java method\npublic static synchronized tlc2.value.impl.Value tlc2.module.Json.textSerialize(tlc2.tool.impl.Tool,tla2sany.semantic.ExprOrOpArgNode[],tlc2.util.Context,tlc2.tool.TLCState,tlc2.tool.TLCState,int,tlc2.tool.coverage.CostModel),\nbut it produced the following error:\nAttempted to enumerate a set of the form [l1 : v1, ..., ln : vn],\nbut can't enumerate the value of the `exitValue' field:\nInt"

State 44: <Next line 59, col 13 to line 59, col 56 of module SlidingPuzzles>
/\ board = { {<<0, 3>>},
  {<<1, 0>>},
  {<<2, 3>>},
  {<<2, 4>>},
  {<<0, 0>>, <<0, 1>>},
  {<<1, 1>>, <<1, 2>>},
  {<<1, 3>>, <<1, 4>>},
  {<<2, 2>>, <<3, 2>>},
  {<<3, 3>>, <<3, 4>>},
  {<<2, 0>>, <<2, 1>>, <<3, 0>>, <<3, 1>>} }
/\ _ALIASEvalError = "Attempted to apply the operator overridden by the Java method\npublic static synchronized tlc2.value.impl.Value tlc2.module.Json.textSerialize(tlc2.tool.impl.Tool,tla2sany.semantic.ExprOrOpArgNode[],tlc2.util.Context,tlc2.tool.TLCState,tlc2.tool.TLCState,int,tlc2.tool.coverage.CostModel),\nbut it produced the following error:\nAttempted to enumerate a set of the form [l1 : v1, ..., ln : vn],\nbut can't enumerate the value of the `exitValue' field:\nInt"

State 45: <Next line 59, col 13 to line 59, col 56 of module SlidingPuzzles>
/\ board = { {<<0, 2>>},
  {<<1, 0>>},
  {<<2, 3>>},
  {<<2, 4>>},
  {<<0, 0>>, <<0, 1>>},
  {<<1, 1>>, <<1, 2>>},
  {<<1, 3>>, <<1, 4>>},
  {<<2, 2>>, <<3, 2>>},
  {<<3, 3>>, <<3, 4>>},
  {<<2, 0>>, <<2, 1>>, <<3, 0>>, <<3, 1>>} }
/\ _ALIASEvalError = "Attempted to apply the operator overridden by the Java method\npublic static synchronized tlc2.value.impl.Value tlc2.module.Json.textSerialize(tlc2.tool.impl.Tool,tla2sany.semantic.ExprOrOpArgNode[],tlc2.util.Context,tlc2.tool.TLCState,tlc2.tool.TLCState,int,tlc2.tool.coverage.CostModel),\nbut it produced the following error:\nAttempted to enumerate a set of the form [l1 : v1, ..., ln : vn],\nbut can't enumerate the value of the `exitValue' field:\nInt"

State 46: <Next line 59, col 13 to line 59, col 56 of module SlidingPuzzles>
/\ board = { {<<0, 2>>},
  {<<1, 0>>},
  {<<2, 3>>},
  {<<2, 4>>},
  {<<0, 0>>, <<0, 1>>},
  {<<0, 3>>, <<0, 4>>},
  {<<1, 1>>, <<1, 2>>},
  {<<2, 2>>, <<3, 2>>},
  {<<3, 3>>, <<3, 4>>},
  {<<2, 0>>, <<2, 1>>, <<3, 0>>, <<3, 1>>} }
/\ _ALIASEvalError = "Attempted to apply the operator overridden by the Java method\npublic static synchronized tlc2.value.impl.Value tlc2.module.Json.textSerialize(tlc2.tool.impl.Tool,tla2sany.semantic.ExprOrOpArgNode[],tlc2.util.Context,tlc2.tool.TLCState,tlc2.tool.TLCState,int,tlc2.tool.coverage.CostModel),\nbut it produced the following error:\nAttempted to enumerate a set of the form [l1 : v1, ..., ln : vn],\nbut can't enumerate the value of the `exitValue' field:\nInt"

State 47: <Next line 59, col 13 to line 59, col 56 of module SlidingPuzzles>
/\ board = { {<<0, 2>>},
  {<<1, 0>>},
  {<<2, 3>>},
  {<<2, 4>>},
  {<<0, 0>>, <<0, 1>>},
  {<<0, 3>>, <<0, 4>>},
  {<<1, 2>>, <<1, 3>>},
  {<<2, 2>>, <<3, 2>>},
  {<<3, 3>>, <<3, 4>>},
  {<<2, 0>>, <<2, 1>>, <<3, 0>>, <<3, 1>>} }
/\ _ALIASEvalError = "Attempted to apply the operator overridden by the Java method\npublic static synchronized tlc2.value.impl.Value tlc2.module.Json.textSerialize(tlc2.tool.impl.Tool,tla2sany.semantic.ExprOrOpArgNode[],tlc2.util.Context,tlc2.tool.TLCState,tlc2.tool.TLCState,int,tlc2.tool.coverage.CostModel),\nbut it produced the following error:\nAttempted to enumerate a set of the form [l1 : v1, ..., ln : vn],\nbut can't enumerate the value of the `exitValue' field:\nInt"

State 48: <Next line 59, col 13 to line 59, col 56 of module SlidingPuzzles>
/\ board = { {<<0, 2>>},
  {<<1, 0>>},
  {<<2, 3>>},
  {<<2, 4>>},
  {<<0, 0>>, <<0, 1>>},
  {<<0, 3>>, <<0, 4>>},
  {<<1, 3>>, <<1, 4>>},
  {<<2, 2>>, <<3, 2>>},
  {<<3, 3>>, <<3, 4>>},
  {<<2, 0>>, <<2, 1>>, <<3, 0>>, <<3, 1>>} }
/\ _ALIASEvalError = "Attempted to apply the operator overridden by the Java method\npublic static synchronized tlc2.value.impl.Value tlc2.module.Json.textSerialize(tlc2.tool.impl.Tool,tla2sany.semantic.ExprOrOpArgNode[],tlc2.util.Context,tlc2.tool.TLCState,tlc2.tool.TLCState,int,tlc2.tool.coverage.CostModel),\nbut it produced the following error:\nAttempted to enumerate a set of the form [l1 : v1, ..., ln : vn],\nbut can't enumerate the value of the `exitValue' field:\nInt"

State 49: <Next line 59, col 13 to line 59, col 56 of module SlidingPuzzles>
/\ board = { {<<1, 0>>},
  {<<1, 2>>},
  {<<2, 3>>},
  {<<2, 4>>},
  {<<0, 0>>, <<0, 1>>},
  {<<0, 3>>, <<0, 4>>},
  {<<1, 3>>, <<1, 4>>},
  {<<2, 2>>, <<3, 2>>},
  {<<3, 3>>, <<3, 4>>},
  {<<2, 0>>, <<2, 1>>, <<3, 0>>, <<3, 1>>} }
/\ _ALIASEvalError = "Attempted to apply the operator overridden by the Java method\npublic static synchronized tlc2.value.impl.Value tlc2.module.Json.textSerialize(tlc2.tool.impl.Tool,tla2sany.semantic.ExprOrOpArgNode[],tlc2.util.Context,tlc2.tool.TLCState,tlc2.tool.TLCState,int,tlc2.tool.coverage.CostModel),\nbut it produced the following error:\nAttempted to enumerate a set of the form [l1 : v1, ..., ln : vn],\nbut can't enumerate the value of the `exitValue' field:\nInt"

State 50: <Next line 59, col 13 to line 59, col 56 of module SlidingPuzzles>
/\ board = { {<<1, 0>>},
  {<<1, 1>>},
  {<<2, 3>>},
  {<<2, 4>>},
  {<<0, 0>>, <<0, 1>>},
  {<<0, 3>>, <<0, 4>>},
  {<<1, 3>>, <<1, 4>>},
  {<<2, 2>>, <<3, 2>>},
  {<<3, 3>>, <<3, 4>>},
  {<<2, 0>>, <<2, 1>>, <<3, 0>>, <<3, 1>>} }
/\ _ALIASEvalError = "Attempted to apply the operator overridden by the Java method\npublic static synchronized tlc2.value.impl.Value tlc2.module.Json.textSerialize(tlc2.tool.impl.Tool,tla2sany.semantic.ExprOrOpArgNode[],tlc2.util.Context,tlc2.tool.TLCState,tlc2.tool.TLCState,int,tlc2.tool.coverage.CostModel),\nbut it produced the following error:\nAttempted to enumerate a set of the form [l1 : v1, ..., ln : vn],\nbut can't enumerate the value of the `exitValue' field:\nInt"

State 51: <Next line 59, col 13 to line 59, col 56 of module SlidingPuzzles>
/\ board = { {<<1, 0>>},
  {<<1, 1>>},
  {<<2, 3>>},
  {<<2, 4>>},
  {<<0, 0>>, <<0, 1>>},
  {<<0, 3>>, <<0, 4>>},
  {<<1, 2>>, <<2, 2>>},
  {<<1, 3>>, <<1, 4>>},
  {<<3, 3>>, <<3, 4>>},
  {<<2, 0>>, <<2, 1>>, <<3, 0>>, <<3, 1>>} }
/\ _ALIASEvalError = "Attempted to apply the operator overridden by the Java method\npublic static synchronized tlc2.value.impl.Value tlc2.module.Json.textSerialize(tlc2.tool.impl.Tool,tla2sany.semantic.ExprOrOpArgNode[],tlc2.util.Context,tlc2.tool.TLCState,tlc2.tool.TLCState,int,tlc2.tool.coverage.CostModel),\nbut it produced the following error:\nAttempted to enumerate a set of the form [l1 : v1, ..., ln : vn],\nbut can't enumerate the value of the `exitValue' field:\nInt"

State 52: <Next line 59, col 13 to line 59, col 56 of module SlidingPuzzles>
/\ board = { {<<1, 0>>},
  {<<1, 1>>},
  {<<2, 3>>},
  {<<2, 4>>},
  {<<0, 0>>, <<0, 1>>},
  {<<0, 2>>, <<1, 2>>},
  {<<0, 3>>, <<0, 4>>},
  {<<1, 3>>, <<1, 4>>},
  {<<3, 3>>, <<3, 4>>},
  {<<2, 0>>, <<2, 1>>, <<3, 0>>, <<3, 1>>} }
/\ _ALIASEvalError = "Attempted to apply the operator overridden by the Java method\npublic static synchronized tlc2.value.impl.Value tlc2.module.Json.textSerialize(tlc2.tool.impl.Tool,tla2sany.semantic.ExprOrOpArgNode[],tlc2.util.Context,tlc2.tool.TLCState,tlc2.tool.TLCState,int,tlc2.tool.coverage.CostModel),\nbut it produced the following error:\nAttempted to enumerate a set of the form [l1 : v1, ..., ln : vn],\nbut can't enumerate the value of the `exitValue' field:\nInt"

State 53: <Next line 59, col 13 to line 59, col 56 of module SlidingPuzzles>
/\ board = { {<<1, 0>>},
  {<<1, 1>>},
  {<<2, 3>>},
  {<<2, 4>>},
  {<<0, 0>>, <<0, 1>>},
  {<<0, 2>>, <<1, 2>>},
  {<<0, 3>>, <<0, 4>>},
  {<<1, 3>>, <<1, 4>>},
  {<<3, 2>>, <<3, 3>>},
  {<<2, 0>>, <<2, 1>>, <<3, 0>>, <<3, 1>>} }
/\ _ALIASEvalError = "Attempted to apply the operator overridden by the Java method\npublic static synchronized tlc2.value.impl.Value tlc2.module.Json.textSerialize(tlc2.tool.impl.Tool,tla2sany.semantic.ExprOrOpArgNode[],tlc2.util.Context,tlc2.tool.TLCState,tlc2.tool.TLCState,int,tlc2.tool.coverage.CostModel),\nbut it produced the following error:\nAttempted to enumerate a set of the form [l1 : v1, ..., ln : vn],\nbut can't enumerate the value of the `exitValue' field:\nInt"

State 54: <Next line 59, col 13 to line 59, col 56 of module SlidingPuzzles>
/\ board = { {<<1, 0>>},
  {<<1, 1>>},
  {<<2, 3>>},
  {<<3, 4>>},
  {<<0, 0>>, <<0, 1>>},
  {<<0, 2>>, <<1, 2>>},
  {<<0, 3>>, <<0, 4>>},
  {<<1, 3>>, <<1, 4>>},
  {<<3, 2>>, <<3, 3>>},
  {<<2, 0>>, <<2, 1>>, <<3, 0>>, <<3, 1>>} }
/\ _ALIASEvalError = "Attempted to apply the operator overridden by the Java method\npublic static synchronized tlc2.value.impl.Value tlc2.module.Json.textSerialize(tlc2.tool.impl.Tool,tla2sany.semantic.ExprOrOpArgNode[],tlc2.util.Context,tlc2.tool.TLCState,tlc2.tool.TLCState,int,tlc2.tool.coverage.CostModel),\nbut it produced the following error:\nAttempted to enumerate a set of the form [l1 : v1, ..., ln : vn],\nbut can't enumerate the value of the `exitValue' field:\nInt"

State 55: <Next line 59, col 13 to line 59, col 56 of module SlidingPuzzles>
/\ board = { {<<1, 0>>},
  {<<1, 1>>},
  {<<2, 4>>},
  {<<3, 4>>},
  {<<0, 0>>, <<0, 1>>},
  {<<0, 2>>, <<1, 2>>},
  {<<0, 3>>, <<0, 4>>},
  {<<1, 3>>, <<1, 4>>},
  {<<3, 2>>, <<3, 3>>},
  {<<2, 0>>, <<2, 1>>, <<3, 0>>, <<3, 1>>} }
/\ _ALIASEvalError = "Attempted to apply the operator overridden by the Java method\npublic static synchronized tlc2.value.impl.Value tlc2.module.Json.textSerialize(tlc2.tool.impl.Tool,tla2sany.semantic.ExprOrOpArgNode[],tlc2.util.Context,tlc2.tool.TLCState,tlc2.tool.TLCState,int,tlc2.tool.coverage.CostModel),\nbut it produced the following error:\nAttempted to enumerate a set of the form [l1 : v1, ..., ln : vn],\nbut can't enumerate the value of the `exitValue' field:\nInt"

State 56: <Next line 59, col 13 to line 59, col 56 of module SlidingPuzzles>
/\ board = { {<<1, 0>>},
  {<<1, 1>>},
  {<<2, 4>>},
  {<<3, 4>>},
  {<<0, 0>>, <<0, 1>>},
  {<<0, 2>>, <<1, 2>>},
  {<<0, 3>>, <<0, 4>>},
  {<<1, 3>>, <<1, 4>>},
  {<<2, 2>>, <<2, 3>>},
  {<<2, 0>>, <<2, 1>>, <<3, 0>>, <<3, 1>>} }
/\ _ALIASEvalError = "Attempted to apply the operator overridden by the Java method\npublic static synchronized tlc2.value.impl.Value tlc2.module.Json.textSerialize(tlc2.tool.impl.Tool,tla2sany.semantic.ExprOrOpArgNode[],tlc2.util.Context,tlc2.tool.TLCState,tlc2.tool.TLCState,int,tlc2.tool.coverage.CostModel),\nbut it produced the following error:\nAttempted to enumerate a set of the form [l1 : v1, ..., ln : vn],\nbut can't enumerate the value of the `exitValue' field:\nInt"

State 57: <Next line 59, col 13 to line 59, col 56 of module SlidingPuzzles>
/\ board = { {<<1, 0>>},
  {<<1, 1>>},
  {<<2, 4>>},
  {<<3, 3>>},
  {<<0, 0>>, <<0, 1>>},
  {<<0, 2>>, <<1, 2>>},
  {<<0, 3>>, <<0, 4>>},
  {<<1, 3>>, <<1, 4>>},
  {<<2, 2>>, <<2, 3>>},
  {<<2, 0>>, <<2, 1>>, <<3, 0>>, <<3, 1>>} }
/\ _ALIASEvalError = "Attempted to apply the operator overridden by the Java method\npublic static synchronized tlc2.value.impl.Value tlc2.module.Json.textSerialize(tlc2.tool.impl.Tool,tla2sany.semantic.ExprOrOpArgNode[],tlc2.util.Context,tlc2.tool.TLCState,tlc2.tool.TLCState,int,tlc2.tool.coverage.CostModel),\nbut it produced the following error:\nAttempted to enumerate a set of the form [l1 : v1, ..., ln : vn],\nbut can't enumerate the value of the `exitValue' field:\nInt"

State 58: <Next line 59, col 13 to line 59, col 56 of module SlidingPuzzles>
/\ board = { {<<1, 0>>},
  {<<1, 1>>},
  {<<3, 3>>},
  {<<3, 4>>},
  {<<0, 0>>, <<0, 1>>},
  {<<0, 2>>, <<1, 2>>},
  {<<0, 3>>, <<0, 4>>},
  {<<1, 3>>, <<1, 4>>},
  {<<2, 2>>, <<2, 3>>},
  {<<2, 0>>, <<2, 1>>, <<3, 0>>, <<3, 1>>} }
/\ _ALIASEvalError = "Attempted to apply the operator overridden by the Java method\npublic static synchronized tlc2.value.impl.Value tlc2.module.Json.textSerialize(tlc2.tool.impl.Tool,tla2sany.semantic.ExprOrOpArgNode[],tlc2.util.Context,tlc2.tool.TLCState,tlc2.tool.TLCState,int,tlc2.tool.coverage.CostModel),\nbut it produced the following error:\nAttempted to enumerate a set of the form [l1 : v1, ..., ln : vn],\nbut can't enumerate the value of the `exitValue' field:\nInt"

State 59: <Next line 59, col 13 to line 59, col 56 of module SlidingPuzzles>
/\ board = { {<<1, 0>>},
  {<<1, 1>>},
  {<<3, 3>>},
  {<<3, 4>>},
  {<<0, 0>>, <<0, 1>>},
  {<<0, 2>>, <<1, 2>>},
  {<<0, 3>>, <<0, 4>>},
  {<<1, 3>>, <<1, 4>>},
  {<<2, 3>>, <<2, 4>>},
  {<<2, 0>>, <<2, 1>>, <<3, 0>>, <<3, 1>>} }
/\ _ALIASEvalError = "Attempted to apply the operator overridden by the Java method\npublic static synchronized tlc2.value.impl.Value tlc2.module.Json.textSerialize(tlc2.tool.impl.Tool,tla2sany.semantic.ExprOrOpArgNode[],tlc2.util.Context,tlc2.tool.TLCState,tlc2.tool.TLCState,int,tlc2.tool.coverage.CostModel),\nbut it produced the following error:\nAttempted to enumerate a set of the form [l1 : v1, ..., ln : vn],\nbut can't enumerate the value of the `exitValue' field:\nInt"

State 60: <Next line 59, col 13 to line 59, col 56 of module SlidingPuzzles>
/\ board = { {<<1, 0>>},
  {<<1, 1>>},
  {<<3, 3>>},
  {<<3, 4>>},
  {<<0, 0>>, <<0, 1>>},
  {<<0, 3>>, <<0, 4>>},
  {<<1, 2>>, <<2, 2>>},
  {<<1, 3>>, <<1, 4>>},
  {<<2, 3>>, <<2, 4>>},
  {<<2, 0>>, <<2, 1>>, <<3, 0>>, <<3, 1>>} }
/\ _ALIASEvalError = "Attempted to apply the operator overridden by the Java method\npublic static synchronized tlc2.value.impl.Value tlc2.module.Json.textSerialize(tlc2.tool.impl.Tool,tla2sany.semantic.ExprOrOpArgNode[],tlc2.util.Context,tlc2.tool.TLCState,tlc2.tool.TLCState,int,tlc2.tool.coverage.CostModel),\nbut it produced the following error:\nAttempted to enumerate a set of the form [l1 : v1, ..., ln : vn],\nbut can't enumerate the value of the `exitValue' field:\nInt"

State 61: <Next line 59, col 13 to line 59, col 56 of module SlidingPuzzles>
/\ board = { {<<1, 0>>},
  {<<1, 1>>},
  {<<3, 3>>},
  {<<3, 4>>},
  {<<0, 1>>, <<0, 2>>},
  {<<0, 3>>, <<0, 4>>},
  {<<1, 2>>, <<2, 2>>},
  {<<1, 3>>, <<1, 4>>},
  {<<2, 3>>, <<2, 4>>},
  {<<2, 0>>, <<2, 1>>, <<3, 0>>, <<3, 1>>} }
/\ _ALIASEvalError = "Attempted to apply the operator overridden by the Java method\npublic static synchronized tlc2.value.impl.Value tlc2.module.Json.textSerialize(tlc2.tool.impl.Tool,tla2sany.semantic.ExprOrOpArgNode[],tlc2.util.Context,tlc2.tool.TLCState,tlc2.tool.TLCState,int,tlc2.tool.coverage.CostModel),\nbut it produced the following error:\nAttempted to enumerate a set of the form [l1 : v1, ..., ln : vn],\nbut can't enumerate the value of the `exitValue' field:\nInt"

State 62: <Next line 59, col 13 to line 59, col 56 of module SlidingPuzzles>
/\ board = { {<<0, 0>>},
  {<<1, 1>>},
  {<<3, 3>>},
  {<<3, 4>>},
  {<<0, 1>>, <<0, 2>>},
  {<<0, 3>>, <<0, 4>>},
  {<<1, 2>>, <<2, 2>>},
  {<<1, 3>>, <<1, 4>>},
  {<<2, 3>>, <<2, 4>>},
  {<<2, 0>>, <<2, 1>>, <<3, 0>>, <<3, 1>>} }
/\ _ALIASEvalError = "Attempted to apply the operator overridden by the Java method\npublic static synchronized tlc2.value.impl.Value tlc2.module.Json.textSerialize(tlc2.tool.impl.Tool,tla2sany.semantic.ExprOrOpArgNode[],tlc2.util.Context,tlc2.tool.TLCState,tlc2.tool.TLCState,int,tlc2.tool.coverage.CostModel),\nbut it produced the following error:\nAttempted to enumerate a set of the form [l1 : v1, ..., ln : vn],\nbut can't enumerate the value of the `exitValue' field:\nInt"

State 63: <Next line 59, col 13 to line 59, col 56 of module SlidingPuzzles>
/\ board = { {<<0, 0>>},
  {<<1, 0>>},
  {<<3, 3>>},
  {<<3, 4>>},
  {<<0, 1>>, <<0, 2>>},
  {<<0, 3>>, <<0, 4>>},
  {<<1, 2>>, <<2, 2>>},
  {<<1, 3>>, <<1, 4>>},
  {<<2, 3>>, <<2, 4>>},
  {<<2, 0>>, <<2, 1>>, <<3, 0>>, <<3, 1>>} }
/\ _ALIASEvalError = "Attempted to apply the operator overridden by the Java method\npublic static synchronized tlc2.value.impl.Value tlc2.module.Json.textSerialize(tlc2.tool.impl.Tool,tla2sany.semantic.ExprOrOpArgNode[],tlc2.util.Context,tlc2.tool.TLCState,tlc2.tool.TLCState,int,tlc2.tool.coverage.CostModel),\nbut it produced the following error:\nAttempted to enumerate a set of the form [l1 : v1, ..., ln : vn],\nbut can't enumerate the value of the `exitValue' field:\nInt"

State 64: <Next line 59, col 13 to line 59, col 56 of module SlidingPuzzles>
/\ board = { {<<0, 0>>},
  {<<1, 0>>},
  {<<3, 3>>},
  {<<3, 4>>},
  {<<0, 1>>, <<0, 2>>},
  {<<0, 3>>, <<0, 4>>},
  {<<1, 3>>, <<1, 4>>},
  {<<2, 2>>, <<3, 2>>},
  {<<2, 3>>, <<2, 4>>},
  {<<2, 0>>, <<2, 1>>, <<3, 0>>, <<3, 1>>} }
/\ _ALIASEvalError = "Attempted to apply the operator overridden by the Java method\npublic static synchronized tlc2.value.impl.Value tlc2.module.Json.textSerialize(tlc2.tool.impl.Tool,tla2sany.semantic.ExprOrOpArgNode[],tlc2.util.Context,tlc2.tool.TLCState,tlc2.tool.TLCState,int,tlc2.tool.coverage.CostModel),\nbut it produced the following error:\nAttempted to enumerate a set of the form [l1 : v1, ..., ln : vn],\nbut can't enumerate the value of the `exitValue' field:\nInt"

State 65: <Next line 59, col 13 to line 59, col 56 of module SlidingPuzzles>
/\ board = { {<<0, 0>>},
  {<<1, 0>>},
  {<<3, 3>>},
  {<<3, 4>>},
  {<<0, 1>>, <<0, 2>>},
  {<<0, 3>>, <<0, 4>>},
  {<<1, 2>>, <<1, 3>>},
  {<<2, 2>>, <<3, 2>>},
  {<<2, 3>>, <<2, 4>>},
  {<<2, 0>>, <<2, 1>>, <<3, 0>>, <<3, 1>>} }
/\ _ALIASEvalError = "Attempted to apply the operator overridden by the Java method\npublic static synchronized tlc2.value.impl.Value tlc2.module.Json.textSerialize(tlc2.tool.impl.Tool,tla2sany.semantic.ExprOrOpArgNode[],tlc2.util.Context,tlc2.tool.TLCState,tlc2.tool.TLCState,int,tlc2.tool.coverage.CostModel),\nbut it produced the following error:\nAttempted to enumerate a set of the form [l1 : v1, ..., ln : vn],\nbut can't enumerate the value of the `exitValue' field:\nInt"

State 66: <Next line 59, col 13 to line 59, col 56 of module SlidingPuzzles>
/\ board = { {<<0, 0>>},
  {<<1, 0>>},
  {<<3, 3>>},
  {<<3, 4>>},
  {<<0, 1>>, <<0, 2>>},
  {<<0, 3>>, <<0, 4>>},
  {<<1, 1>>, <<1, 2>>},
  {<<2, 2>>, <<3, 2>>},
  {<<2, 3>>, <<2, 4>>},
  {<<2, 0>>, <<2, 1>>, <<3, 0>>, <<3, 1>>} }
/\ _ALIASEvalError = "Attempted to apply the operator overridden by the Java method\npublic static synchronized tlc2.value.impl.Value tlc2.module.Json.textSerialize(tlc2.tool.impl.Tool,tla2sany.semantic.ExprOrOpArgNode[],tlc2.util.Context,tlc2.tool.TLCState,tlc2.tool.TLCState,int,tlc2.tool.coverage.CostModel),\nbut it produced the following error:\nAttempted to enumerate a set of the form [l1 : v1, ..., ln : vn],\nbut can't enumerate the value of the `exitValue' field:\nInt"

State 67: <Next line 59, col 13 to line 59, col 56 of module SlidingPuzzles>
/\ board = { {<<0, 0>>},
  {<<1, 0>>},
  {<<3, 3>>},
  {<<3, 4>>},
  {<<0, 1>>, <<0, 2>>},
  {<<0, 3>>, <<0, 4>>},
  {<<1, 1>>, <<1, 2>>},
  {<<1, 3>>, <<1, 4>>},
  {<<2, 2>>, <<3, 2>>},
  {<<2, 0>>, <<2, 1>>, <<3, 0>>, <<3, 1>>} }
/\ _ALIASEvalError = "Attempted to apply the operator overridden by the Java method\npublic static synchronized tlc2.value.impl.Value tlc2.module.Json.textSerialize(tlc2.tool.impl.Tool,tla2sany.semantic.ExprOrOpArgNode[],tlc2.util.Context,tlc2.tool.TLCState,tlc2.tool.TLCState,int,tlc2.tool.coverage.CostModel),\nbut it produced the following error:\nAttempted to enumerate a set of the form [l1 : v1, ..., ln : vn],\nbut can't enumerate the value of the `exitValue' field:\nInt"

State 68: <Next line 59, col 13 to line 59, col 56 of module SlidingPuzzles>
/\ board = { {<<0, 0>>},
  {<<1, 0>>},
  {<<2, 3>>},
  {<<3, 4>>},
  {<<0, 1>>, <<0, 2>>},
  {<<0, 3>>, <<0, 4>>},
  {<<1, 1>>, <<1, 2>>},
  {<<1, 3>>, <<1, 4>>},
  {<<2, 2>>, <<3, 2>>},
  {<<2, 0>>, <<2, 1>>, <<3, 0>>, <<3, 1>>} }
/\ _ALIASEvalError = "Attempted to apply the operator overridden by the Java method\npublic static synchronized tlc2.value.impl.Value tlc2.module.Json.textSerialize(tlc2.tool.impl.Tool,tla2sany.semantic.ExprOrOpArgNode[],tlc2.util.Context,tlc2.tool.TLCState,tlc2.tool.TLCState,int,tlc2.tool.coverage.CostModel),\nbut it produced the following error:\nAttempted to enumerate a set of the form [l1 : v1, ..., ln : vn],\nbut can't enumerate the value of the `exitValue' field:\nInt"

State 69: <Next line 59, col 13 to line 59, col 56 of module SlidingPuzzles>
/\ board = { {<<0, 0>>},
  {<<1, 0>>},
  {<<2, 4>>},
  {<<3, 4>>},
  {<<0, 1>>, <<0, 2>>},
  {<<0, 3>>, <<0, 4>>},
  {<<1, 1>>, <<1, 2>>},
  {<<1, 3>>, <<1, 4>>},
  {<<2, 2>>, <<3, 2>>},
  {<<2, 0>>, <<2, 1>>, <<3, 0>>, <<3, 1>>} }
/\ _ALIASEvalError = "Attempted to apply the operator overridden by the Java method\npublic static synchronized tlc2.value.impl.Value tlc2.module.Json.textSerialize(tlc2.tool.impl.Tool,tla2sany.semantic.ExprOrOpArgNode[],tlc2.util.Context,tlc2.tool.TLCState,tlc2.tool.TLCState,int,tlc2.tool.coverage.CostModel),\nbut it produced the following error:\nAttempted to enumerate a set of the form [l1 : v1, ..., ln : vn],\nbut can't enumerate the value of the `exitValue' field:\nInt"

State 70: <Next line 59, col 13 to line 59, col 56 of module SlidingPuzzles>
/\ board = { {<<0, 0>>},
  {<<1, 0>>},
  {<<2, 4>>},
  {<<3, 4>>},
  {<<0, 1>>, <<0, 2>>},
  {<<0, 3>>, <<0, 4>>},
  {<<1, 1>>, <<1, 2>>},
  {<<1, 3>>, <<1, 4>>},
  {<<2, 3>>, <<3, 3>>},
  {<<2, 0>>, <<2, 1>>, <<3, 0>>, <<3, 1>>} }
/\ _ALIASEvalError = "Attempted to apply the operator overridden by the Java method\npublic static synchronized tlc2.value.impl.Value tlc2.module.Json.textSerialize(tlc2.tool.impl.Tool,tla2sany.semantic.ExprOrOpArgNode[],tlc2.util.Context,tlc2.tool.TLCState,tlc2.tool.TLCState,int,tlc2.tool.coverage.CostModel),\nbut it produced the following error:\nAttempted to enumerate a set of the form [l1 : v1, ..., ln : vn],\nbut can't enumerate the value of the `exitValue' field:\nInt"

State 71: <Next line 59, col 13 to line 59, col 56 of module SlidingPuzzles>
/\ board = { {<<0, 0>>},
  {<<1, 0>>},
  {<<2, 4>>},
  {<<3, 4>>},
  {<<0, 1>>, <<0, 2>>},
  {<<0, 3>>, <<0, 4>>},
  {<<1, 1>>, <<1, 2>>},
  {<<1, 3>>, <<1, 4>>},
  {<<2, 3>>, <<3, 3>>},
  {<<2, 1>>, <<2, 2>>, <<3, 1>>, <<3, 2>>} }
/\ _ALIASEvalError = "Attempted to apply the operator overridden by the Java method\npublic static synchronized tlc2.value.impl.Value tlc2.module.Json.textSerialize(tlc2.tool.impl.Tool,tla2sany.semantic.ExprOrOpArgNode[],tlc2.util.Context,tlc2.tool.TLCState,tlc2.tool.TLCState,int,tlc2.tool.coverage.CostModel),\nbut it produced the following error:\nAttempted to enumerate a set of the form [l1 : v1, ..., ln : vn],\nbut can't enumerate the value of the `exitValue' field:\nInt"

State 72: <Next line 59, col 13 to line 59, col 56 of module SlidingPuzzles>
/\ board = { {<<0, 0>>},
  {<<2, 0>>},
  {<<2, 4>>},
  {<<3, 4>>},
  {<<0, 1>>, <<0, 2>>},
  {<<0, 3>>, <<0, 4>>},
  {<<1, 1>>, <<1, 2>>},
  {<<1, 3>>, <<1, 4>>},
  {<<2, 3>>, <<3, 3>>},
  {<<2, 1>>, <<2, 2>>, <<3, 1>>, <<3, 2>>} }
/\ _ALIASEvalError = "Attempted to apply the operator overridden by the Java method\npublic static synchronized tlc2.value.impl.Value tlc2.module.Json.textSerialize(tlc2.tool.impl.Tool,tla2sany.semantic.ExprOrOpArgNode[],tlc2.util.Context,tlc2.tool.TLCState,tlc2.tool.TLCState,int,tlc2.tool.coverage.CostModel),\nbut it produced the following error:\nAttempted to enumerate a set of the form [l1 : v1, ..., ln : vn],\nbut can't enumerate the value of the `exitValue' field:\nInt"

State 73: <Next line 59, col 13 to line 59, col 56 of module SlidingPuzzles>
/\ board = { {<<1, 0>>},
  {<<2, 0>>},
  {<<2, 4>>},
  {<<3, 4>>},
  {<<0, 1>>, <<0, 2>>},
  {<<0, 3>>, <<0, 4>>},
  {<<1, 1>>, <<1, 2>>},
  {<<1, 3>>, <<1, 4>>},
  {<<2, 3>>, <<3, 3>>},
  {<<2, 1>>, <<2, 2>>, <<3, 1>>, <<3, 2>>} }
/\ _ALIASEvalError = "Attempted to apply the operator overridden by the Java method\npublic static synchronized tlc2.value.impl.Value tlc2.module.Json.textSerialize(tlc2.tool.impl.Tool,tla2sany.semantic.ExprOrOpArgNode[],tlc2.util.Context,tlc2.tool.TLCState,tlc2.tool.TLCState,int,tlc2.tool.coverage.CostModel),\nbut it produced the following error:\nAttempted to enumerate a set of the form [l1 : v1, ..., ln : vn],\nbut can't enumerate the value of the `exitValue' field:\nInt"

State 74: <Next line 59, col 13 to line 59, col 56 of module SlidingPuzzles>
/\ board = { {<<1, 0>>},
  {<<2, 0>>},
  {<<2, 4>>},
  {<<3, 4>>},
  {<<0, 0>>, <<0, 1>>},
  {<<0, 3>>, <<0, 4>>},
  {<<1, 1>>, <<1, 2>>},
  {<<1, 3>>, <<1, 4>>},
  {<<2, 3>>, <<3, 3>>},
  {<<2, 1>>, <<2, 2>>, <<3, 1>>, <<3, 2>>} }
/\ _ALIASEvalError = "Attempted to apply the operator overridden by the Java method\npublic static synchronized tlc2.value.impl.Value tlc2.module.Json.textSerialize(tlc2.tool.impl.Tool,tla2sany.semantic.ExprOrOpArgNode[],tlc2.util.Context,tlc2.tool.TLCState,tlc2.tool.TLCState,int,tlc2.tool.coverage.CostModel),\nbut it produced the following error:\nAttempted to enumerate a set of the form [l1 : v1, ..., ln : vn],\nbut can't enumerate the value of the `exitValue' field:\nInt"

State 75: <Next line 59, col 13 to line 59, col 56 of module SlidingPuzzles>
/\ board = { {<<1, 0>>},
  {<<2, 0>>},
  {<<2, 4>>},
  {<<3, 4>>},
  {<<0, 0>>, <<0, 1>>},
  {<<0, 2>>, <<0, 3>>},
  {<<1, 1>>, <<1, 2>>},
  {<<1, 3>>, <<1, 4>>},
  {<<2, 3>>, <<3, 3>>},
  {<<2, 1>>, <<2, 2>>, <<3, 1>>, <<3, 2>>} }
/\ _ALIASEvalError = "Attempted to apply the operator overridden by the Java method\npublic static synchronized tlc2.value.impl.Value tlc2.module.Json.textSerialize(tlc2.tool.impl.Tool,tla2sany.semantic.ExprOrOpArgNode[],tlc2.util.Context,tlc2.tool.TLCState,tlc2.tool.TLCState,int,tlc2.tool.coverage.CostModel),\nbut it produced the following error:\nAttempted to enumerate a set of the form [l1 : v1, ..., ln : vn],\nbut can't enumerate the value of the `exitValue' field:\nInt"

State 76: <Next line 59, col 13 to line 59, col 56 of module SlidingPuzzles>
/\ board = { {<<1, 0>>},
  {<<2, 4>>},
  {<<3, 0>>},
  {<<3, 4>>},
  {<<0, 0>>, <<0, 1>>},
  {<<0, 2>>, <<0, 3>>},
  {<<1, 1>>, <<1, 2>>},
  {<<1, 3>>, <<1, 4>>},
  {<<2, 3>>, <<3, 3>>},
  {<<2, 1>>, <<2, 2>>, <<3, 1>>, <<3, 2>>} }
/\ _ALIASEvalError = "Attempted to apply the operator overridden by the Java method\npublic static synchronized tlc2.value.impl.Value tlc2.module.Json.textSerialize(tlc2.tool.impl.Tool,tla2sany.semantic.ExprOrOpArgNode[],tlc2.util.Context,tlc2.tool.TLCState,tlc2.tool.TLCState,int,tlc2.tool.coverage.CostModel),\nbut it produced the following error:\nAttempted to enumerate a set of the form [l1 : v1, ..., ln : vn],\nbut can't enumerate the value of the `exitValue' field:\nInt"

State 77: <Next line 59, col 13 to line 59, col 56 of module SlidingPuzzles>
/\ board = { {<<2, 0>>},
  {<<2, 4>>},
  {<<3, 0>>},
  {<<3, 4>>},
  {<<0, 0>>, <<0, 1>>},
  {<<0, 2>>, <<0, 3>>},
  {<<1, 1>>, <<1, 2>>},
  {<<1, 3>>, <<1, 4>>},
  {<<2, 3>>, <<3, 3>>},
  {<<2, 1>>, <<2, 2>>, <<3, 1>>, <<3, 2>>} }
/\ _ALIASEvalError = "Attempted to apply the operator overridden by the Java method\npublic static synchronized tlc2.value.impl.Value tlc2.module.Json.textSerialize(tlc2.tool.impl.Tool,tla2sany.semantic.ExprOrOpArgNode[],tlc2.util.Context,tlc2.tool.TLCState,tlc2.tool.TLCState,int,tlc2.tool.coverage.CostModel),\nbut it produced the following error:\nAttempted to enumerate a set of the form [l1 : v1, ..., ln : vn],\nbut can't enumerate the value of the `exitValue' field:\nInt"

State 78: <Next line 59, col 13 to line 59, col 56 of module SlidingPuzzles>
/\ board = { {<<2, 0>>},
  {<<2, 4>>},
  {<<3, 0>>},
  {<<3, 4>>},
  {<<0, 0>>, <<0, 1>>},
  {<<0, 2>>, <<0, 3>>},
  {<<1, 0>>, <<1, 1>>},
  {<<1, 3>>, <<1, 4>>},
  {<<2, 3>>, <<3, 3>>},
  {<<2, 1>>, <<2, 2>>, <<3, 1>>, <<3, 2>>} }
/\ _ALIASEvalError = "Attempted to apply the operator overridden by the Java method\npublic static synchronized tlc2.value.impl.Value tlc2.module.Json.textSerialize(tlc2.tool.impl.Tool,tla2sany.semantic.ExprOrOpArgNode[],tlc2.util.Context,tlc2.tool.TLCState,tlc2.tool.TLCState,int,tlc2.tool.coverage.CostModel),\nbut it produced the following error:\nAttempted to enumerate a set of the form [l1 : v1, ..., ln : vn],\nbut can't enumerate the value of the `exitValue' field:\nInt"

State 79: <Next line 59, col 13 to line 59, col 56 of module SlidingPuzzles>
/\ board = { {<<2, 0>>},
  {<<2, 4>>},
  {<<3, 0>>},
  {<<3, 4>>},
  {<<0, 0>>, <<0, 1>>},
  {<<0, 2>>, <<0, 3>>},
  {<<1, 0>>, <<1, 1>>},
  {<<1, 2>>, <<1, 3>>},
  {<<2, 3>>, <<3, 3>>},
  {<<2, 1>>, <<2, 2>>, <<3, 1>>, <<3, 2>>} }
/\ _ALIASEvalError = "Attempted to apply the operator overridden by the Java method\npublic static synchronized tlc2.value.impl.Value tlc2.module.Json.textSerialize(tlc2.tool.impl.Tool,tla2sany.semantic.ExprOrOpArgNode[],tlc2.util.Context,tlc2.tool.TLCState,tlc2.tool.TLCState,int,tlc2.tool.coverage.CostModel),\nbut it produced the following error:\nAttempted to enumerate a set of the form [l1 : v1, ..., ln : vn],\nbut can't enumerate the value of the `exitValue' field:\nInt"

State 80: <Next line 59, col 13 to line 59, col 56 of module SlidingPuzzles>
/\ board = { {<<1, 4>>},
  {<<2, 0>>},
  {<<3, 0>>},
  {<<3, 4>>},
  {<<0, 0>>, <<0, 1>>},
  {<<0, 2>>, <<0, 3>>},
  {<<1, 0>>, <<1, 1>>},
  {<<1, 2>>, <<1, 3>>},
  {<<2, 3>>, <<3, 3>>},
  {<<2, 1>>, <<2, 2>>, <<3, 1>>, <<3, 2>>} }
/\ _ALIASEvalError = "Attempted to apply the operator overridden by the Java method\npublic static synchronized tlc2.value.impl.Value tlc2.module.Json.textSerialize(tlc2.tool.impl.Tool,tla2sany.semantic.ExprOrOpArgNode[],tlc2.util.Context,tlc2.tool.TLCState,tlc2.tool.TLCState,int,tlc2.tool.coverage.CostModel),\nbut it produced the following error:\nAttempted to enumerate a set of the form [l1 : v1, ..., ln : vn],\nbut can't enumerate the value of the `exitValue' field:\nInt"

State 81: <Next line 59, col 13 to line 59, col 56 of module SlidingPuzzles>
/\ board = { {<<0, 4>>},
  {<<2, 0>>},
  {<<3, 0>>},
  {<<3, 4>>},
  {<<0, 0>>, <<0, 1>>},
  {<<0, 2>>, <<0, 3>>},
  {<<1, 0>>, <<1, 1>>},
  {<<1, 2>>, <<1, 3>>},
  {<<2, 3>>, <<3, 3>>},
  {<<2, 1>>, <<2, 2>>, <<3, 1>>, <<3, 2>>} }
/\ _ALIASEvalError = "Attempted to apply the operator overridden by the Java method\npublic static synchronized tlc2.value.impl.Value tlc2.module.Json.textSerialize(tlc2.tool.impl.Tool,tla2sany.semantic.ExprOrOpArgNode[],tlc2.util.Context,tlc2.tool.TLCState,tlc2.tool.TLCState,int,tlc2.tool.coverage.CostModel),\nbut it produced the following error:\nAttempted to enumerate a set of the form [l1 : v1, ..., ln : vn],\nbut can't enumerate the value of the `exitValue' field:\nInt"

State 82: <Next line 59, col 13 to line 59, col 56 of module SlidingPuzzles>
/\ board = { {<<0, 4>>},
  {<<2, 0>>},
  {<<2, 4>>},
  {<<3, 0>>},
  {<<0, 0>>, <<0, 1>>},
  {<<0, 2>>, <<0, 3>>},
  {<<1, 0>>, <<1, 1>>},
  {<<1, 2>>, <<1, 3>>},
  {<<2, 3>>, <<3, 3>>},
  {<<2, 1>>, <<2, 2>>, <<3, 1>>, <<3, 2>>} }
/\ _ALIASEvalError = "Attempted to apply the operator overridden by the Java method\npublic static synchronized tlc2.value.impl.Value tlc2.module.Json.textSerialize(tlc2.tool.impl.Tool,tla2sany.semantic.ExprOrOpArgNode[],tlc2.util.Context,tlc2.tool.TLCState,tlc2.tool.TLCState,int,tlc2.tool.coverage.CostModel),\nbut it produced the following error:\nAttempted to enumerate a set of the form [l1 : v1, ..., ln : vn],\nbut can't enumerate the value of the `exitValue' field:\nInt"

State 83: <Next line 59, col 13 to line 59, col 56 of module SlidingPuzzles>
/\ board = { {<<0, 4>>},
  {<<1, 4>>},
  {<<2, 0>>},
  {<<3, 0>>},
  {<<0, 0>>, <<0, 1>>},
  {<<0, 2>>, <<0, 3>>},
  {<<1, 0>>, <<1, 1>>},
  {<<1, 2>>, <<1, 3>>},
  {<<2, 3>>, <<3, 3>>},
  {<<2, 1>>, <<2, 2>>, <<3, 1>>, <<3, 2>>} }
/\ _ALIASEvalError = "Attempted to apply the operator overridden by the Java method\npublic static synchronized tlc2.value.impl.Value tlc2.module.Json.textSerialize(tlc2.tool.impl.Tool,tla2sany.semantic.ExprOrOpArgNode[],tlc2.util.Context,tlc2.tool.TLCState,tlc2.tool.TLCState,int,tlc2.tool.coverage.CostModel),\nbut it produced the following error:\nAttempted to enumerate a set of the form [l1 : v1, ..., ln : vn],\nbut can't enumerate the value of the `exitValue' field:\nInt"

State 84: <Next line 59, col 13 to line 59, col 56 of module SlidingPuzzles>
/\ board = { {<<0, 4>>},
  {<<1, 4>>},
  {<<2, 0>>},
  {<<3, 0>>},
  {<<0, 0>>, <<0, 1>>},
  {<<0, 2>>, <<0, 3>>},
  {<<1, 0>>, <<1, 1>>},
  {<<1, 2>>, <<1, 3>>},
  {<<2, 4>>, <<3, 4>>},
  {<<2, 1>>, <<2, 2>>, <<3, 1>>, <<3, 2>>} }
/\ _ALIASEvalError = "Attempted to apply the operator overridden by the Java method\npublic static synchronized tlc2.value.impl.Value tlc2.module.Json.textSerialize(tlc2.tool.impl.Tool,tla2sany.semantic.ExprOrOpArgNode[],tlc2.util.Context,tlc2.tool.TLCState,tlc2.tool.TLCState,int,tlc2.tool.coverage.CostModel),\nbut it produced the following error:\nAttempted to enumerate a set of the form [l1 : v1, ..., ln : vn],\nbut can't enumerate the value of the `exitValue' field:\nInt"

State 85: <Next line 59, col 13 to line 59, col 56 of module SlidingPuzzles>
/\ board = { {<<0, 4>>},
  {<<1, 4>>},
  {<<2, 0>>},
  {<<3, 0>>},
  {<<0, 0>>, <<0, 1>>},
  {<<0, 2>>, <<0, 3>>},
  {<<1, 0>>, <<1, 1>>},
  {<<1, 2>>, <<1, 3>>},
  {<<2, 4>>, <<3, 4>>},
  {<<2, 2>>, <<2, 3>>, <<3, 2>>, <<3, 3>>} }
/\ _ALIASEvalError = "Attempted to apply the operator overridden by the Java method\npublic static synchronized tlc2.value.impl.Value tlc2.module.Json.textSerialize(tlc2.tool.impl.Tool,tla2sany.semantic.ExprOrOpArgNode[],tlc2.util.Context,tlc2.tool.TLCState,tlc2.tool.TLCState,int,tlc2.tool.coverage.CostModel),\nbut it produced the following error:\nAttempted to enumerate a set of the form [l1 : v1, ..., ln : vn],\nbut can't enumerate the value of the `exitValue' field:\nInt"

State 86: <Next line 59, col 13 to line 59, col 56 of module SlidingPuzzles>
/\ board = { {<<0, 4>>},
  {<<1, 4>>},
  {<<2, 1>>},
  {<<3, 0>>},
  {<<0, 0>>, <<0, 1>>},
  {<<0, 2>>, <<0, 3>>},
  {<<1, 0>>, <<1, 1>>},
  {<<1, 2>>, <<1, 3>>},
  {<<2, 4>>, <<3, 4>>},
  {<<2, 2>>, <<2, 3>>, <<3, 2>>, <<3, 3>>} }
/\ _ALIASEvalError = "Attempted to apply the operator overridden by the Java method\npublic static synchronized tlc2.value.impl.Value tlc2.module.Json.textSerialize(tlc2.tool.impl.Tool,tla2sany.semantic.ExprOrOpArgNode[],tlc2.util.Context,tlc2.tool.TLCState,tlc2.tool.TLCState,int,tlc2.tool.coverage.CostModel),\nbut it produced the following error:\nAttempted to enumerate a set of the form [l1 : v1, ..., ln : vn],\nbut can't enumerate the value of the `exitValue' field:\nInt"

State 87: <Next line 59, col 13 to line 59, col 56 of module SlidingPuzzles>
/\ board = { {<<0, 4>>},
  {<<1, 4>>},
  {<<3, 0>>},
  {<<3, 1>>},
  {<<0, 0>>, <<0, 1>>},
  {<<0, 2>>, <<0, 3>>},
  {<<1, 0>>, <<1, 1>>},
  {<<1, 2>>, <<1, 3>>},
  {<<2, 4>>, <<3, 4>>},
  {<<2, 2>>, <<2, 3>>, <<3, 2>>, <<3, 3>>} }
/\ _ALIASEvalError = "Attempted to apply the operator overridden by the Java method\npublic static synchronized tlc2.value.impl.Value tlc2.module.Json.textSerialize(tlc2.tool.impl.Tool,tla2sany.semantic.ExprOrOpArgNode[],tlc2.util.Context,tlc2.tool.TLCState,tlc2.tool.TLCState,int,tlc2.tool.coverage.CostModel),\nbut it produced the following error:\nAttempted to enumerate a set of the form [l1 : v1, ..., ln : vn],\nbut can't enumerate the value of the `exitValue' field:\nInt"

State 88: <Next line 59, col 13 to line 59, col 56 of module SlidingPuzzles>
/\ board = { {<<0, 4>>},
  {<<1, 4>>},
  {<<3, 0>>},
  {<<3, 1>>},
  {<<0, 0>>, <<0, 1>>},
  {<<0, 2>>, <<0, 3>>},
  {<<1, 2>>, <<1, 3>>},
  {<<2, 0>>, <<2, 1>>},
  {<<2, 4>>, <<3, 4>>},
  {<<2, 2>>, <<2, 3>>, <<3, 2>>, <<3, 3>>} }
/\ _ALIASEvalError = "Attempted to apply the operator overridden by the Java method\npublic static synchronized tlc2.value.impl.Value tlc2.module.Json.textSerialize(tlc2.tool.impl.Tool,tla2sany.semantic.ExprOrOpArgNode[],tlc2.util.Context,tlc2.tool.TLCState,tlc2.tool.TLCState,int,tlc2.tool.coverage.CostModel),\nbut it produced the following error:\nAttempted to enumerate a set of the form [l1 : v1, ..., ln : vn],\nbut can't enumerate the value of the `exitValue' field:\nInt"

State 89: <Next line 59, col 13 to line 59, col 56 of module SlidingPuzzles>
/\ board = { {<<0, 4>>},
  {<<1, 4>>},
  {<<3, 0>>},
  {<<3, 1>>},
  {<<0, 0>>, <<0, 1>>},
  {<<0, 2>>, <<0, 3>>},
  {<<1, 1>>, <<1, 2>>},
  {<<2, 0>>, <<2, 1>>},
  {<<2, 4>>, <<3, 4>>},
  {<<2, 2>>, <<2, 3>>, <<3, 2>>, <<3, 3>>} }
/\ _ALIASEvalError = "Attempted to apply the operator overridden by the Java method\npublic static synchronized tlc2.value.impl.Value tlc2.module.Json.textSerialize(tlc2.tool.impl.Tool,tla2sany.semantic.ExprOrOpArgNode[],tlc2.util.Context,tlc2.tool.TLCState,tlc2.tool.TLCState,int,tlc2.tool.coverage.CostModel),\nbut it produced the following error:\nAttempted to enumerate a set of the form [l1 : v1, ..., ln : vn],\nbut can't enumerate the value of the `exitValue' field:\nInt"

State 90: <Next line 59, col 13 to line 59, col 56 of module SlidingPuzzles>
/\ board = { {<<0, 4>>},
  {<<1, 4>>},
  {<<3, 0>>},
  {<<3, 1>>},
  {<<0, 0>>, <<0, 1>>},
  {<<0, 2>>, <<0, 3>>},
  {<<1, 0>>, <<1, 1>>},
  {<<2, 0>>, <<2, 1>>},
  {<<2, 4>>, <<3, 4>>},
  {<<2, 2>>, <<2, 3>>, <<3, 2>>, <<3, 3>>} }
/\ _ALIASEvalError = "Attempted to apply the operator overridden by the Java method\npublic static synchronized tlc2.value.impl.Value tlc2.module.Json.textSerialize(tlc2.tool.impl.Tool,tla2sany.semantic.ExprOrOpArgNode[],tlc2.util.Context,tlc2.tool.TLCState,tlc2.tool.TLCState,int,tlc2.tool.coverage.CostModel),\nbut it produced the following error:\nAttempted to enumerate a set of the form [l1 : v1, ..., ln : vn],\nbut can't enumerate the value of the `exitValue' field:\nInt"

State 91: <Next line 59, col 13 to line 59, col 56 of module SlidingPuzzles>
/\ board = { {<<0, 4>>},
  {<<1, 4>>},
  {<<3, 0>>},
  {<<3, 1>>},
  {<<0, 0>>, <<0, 1>>},
  {<<0, 2>>, <<0, 3>>},
  {<<1, 0>>, <<1, 1>>},
  {<<2, 0>>, <<2, 1>>},
  {<<2, 4>>, <<3, 4>>},
  {<<1, 2>>, <<1, 3>>, <<2, 2>>, <<2, 3>>} }
/\ _ALIASEvalError = "Attempted to apply the operator overridden by the Java method\npublic static synchronized tlc2.value.impl.Value tlc2.module.Json.textSerialize(tlc2.tool.impl.Tool,tla2sany.semantic.ExprOrOpArgNode[],tlc2.util.Context,tlc2.tool.TLCState,tlc2.tool.TLCState,int,tlc2.tool.coverage.CostModel),\nbut it produced the following error:\nAttempted to enumerate a set of the form [l1 : v1, ..., ln : vn],\nbut can't enumerate the value of the `exitValue' field:\nInt"

State 92: <Next line 59, col 13 to line 59, col 56 of module SlidingPuzzles>
/\ board = { {<<0, 4>>},
  {<<1, 4>>},
  {<<3, 0>>},
  {<<3, 2>>},
  {<<0, 0>>, <<0, 1>>},
  {<<0, 2>>, <<0, 3>>},
  {<<1, 0>>, <<1, 1>>},
  {<<2, 0>>, <<2, 1>>},
  {<<2, 4>>, <<3, 4>>},
  {<<1, 2>>, <<1, 3>>, <<2, 2>>, <<2, 3>>} }
/\ _ALIASEvalError = "Attempted to apply the operator overridden by the Java method\npublic static synchronized tlc2.value.impl.Value tlc2.module.Json.textSerialize(tlc2.tool.impl.Tool,tla2sany.semantic.ExprOrOpArgNode[],tlc2.util.Context,tlc2.tool.TLCState,tlc2.tool.TLCState,int,tlc2.tool.coverage.CostModel),\nbut it produced the following error:\nAttempted to enumerate a set of the form [l1 : v1, ..., ln : vn],\nbut can't enumerate the value of the `exitValue' field:\nInt"

State 93: <Next line 59, col 13 to line 59, col 56 of module SlidingPuzzles>
/\ board = { {<<0, 4>>},
  {<<1, 4>>},
  {<<3, 1>>},
  {<<3, 2>>},
  {<<0, 0>>, <<0, 1>>},
  {<<0, 2>>, <<0, 3>>},
  {<<1, 0>>, <<1, 1>>},
  {<<2, 0>>, <<2, 1>>},
  {<<2, 4>>, <<3, 4>>},
  {<<1, 2>>, <<1, 3>>, <<2, 2>>, <<2, 3>>} }
/\ _ALIASEvalError = "Attempted to apply the operator overridden by the Java method\npublic static synchronized tlc2.value.impl.Value tlc2.module.Json.textSerialize(tlc2.tool.impl.Tool,tla2sany.semantic.ExprOrOpArgNode[],tlc2.util.Context,tlc2.tool.TLCState,tlc2.tool.TLCState,int,tlc2.tool.coverage.CostModel),\nbut it produced the following error:\nAttempted to enumerate a set of the form [l1 : v1, ..., ln : vn],\nbut can't enumerate the value of the `exitValue' field:\nInt"

State 94: <Next line 59, col 13 to line 59, col 56 of module SlidingPuzzles>
/\ board = { {<<0, 4>>},
  {<<1, 4>>},
  {<<3, 1>>},
  {<<3, 3>>},
  {<<0, 0>>, <<0, 1>>},
  {<<0, 2>>, <<0, 3>>},
  {<<1, 0>>, <<1, 1>>},
  {<<2, 0>>, <<2, 1>>},
  {<<2, 4>>, <<3, 4>>},
  {<<1, 2>>, <<1, 3>>, <<2, 2>>, <<2, 3>>} }
/\ _ALIASEvalError = "Attempted to apply the operator overridden by the Java method\npublic static synchronized tlc2.value.impl.Value tlc2.module.Json.textSerialize(tlc2.tool.impl.Tool,tla2sany.semantic.ExprOrOpArgNode[],tlc2.util.Context,tlc2.tool.TLCState,tlc2.tool.TLCState,int,tlc2.tool.coverage.CostModel),\nbut it produced the following error:\nAttempted to enumerate a set of the form [l1 : v1, ..., ln : vn],\nbut can't enumerate the value of the `exitValue' field:\nInt"

State 95: <Next line 59, col 13 to line 59, col 56 of module SlidingPuzzles>
/\ board = { {<<0, 4>>},
  {<<1, 4>>},
  {<<3, 2>>},
  {<<3, 3>>},
  {<<0, 0>>, <<0, 1>>},
  {<<0, 2>>, <<0, 3>>},
  {<<1, 0>>, <<1, 1>>},
  {<<2, 0>>, <<2, 1>>},
  {<<2, 4>>, <<3, 4>>},
  {<<1, 2>>, <<1, 3>>, <<2, 2>>, <<2, 3>>} }
/\ _ALIASEvalError = "Attempted to apply the operator overridden by the Java method\npublic static synchronized tlc2.value.impl.Value tlc2.module.Json.textSerialize(tlc2.tool.impl.Tool,tla2sany.semantic.ExprOrOpArgNode[],tlc2.util.Context,tlc2.tool.TLCState,tlc2.tool.TLCState,int,tlc2.tool.coverage.CostModel),\nbut it produced the following error:\nAttempted to enumerate a set of the form [l1 : v1, ..., ln : vn],\nbut can't enumerate the value of the `exitValue' field:\nInt"

State 96: <Next line 59, col 13 to line 59, col 56 of module SlidingPuzzles>
/\ board = { {<<0, 4>>},
  {<<1, 4>>},
  {<<3, 2>>},
  {<<3, 3>>},
  {<<0, 0>>, <<0, 1>>},
  {<<0, 2>>, <<0, 3>>},
  {<<1, 0>>, <<1, 1>>},
  {<<2, 4>>, <<3, 4>>},
  {<<3, 0>>, <<3, 1>>},
  {<<1, 2>>, <<1, 3>>, <<2, 2>>, <<2, 3>>} }
/\ _ALIASEvalError = "Attempted to apply the operator overridden by the Java method\npublic static synchronized tlc2.value.impl.Value tlc2.module.Json.textSerialize(tlc2.tool.impl.Tool,tla2sany.semantic.ExprOrOpArgNode[],tlc2.util.Context,tlc2.tool.TLCState,tlc2.tool.TLCState,int,tlc2.tool.coverage.CostModel),\nbut it produced the following error:\nAttempted to enumerate a set of the form [l1 : v1, ..., ln : vn],\nbut can't enumerate the value of the `exitValue' field:\nInt"

State 97: <Next line 59, col 13 to line 59, col 56 of module SlidingPuzzles>
/\ board = { {<<0, 4>>},
  {<<1, 4>>},
  {<<3, 2>>},
  {<<3, 3>>},
  {<<0, 0>>, <<0, 1>>},
  {<<0, 2>>, <<0, 3>>},
  {<<2, 0>>, <<2, 1>>},
  {<<2, 4>>, <<3, 4>>},
  {<<3, 0>>, <<3, 1>>},
  {<<1, 2>>, <<1, 3>>, <<2, 2>>, <<2, 3>>} }
/\ _ALIASEvalError = "Attempted to apply the operator overridden by the Java method\npublic static synchronized tlc2.value.impl.Value tlc2.module.Json.textSerialize(tlc2.tool.impl.Tool,tla2sany.semantic.ExprOrOpArgNode[],tlc2.util.Context,tlc2.tool.TLCState,tlc2.tool.TLCState,int,tlc2.tool.coverage.CostModel),\nbut it produced the following error:\nAttempted to enumerate a set of the form [l1 : v1, ..., ln : vn],\nbut can't enumerate the value of the `exitValue' field:\nInt"

State 98: <Next line 59, col 13 to line 59, col 56 of module SlidingPuzzles>
/\ board = { {<<0, 4>>},
  {<<1, 4>>},
  {<<3, 2>>},
  {<<3, 3>>},
  {<<0, 2>>, <<0, 3>>},
  {<<1, 0>>, <<1, 1>>},
  {<<2, 0>>, <<2, 1>>},
  {<<2, 4>>, <<3, 4>>},
  {<<3, 0>>, <<3, 1>>},
  {<<1, 2>>, <<1, 3>>, <<2, 2>>, <<2, 3>>} }
/\ _ALIASEvalError = "Attempted to apply the operator overridden by the Java method\npublic static synchronized tlc2.value.impl.Value tlc2.module.Json.textSerialize(tlc2.tool.impl.Tool,tla2sany.semantic.ExprOrOpArgNode[],tlc2.util.Context,tlc2.tool.TLCState,tlc2.tool.TLCState,int,tlc2.tool.coverage.CostModel),\nbut it produced the following error:\nAttempted to enumerate a set of the form [l1 : v1, ..., ln : vn],\nbut can't enumerate the value of the `exitValue' field:\nInt"

State 99: <Next line 59, col 13 to line 59, col 56 of module SlidingPuzzles>
/\ board = { {<<0, 4>>},
  {<<1, 4>>},
  {<<3, 2>>},
  {<<3, 3>>},
  {<<0, 1>>, <<0, 2>>},
  {<<1, 0>>, <<1, 1>>},
  {<<2, 0>>, <<2, 1>>},
  {<<2, 4>>, <<3, 4>>},
  {<<3, 0>>, <<3, 1>>},
  {<<1, 2>>, <<1, 3>>, <<2, 2>>, <<2, 3>>} }
/\ _ALIASEvalError = "Attempted to apply the operator overridden by the Java method\npublic static synchronized tlc2.value.impl.Value tlc2.module.Json.textSerialize(tlc2.tool.impl.Tool,tla2sany.semantic.ExprOrOpArgNode[],tlc2.util.Context,tlc2.tool.TLCState,tlc2.tool.TLCState,int,tlc2.tool.coverage.CostModel),\nbut it produced the following error:\nAttempted to enumerate a set of the form [l1 : v1, ..., ln : vn],\nbut can't enumerate the value of the `exitValue' field:\nInt"

State 100: <Next line 59, col 13 to line 59, col 56 of module SlidingPuzzles>
/\ board = { {<<0, 4>>},
  {<<1, 4>>},
  {<<3, 2>>},
  {<<3, 3>>},
  {<<0, 0>>, <<0, 1>>},
  {<<1, 0>>, <<1, 1>>},
  {<<2, 0>>, <<2, 1>>},
  {<<2, 4>>, <<3, 4>>},
  {<<3, 0>>, <<3, 1>>},
  {<<1, 2>>, <<1, 3>>, <<2, 2>>, <<2, 3>>} }
/\ _ALIASEvalError = "Attempted to apply the operator overridden by the Java method\npublic static synchronized tlc2.value.impl.Value tlc2.module.Json.textSerialize(tlc2.tool.impl.Tool,tla2sany.semantic.ExprOrOpArgNode[],tlc2.util.Context,tlc2.tool.TLCState,tlc2.tool.TLCState,int,tlc2.tool.coverage.CostModel),\nbut it produced the following error:\nAttempted to enumerate a set of the form [l1 : v1, ..., ln : vn],\nbut can't enumerate the value of the `exitValue' field:\nInt"

State 101: <Next line 59, col 13 to line 59, col 56 of module SlidingPuzzles>
/\ board = { {<<0, 4>>},
  {<<1, 4>>},
  {<<3, 2>>},
  {<<3, 3>>},
  {<<0, 0>>, <<0, 1>>},
  {<<1, 0>>, <<1, 1>>},
  {<<2, 0>>, <<2, 1>>},
  {<<2, 4>>, <<3, 4>>},
  {<<3, 0>>, <<3, 1>>},
  {<<0, 2>>, <<0, 3>>, <<1, 2>>, <<1, 3>>} }
/\ _ALIASEvalError = "Attempted to apply the operator overridden by the Java method\npublic static synchronized tlc2.value.impl.Value tlc2.module.Json.textSerialize(tlc2.tool.impl.Tool,tla2sany.semantic.ExprOrOpArgNode[],tlc2.util.Context,tlc2.tool.TLCState,tlc2.tool.TLCState,int,tlc2.tool.coverage.CostModel),\nbut it produced the following error:\nAttempted to enumerate a set of the form [l1 : v1, ..., ln : vn],\nbut can't enumerate the value of the `exitValue' field:\nInt"

State 102: <Next line 59, col 13 to line 59, col 56 of module SlidingPuzzles>
/\ board = { {<<0, 4>>},
  {<<1, 4>>},
  {<<2, 2>>},
  {<<3, 3>>},
  {<<0, 0>>, <<0, 1>>},
  {<<1, 0>>, <<1, 1>>},
  {<<2, 0>>, <<2, 1>>},
  {<<2, 4>>, <<3, 4>>},
  {<<3, 0>>, <<3, 1>>},
  {<<0, 2>>, <<0, 3>>, <<1, 2>>, <<1, 3>>} }
/\ _ALIASEvalError = "Attempted to apply the operator overridden by the Java method\npublic static synchronized tlc2.value.impl.Value tlc2.module.Json.textSerialize(tlc2.tool.impl.Tool,tla2sany.semantic.ExprOrOpArgNode[],tlc2.util.Context,tlc2.tool.TLCState,tlc2.tool.TLCState,int,tlc2.tool.coverage.CostModel),\nbut it produced the following error:\nAttempted to enumerate a set of the form [l1 : v1, ..., ln : vn],\nbut can't enumerate the value of the `exitValue' field:\nInt"

State 103: <Next line 59, col 13 to line 59, col 56 of module SlidingPuzzles>
/\ board = { {<<0, 4>>},
  {<<1, 4>>},
  {<<2, 2>>},
  {<<3, 2>>},
  {<<0, 0>>, <<0, 1>>},
  {<<1, 0>>, <<1, 1>>},
  {<<2, 0>>, <<2, 1>>},
  {<<2, 4>>, <<3, 4>>},
  {<<3, 0>>, <<3, 1>>},
  {<<0, 2>>, <<0, 3>>, <<1, 2>>, <<1, 3>>} }
/\ _ALIASEvalError = "Attempted to apply the operator overridden by the Java method\npublic static synchronized tlc2.value.impl.Value tlc2.module.Json.textSerialize(tlc2.tool.impl.Tool,tla2sany.semantic.ExprOrOpArgNode[],tlc2.util.Context,tlc2.tool.TLCState,tlc2.tool.TLCState,int,tlc2.tool.coverage.CostModel),\nbut it produced the following error:\nAttempted to enumerate a set of the form [l1 : v1, ..., ln : vn],\nbut can't enumerate the value of the `exitValue' field:\nInt"

State 104: <Next line 59, col 13 to line 59, col 56 of module SlidingPuzzles>
/\ board = { {<<0, 4>>},
  {<<1, 4>>},
  {<<2, 2>>},
  {<<3, 2>>},
  {<<0, 0>>, <<0, 1>>},
  {<<1, 0>>, <<1, 1>>},
  {<<2, 0>>, <<2, 1>>},
  {<<2, 3>>, <<3, 3>>},
  {<<3, 0>>, <<3, 1>>},
  {<<0, 2>>, <<0, 3>>, <<1, 2>>, <<1, 3>>} }
/\ _ALIASEvalError = "Attempted to apply the operator overridden by the Java method\npublic static synchronized tlc2.value.impl.Value tlc2.module.Json.textSerialize(tlc2.tool.impl.Tool,tla2sany.semantic.ExprOrOpArgNode[],tlc2.util.Context,tlc2.tool.TLCState,tlc2.tool.TLCState,int,tlc2.tool.coverage.CostModel),\nbut it produced the following error:\nAttempted to enumerate a set of the form [l1 : v1, ..., ln : vn],\nbut can't enumerate the value of the `exitValue' field:\nInt"

State 105: <Next line 59, col 13 to line 59, col 56 of module SlidingPuzzles>
/\ board = { {<<0, 4>>},
  {<<2, 2>>},
  {<<2, 4>>},
  {<<3, 2>>},
  {<<0, 0>>, <<0, 1>>},
  {<<1, 0>>, <<1, 1>>},
  {<<2, 0>>, <<2, 1>>},
  {<<2, 3>>, <<3, 3>>},
  {<<3, 0>>, <<3, 1>>},
  {<<0, 2>>, <<0, 3>>, <<1, 2>>, <<1, 3>>} }
/\ _ALIASEvalError = "Attempted to apply the operator overridden by the Java method\npublic static synchronized tlc2.value.impl.Value tlc2.module.Json.textSerialize(tlc2.tool.impl.Tool,tla2sany.semantic.ExprOrOpArgNode[],tlc2.util.Context,tlc2.tool.TLCState,tlc2.tool.TLCState,int,tlc2.tool.coverage.CostModel),\nbut it produced the following error:\nAttempted to enumerate a set of the form [l1 : v1, ..., ln : vn],\nbut can't enumerate the value of the `exitValue' field:\nInt"

State 106: <Next line 59, col 13 to line 59, col 56 of module SlidingPuzzles>
/\ board = { {<<1, 4>>},
  {<<2, 2>>},
  {<<2, 4>>},
  {<<3, 2>>},
  {<<0, 0>>, <<0, 1>>},
  {<<1, 0>>, <<1, 1>>},
  {<<2, 0>>, <<2, 1>>},
  {<<2, 3>>, <<3, 3>>},
  {<<3, 0>>, <<3, 1>>},
  {<<0, 2>>, <<0, 3>>, <<1, 2>>, <<1, 3>>} }
/\ _ALIASEvalError = "Attempted to apply the operator overridden by the Java method\npublic static synchronized tlc2.value.impl.Value tlc2.module.Json.textSerialize(tlc2.tool.impl.Tool,tla2sany.semantic.ExprOrOpArgNode[],tlc2.util.Context,tlc2.tool.TLCState,tlc2.tool.TLCState,int,tlc2.tool.coverage.CostModel),\nbut it produced the following error:\nAttempted to enumerate a set of the form [l1 : v1, ..., ln : vn],\nbut can't enumerate the value of the `exitValue' field:\nInt"

State 107: <Next line 59, col 13 to line 59, col 56 of module SlidingPuzzles>
/\ board = { {<<1, 4>>},
  {<<2, 2>>},
  {<<3, 2>>},
  {<<3, 4>>},
  {<<0, 0>>, <<0, 1>>},
  {<<1, 0>>, <<1, 1>>},
  {<<2, 0>>, <<2, 1>>},
  {<<2, 3>>, <<3, 3>>},
  {<<3, 0>>, <<3, 1>>},
  {<<0, 2>>, <<0, 3>>, <<1, 2>>, <<1, 3>>} }
/\ _ALIASEvalError = "Attempted to apply the operator overridden by the Java method\npublic static synchronized tlc2.value.impl.Value tlc2.module.Json.textSerialize(tlc2.tool.impl.Tool,tla2sany.semantic.ExprOrOpArgNode[],tlc2.util.Context,tlc2.tool.TLCState,tlc2.tool.TLCState,int,tlc2.tool.coverage.CostModel),\nbut it produced the following error:\nAttempted to enumerate a set of the form [l1 : v1, ..., ln : vn],\nbut can't enumerate the value of the `exitValue' field:\nInt"

State 108: <Next line 59, col 13 to line 59, col 56 of module SlidingPuzzles>
/\ board = { {<<2, 2>>},
  {<<2, 4>>},
  {<<3, 2>>},
  {<<3, 4>>},
  {<<0, 0>>, <<0, 1>>},
  {<<1, 0>>, <<1, 1>>},
  {<<2, 0>>, <<2, 1>>},
  {<<2, 3>>, <<3, 3>>},
  {<<3, 0>>, <<3, 1>>},
  {<<0, 2>>, <<0, 3>>, <<1, 2>>, <<1, 3>>} }
/\ _ALIASEvalError = "Attempted to apply the operator overridden by the Java method\npublic static synchronized tlc2.value.impl.Value tlc2.module.Json.textSerialize(tlc2.tool.impl.Tool,tla2sany.semantic.ExprOrOpArgNode[],tlc2.util.Context,tlc2.tool.TLCState,tlc2.tool.TLCState,int,tlc2.tool.coverage.CostModel),\nbut it produced the following error:\nAttempted to enumerate a set of the form [l1 : v1, ..., ln : vn],\nbut can't enumerate the value of the `exitValue' field:\nInt"

State 109: <Next line 59, col 13 to line 59, col 56 of module SlidingPuzzles>
/\ board = { {<<2, 2>>},
  {<<2, 4>>},
  {<<3, 2>>},
  {<<3, 4>>},
  {<<0, 0>>, <<0, 1>>},
  {<<1, 0>>, <<1, 1>>},
  {<<2, 0>>, <<2, 1>>},
  {<<2, 3>>, <<3, 3>>},
  {<<3, 0>>, <<3, 1>>},
  {<<0, 3>>, <<0, 4>>, <<1, 3>>, <<1, 4>>} }
/\ _ALIASEvalError = "Attempted to apply the operator overridden by the Java method\npublic static synchronized tlc2.value.impl.Value tlc2.module.Json.textSerialize(tlc2.tool.impl.Tool,tla2sany.semantic.ExprOrOpArgNode[],tlc2.util.Context,tlc2.tool.TLCState,tlc2.tool.TLCState,int,tlc2.tool.coverage.CostModel),\nbut it produced the following error:\nAttempted to enumerate a set of the form [l1 : v1, ..., ln : vn],\nbut can't enumerate the value of the `exitValue' field:\nInt"

State 110: <Next line 59, col 13 to line 59, col 56 of module SlidingPuzzles>
/\ board = { {<<1, 2>>},
  {<<2, 4>>},
  {<<3, 2>>},
  {<<3, 4>>},
  {<<0, 0>>, <<0, 1>>},
  {<<1, 0>>, <<1, 1>>},
  {<<2, 0>>, <<2, 1>>},
  {<<2, 3>>, <<3, 3>>},
  {<<3, 0>>, <<3, 1>>},
  {<<0, 3>>, <<0, 4>>, <<1, 3>>, <<1, 4>>} }
/\ _ALIASEvalError = "Attempted to apply the operator overridden by the Java method\npublic static synchronized tlc2.value.impl.Value tlc2.module.Json.textSerialize(tlc2.tool.impl.Tool,tla2sany.semantic.ExprOrOpArgNode[],tlc2.util.Context,tlc2.tool.TLCState,tlc2.tool.TLCState,int,tlc2.tool.coverage.CostModel),\nbut it produced the following error:\nAttempted to enumerate a set of the form [l1 : v1, ..., ln : vn],\nbut can't enumerate the value of the `exitValue' field:\nInt"

State 111: <Next line 59, col 13 to line 59, col 56 of module SlidingPuzzles>
/\ board = { {<<0, 2>>},
  {<<2, 4>>},
  {<<3, 2>>},
  {<<3, 4>>},
  {<<0, 0>>, <<0, 1>>},
  {<<1, 0>>, <<1, 1>>},
  {<<2, 0>>, <<2, 1>>},
  {<<2, 3>>, <<3, 3>>},
  {<<3, 0>>, <<3, 1>>},
  {<<0, 3>>, <<0, 4>>, <<1, 3>>, <<1, 4>>} }
/\ _ALIASEvalError = "Attempted to apply the operator overridden by the Java method\npublic static synchronized tlc2.value.impl.Value tlc2.module.Json.textSerialize(tlc2.tool.impl.Tool,tla2sany.semantic.ExprOrOpArgNode[],tlc2.util.Context,tlc2.tool.TLCState,tlc2.tool.TLCState,int,tlc2.tool.coverage.CostModel),\nbut it produced the following error:\nAttempted to enumerate a set of the form [l1 : v1, ..., ln : vn],\nbut can't enumerate the value of the `exitValue' field:\nInt"

State 112: <Next line 59, col 13 to line 59, col 56 of module SlidingPuzzles>
/\ board = { {<<0, 2>>},
  {<<2, 2>>},
  {<<2, 4>>},
  {<<3, 4>>},
  {<<0, 0>>, <<0, 1>>},
  {<<1, 0>>, <<1, 1>>},
  {<<2, 0>>, <<2, 1>>},
  {<<2, 3>>, <<3, 3>>},
  {<<3, 0>>, <<3, 1>>},
  {<<0, 3>>, <<0, 4>>, <<1, 3>>, <<1, 4>>} }
/\ _ALIASEvalError = "Attempted to apply the operator overridden by the Java method\npublic static synchronized tlc2.value.impl.Value tlc2.module.Json.textSerialize(tlc2.tool.impl.Tool,tla2sany.semantic.ExprOrOpArgNode[],tlc2.util.Context,tlc2.tool.TLCState,tlc2.tool.TLCState,int,tlc2.tool.coverage.CostModel),\nbut it produced the following error:\nAttempted to enumerate a set of the form [l1 : v1, ..., ln : vn],\nbut can't enumerate the value of the `exitValue' field:\nInt"

State 113: <Next line 59, col 13 to line 59, col 56 of module SlidingPuzzles>
/\ board = { {<<0, 2>>},
  {<<1, 2>>},
  {<<2, 4>>},
  {<<3, 4>>},
  {<<0, 0>>, <<0, 1>>},
  {<<1, 0>>, <<1, 1>>},
  {<<2, 0>>, <<2, 1>>},
  {<<2, 3>>, <<3, 3>>},
  {<<3, 0>>, <<3, 1>>},
  {<<0, 3>>, <<0, 4>>, <<1, 3>>, <<1, 4>>} }
/\ _ALIASEvalError = "Attempted to apply the operator overridden by the Java method\npublic static synchronized tlc2.value.impl.Value tlc2.module.Json.textSerialize(tlc2.tool.impl.Tool,tla2sany.semantic.ExprOrOpArgNode[],tlc2.util.Context,tlc2.tool.TLCState,tlc2.tool.TLCState,int,tlc2.tool.coverage.CostModel),\nbut it produced the following error:\nAttempted to enumerate a set of the form [l1 : v1, ..., ln : vn],\nbut can't enumerate the value of the `exitValue' field:\nInt"

State 114: <Next line 59, col 13 to line 59, col 56 of module SlidingPuzzles>
/\ board = { {<<0, 2>>},
  {<<1, 2>>},
  {<<2, 4>>},
  {<<3, 4>>},
  {<<0, 0>>, <<0, 1>>},
  {<<1, 0>>, <<1, 1>>},
  {<<2, 0>>, <<2, 1>>},
  {<<2, 2>>, <<3, 2>>},
  {<<3, 0>>, <<3, 1>>},
  {<<0, 3>>, <<0, 4>>, <<1, 3>>, <<1, 4>>} }
/\ _ALIASEvalError = "Attempted to apply the operator overridden by the Java method\npublic static synchronized tlc2.value.impl.Value tlc2.module.Json.textSerialize(tlc2.tool.impl.Tool,tla2sany.semantic.ExprOrOpArgNode[],tlc2.util.Context,tlc2.tool.TLCState,tlc2.tool.TLCState,int,tlc2.tool.coverage.CostModel),\nbut it produced the following error:\nAttempted to enumerate a set of the form [l1 : v1, ..., ln : vn],\nbut can't enumerate the value of the `exitValue' field:\nInt"

State 115: <Next line 59, col 13 to line 59, col 56 of module SlidingPuzzles>
/\ board = { {<<0, 2>>},
  {<<1, 2>>},
  {<<2, 3>>},
  {<<3, 4>>},
  {<<0, 0>>, <<0, 1>>},
  {<<1, 0>>, <<1, 1>>},
  {<<2, 0>>, <<2, 1>>},
  {<<2, 2>>, <<3, 2>>},
  {<<3, 0>>, <<3, 1>>},
  {<<0, 3>>, <<0, 4>>, <<1, 3>>, <<1, 4>>} }
/\ _ALIASEvalError = "Attempted to apply the operator overridden by the Java method\npublic static synchronized tlc2.value.impl.Value tlc2.module.Json.textSerialize(tlc2.tool.impl.Tool,tla2sany.semantic.ExprOrOpArgNode[],tlc2.util.Context,tlc2.tool.TLCState,tlc2.tool.TLCState,int,tlc2.tool.coverage.CostModel),\nbut it produced the following error:\nAttempted to enumerate a set of the form [l1 : v1, ..., ln : vn],\nbut can't enumerate the value of the `exitValue' field:\nInt"

State 116: <Next line 59, col 13 to line 59, col 56 of module SlidingPuzzles>
/\ board = { {<<0, 2>>},
  {<<1, 2>>},
  {<<3, 3>>},
  {<<3, 4>>},
  {<<0, 0>>, <<0, 1>>},
  {<<1, 0>>, <<1, 1>>},
  {<<2, 0>>, <<2, 1>>},
  {<<2, 2>>, <<3, 2>>},
  {<<3, 0>>, <<3, 1>>},
  {<<0, 3>>, <<0, 4>>, <<1, 3>>, <<1, 4>>} }
/\ _ALIASEvalError = "Attempted to apply the operator overridden by the Java method\npublic static synchronized tlc2.value.impl.Value tlc2.module.Json.textSerialize(tlc2.tool.impl.Tool,tla2sany.semantic.ExprOrOpArgNode[],tlc2.util.Context,tlc2.tool.TLCState,tlc2.tool.TLCState,int,tlc2.tool.coverage.CostModel),\nbut it produced the following error:\nAttempted to enumerate a set of the form [l1 : v1, ..., ln : vn],\nbut can't enumerate the value of the `exitValue' field:\nInt"

State 117: <Next line 59, col 13 to line 59, col 56 of module SlidingPuzzles>
/\ board = { {<<0, 2>>},
  {<<1, 2>>},
  {<<3, 3>>},
  {<<3, 4>>},
  {<<0, 0>>, <<0, 1>>},
  {<<1, 0>>, <<1, 1>>},
  {<<2, 0>>, <<2, 1>>},
  {<<2, 2>>, <<3, 2>>},
  {<<3, 0>>, <<3, 1>>},
  {<<1, 3>>, <<1, 4>>, <<2, 3>>, <<2, 4>>} }
/\ _ALIASEvalError = "Attempted to apply the operator overridden by the Java method\npublic static synchronized tlc2.value.impl.Value tlc2.module.Json.textSerialize(tlc2.tool.impl.Tool,tla2sany.semantic.ExprOrOpArgNode[],tlc2.util.Context,tlc2.tool.TLCState,tlc2.tool.TLCState,int,tlc2.tool.coverage.CostModel),\nbut it produced the following error:\nAttempted to enumerate a set of the form [l1 : v1, ..., ln : vn],\nbut can't enumerate the value of the `exitValue' field:\nInt"

81561 states generated, 24005 distinct states found, 74 states left on queue.
The depth of the complete state graph search is 117.
Finished in 02s at (2026-06-11 18:17:16)
Trace exploration spec path: ./SlidingPuzzles_anim_TTrace_1781219834.tla

--STDERR--
