TLC2 Version 2026.04.22.172729 (rev: 6320a09)
Warning: Please run the Java VM, which executes TLC with a throughput optimized garbage collector, by passing the "-XX:+UseParallelGC" property.
(Use the -nowarning option to disable this warning.)
Running breadth-first search Model-Checking with fp 67 and seed 7208060262294378717 with 1 worker on 112 cores with 30688MB heap and 64MB offheap memory [pid: 1930292] (Linux 6.8.0-111-generic amd64, Eclipse Adoptium 11.0.25 64bit, MSBDiskFPSet, DiskStateQueue).
Parsing file /tmp/tmph3dqaduj/SlidingPuzzles.tla
Parsing file /tmp/tlc-2477447676012886112/Integers.tla (jar:file:/home/arslanbisharat/Documents/AI4FM/tla%20bench%20dashboard/tla2tools.jar!/tla2sany/StandardModules/Integers.tla)
Parsing file /tmp/tlc-2477447676012886112/_TLCTrace.tla (jar:file:/home/arslanbisharat/Documents/AI4FM/tla%20bench%20dashboard/tla2tools.jar!/tla2sany/StandardModules/_TLCTrace.tla)
Parsing file /tmp/tlc-2477447676012886112/Naturals.tla (jar:file:/home/arslanbisharat/Documents/AI4FM/tla%20bench%20dashboard/tla2tools.jar!/tla2sany/StandardModules/Naturals.tla)
Parsing file /tmp/tlc-2477447676012886112/TLC.tla (jar:file:/home/arslanbisharat/Documents/AI4FM/tla%20bench%20dashboard/tla2tools.jar!/tla2sany/StandardModules/TLC.tla)
Parsing file /tmp/tlc-2477447676012886112/TLCExt.tla (jar:file:/home/arslanbisharat/Documents/AI4FM/tla%20bench%20dashboard/tla2tools.jar!/tla2sany/StandardModules/TLCExt.tla)
Parsing file /tmp/tlc-2477447676012886112/Sequences.tla (jar:file:/home/arslanbisharat/Documents/AI4FM/tla%20bench%20dashboard/tla2tools.jar!/tla2sany/StandardModules/Sequences.tla)
Parsing file /tmp/tlc-2477447676012886112/FiniteSets.tla (jar:file:/home/arslanbisharat/Documents/AI4FM/tla%20bench%20dashboard/tla2tools.jar!/tla2sany/StandardModules/FiniteSets.tla)
Semantic processing of module Naturals
Semantic processing of module Integers
Semantic processing of module Sequences
Semantic processing of module FiniteSets
Semantic processing of module TLC
Semantic processing of module TLCExt
Semantic processing of module _TLCTrace
Semantic processing of module SlidingPuzzles
Linting of module TLCExt
Linting of module _TLCTrace
Linting of module SlidingPuzzles
Starting... (2026-06-11 18:17:17)
Computing initial states...
Finished computing initial states: 1 distinct state generated at 2026-06-11 18:17:17.
Error: Invariant KlotskiGoal is violated.
Error: The behavior up to this point is:
State 1: <Initial predicate>
board = { {<<0, 4>>},
  {<<1, 3>>},
  {<<2, 3>>},
  {<<3, 4>>},
  {<<0, 0>>, <<0, 1>>},
  {<<0, 2>>, <<0, 3>>},
  {<<1, 2>>, <<2, 2>>},
  {<<3, 0>>, <<3, 1>>},
  {<<3, 2>>, <<3, 3>>},
  {<<1, 0>>, <<1, 1>>, <<2, 0>>, <<2, 1>>} }

State 2: <Next line 59, col 13 to line 59, col 56 of module SlidingPuzzles>
board = { {<<1, 3>>},
  {<<1, 4>>},
  {<<2, 3>>},
  {<<3, 4>>},
  {<<0, 0>>, <<0, 1>>},
  {<<0, 2>>, <<0, 3>>},
  {<<1, 2>>, <<2, 2>>},
  {<<3, 0>>, <<3, 1>>},
  {<<3, 2>>, <<3, 3>>},
  {<<1, 0>>, <<1, 1>>, <<2, 0>>, <<2, 1>>} }

State 3: <Next line 59, col 13 to line 59, col 56 of module SlidingPuzzles>
board = { {<<1, 3>>},
  {<<1, 4>>},
  {<<2, 3>>},
  {<<3, 4>>},
  {<<0, 0>>, <<0, 1>>},
  {<<0, 3>>, <<0, 4>>},
  {<<1, 2>>, <<2, 2>>},
  {<<3, 0>>, <<3, 1>>},
  {<<3, 2>>, <<3, 3>>},
  {<<1, 0>>, <<1, 1>>, <<2, 0>>, <<2, 1>>} }

State 4: <Next line 59, col 13 to line 59, col 56 of module SlidingPuzzles>
board = { {<<1, 3>>},
  {<<1, 4>>},
  {<<2, 3>>},
  {<<3, 4>>},
  {<<0, 0>>, <<0, 1>>},
  {<<0, 2>>, <<1, 2>>},
  {<<0, 3>>, <<0, 4>>},
  {<<3, 0>>, <<3, 1>>},
  {<<3, 2>>, <<3, 3>>},
  {<<1, 0>>, <<1, 1>>, <<2, 0>>, <<2, 1>>} }

State 5: <Next line 59, col 13 to line 59, col 56 of module SlidingPuzzles>
board = { {<<1, 3>>},
  {<<1, 4>>},
  {<<2, 2>>},
  {<<3, 4>>},
  {<<0, 0>>, <<0, 1>>},
  {<<0, 2>>, <<1, 2>>},
  {<<0, 3>>, <<0, 4>>},
  {<<3, 0>>, <<3, 1>>},
  {<<3, 2>>, <<3, 3>>},
  {<<1, 0>>, <<1, 1>>, <<2, 0>>, <<2, 1>>} }

State 6: <Next line 59, col 13 to line 59, col 56 of module SlidingPuzzles>
board = { {<<1, 3>>},
  {<<1, 4>>},
  {<<2, 2>>},
  {<<2, 4>>},
  {<<0, 0>>, <<0, 1>>},
  {<<0, 2>>, <<1, 2>>},
  {<<0, 3>>, <<0, 4>>},
  {<<3, 0>>, <<3, 1>>},
  {<<3, 2>>, <<3, 3>>},
  {<<1, 0>>, <<1, 1>>, <<2, 0>>, <<2, 1>>} }

State 7: <Next line 59, col 13 to line 59, col 56 of module SlidingPuzzles>
board = { {<<1, 3>>},
  {<<1, 4>>},
  {<<2, 2>>},
  {<<2, 4>>},
  {<<0, 0>>, <<0, 1>>},
  {<<0, 2>>, <<1, 2>>},
  {<<0, 3>>, <<0, 4>>},
  {<<3, 0>>, <<3, 1>>},
  {<<3, 3>>, <<3, 4>>},
  {<<1, 0>>, <<1, 1>>, <<2, 0>>, <<2, 1>>} }

State 8: <Next line 59, col 13 to line 59, col 56 of module SlidingPuzzles>
board = { {<<1, 3>>},
  {<<1, 4>>},
  {<<2, 4>>},
  {<<3, 2>>},
  {<<0, 0>>, <<0, 1>>},
  {<<0, 2>>, <<1, 2>>},
  {<<0, 3>>, <<0, 4>>},
  {<<3, 0>>, <<3, 1>>},
  {<<3, 3>>, <<3, 4>>},
  {<<1, 0>>, <<1, 1>>, <<2, 0>>, <<2, 1>>} }

State 9: <Next line 59, col 13 to line 59, col 56 of module SlidingPuzzles>
board = { {<<1, 3>>},
  {<<1, 4>>},
  {<<2, 4>>},
  {<<3, 2>>},
  {<<0, 0>>, <<0, 1>>},
  {<<0, 3>>, <<0, 4>>},
  {<<1, 2>>, <<2, 2>>},
  {<<3, 0>>, <<3, 1>>},
  {<<3, 3>>, <<3, 4>>},
  {<<1, 0>>, <<1, 1>>, <<2, 0>>, <<2, 1>>} }

State 10: <Next line 59, col 13 to line 59, col 56 of module SlidingPuzzles>
board = { {<<1, 3>>},
  {<<1, 4>>},
  {<<2, 4>>},
  {<<3, 2>>},
  {<<0, 0>>, <<0, 1>>},
  {<<0, 2>>, <<0, 3>>},
  {<<1, 2>>, <<2, 2>>},
  {<<3, 0>>, <<3, 1>>},
  {<<3, 3>>, <<3, 4>>},
  {<<1, 0>>, <<1, 1>>, <<2, 0>>, <<2, 1>>} }

State 11: <Next line 59, col 13 to line 59, col 56 of module SlidingPuzzles>
board = { {<<0, 4>>},
  {<<1, 3>>},
  {<<2, 4>>},
  {<<3, 2>>},
  {<<0, 0>>, <<0, 1>>},
  {<<0, 2>>, <<0, 3>>},
  {<<1, 2>>, <<2, 2>>},
  {<<3, 0>>, <<3, 1>>},
  {<<3, 3>>, <<3, 4>>},
  {<<1, 0>>, <<1, 1>>, <<2, 0>>, <<2, 1>>} }

State 12: <Next line 59, col 13 to line 59, col 56 of module SlidingPuzzles>
board = { {<<0, 4>>},
  {<<1, 3>>},
  {<<1, 4>>},
  {<<3, 2>>},
  {<<0, 0>>, <<0, 1>>},
  {<<0, 2>>, <<0, 3>>},
  {<<1, 2>>, <<2, 2>>},
  {<<3, 0>>, <<3, 1>>},
  {<<3, 3>>, <<3, 4>>},
  {<<1, 0>>, <<1, 1>>, <<2, 0>>, <<2, 1>>} }

State 13: <Next line 59, col 13 to line 59, col 56 of module SlidingPuzzles>
board = { {<<0, 4>>},
  {<<1, 3>>},
  {<<1, 4>>},
  {<<3, 2>>},
  {<<0, 0>>, <<0, 1>>},
  {<<0, 2>>, <<0, 3>>},
  {<<1, 2>>, <<2, 2>>},
  {<<2, 3>>, <<2, 4>>},
  {<<3, 0>>, <<3, 1>>},
  {<<1, 0>>, <<1, 1>>, <<2, 0>>, <<2, 1>>} }

State 14: <Next line 59, col 13 to line 59, col 56 of module SlidingPuzzles>
board = { {<<0, 4>>},
  {<<1, 3>>},
  {<<1, 4>>},
  {<<3, 3>>},
  {<<0, 0>>, <<0, 1>>},
  {<<0, 2>>, <<0, 3>>},
  {<<1, 2>>, <<2, 2>>},
  {<<2, 3>>, <<2, 4>>},
  {<<3, 0>>, <<3, 1>>},
  {<<1, 0>>, <<1, 1>>, <<2, 0>>, <<2, 1>>} }

State 15: <Next line 59, col 13 to line 59, col 56 of module SlidingPuzzles>
board = { {<<0, 4>>},
  {<<1, 3>>},
  {<<1, 4>>},
  {<<3, 3>>},
  {<<0, 0>>, <<0, 1>>},
  {<<0, 2>>, <<0, 3>>},
  {<<2, 2>>, <<3, 2>>},
  {<<2, 3>>, <<2, 4>>},
  {<<3, 0>>, <<3, 1>>},
  {<<1, 0>>, <<1, 1>>, <<2, 0>>, <<2, 1>>} }

State 16: <Next line 59, col 13 to line 59, col 56 of module SlidingPuzzles>
board = { {<<0, 4>>},
  {<<1, 2>>},
  {<<1, 4>>},
  {<<3, 3>>},
  {<<0, 0>>, <<0, 1>>},
  {<<0, 2>>, <<0, 3>>},
  {<<2, 2>>, <<3, 2>>},
  {<<2, 3>>, <<2, 4>>},
  {<<3, 0>>, <<3, 1>>},
  {<<1, 0>>, <<1, 1>>, <<2, 0>>, <<2, 1>>} }

State 17: <Next line 59, col 13 to line 59, col 56 of module SlidingPuzzles>
board = { {<<0, 4>>},
  {<<1, 2>>},
  {<<1, 3>>},
  {<<3, 3>>},
  {<<0, 0>>, <<0, 1>>},
  {<<0, 2>>, <<0, 3>>},
  {<<2, 2>>, <<3, 2>>},
  {<<2, 3>>, <<2, 4>>},
  {<<3, 0>>, <<3, 1>>},
  {<<1, 0>>, <<1, 1>>, <<2, 0>>, <<2, 1>>} }

State 18: <Next line 59, col 13 to line 59, col 56 of module SlidingPuzzles>
board = { {<<1, 2>>},
  {<<1, 3>>},
  {<<1, 4>>},
  {<<3, 3>>},
  {<<0, 0>>, <<0, 1>>},
  {<<0, 2>>, <<0, 3>>},
  {<<2, 2>>, <<3, 2>>},
  {<<2, 3>>, <<2, 4>>},
  {<<3, 0>>, <<3, 1>>},
  {<<1, 0>>, <<1, 1>>, <<2, 0>>, <<2, 1>>} }

State 19: <Next line 59, col 13 to line 59, col 56 of module SlidingPuzzles>
board = { {<<1, 2>>},
  {<<1, 3>>},
  {<<1, 4>>},
  {<<3, 3>>},
  {<<0, 0>>, <<0, 1>>},
  {<<0, 3>>, <<0, 4>>},
  {<<2, 2>>, <<3, 2>>},
  {<<2, 3>>, <<2, 4>>},
  {<<3, 0>>, <<3, 1>>},
  {<<1, 0>>, <<1, 1>>, <<2, 0>>, <<2, 1>>} }

State 20: <Next line 59, col 13 to line 59, col 56 of module SlidingPuzzles>
board = { {<<0, 2>>},
  {<<1, 3>>},
  {<<1, 4>>},
  {<<3, 3>>},
  {<<0, 0>>, <<0, 1>>},
  {<<0, 3>>, <<0, 4>>},
  {<<2, 2>>, <<3, 2>>},
  {<<2, 3>>, <<2, 4>>},
  {<<3, 0>>, <<3, 1>>},
  {<<1, 0>>, <<1, 1>>, <<2, 0>>, <<2, 1>>} }

State 21: <Next line 59, col 13 to line 59, col 56 of module SlidingPuzzles>
board = { {<<0, 2>>},
  {<<1, 3>>},
  {<<1, 4>>},
  {<<3, 3>>},
  {<<0, 0>>, <<0, 1>>},
  {<<0, 3>>, <<0, 4>>},
  {<<1, 2>>, <<2, 2>>},
  {<<2, 3>>, <<2, 4>>},
  {<<3, 0>>, <<3, 1>>},
  {<<1, 0>>, <<1, 1>>, <<2, 0>>, <<2, 1>>} }

State 22: <Next line 59, col 13 to line 59, col 56 of module SlidingPuzzles>
board = { {<<0, 2>>},
  {<<1, 3>>},
  {<<1, 4>>},
  {<<3, 3>>},
  {<<0, 0>>, <<0, 1>>},
  {<<0, 3>>, <<0, 4>>},
  {<<1, 2>>, <<2, 2>>},
  {<<2, 3>>, <<2, 4>>},
  {<<3, 1>>, <<3, 2>>},
  {<<1, 0>>, <<1, 1>>, <<2, 0>>, <<2, 1>>} }

State 23: <Next line 59, col 13 to line 59, col 56 of module SlidingPuzzles>
board = { {<<0, 2>>},
  {<<1, 3>>},
  {<<1, 4>>},
  {<<3, 4>>},
  {<<0, 0>>, <<0, 1>>},
  {<<0, 3>>, <<0, 4>>},
  {<<1, 2>>, <<2, 2>>},
  {<<2, 3>>, <<2, 4>>},
  {<<3, 1>>, <<3, 2>>},
  {<<1, 0>>, <<1, 1>>, <<2, 0>>, <<2, 1>>} }

State 24: <Next line 59, col 13 to line 59, col 56 of module SlidingPuzzles>
board = { {<<0, 2>>},
  {<<1, 3>>},
  {<<1, 4>>},
  {<<3, 4>>},
  {<<0, 0>>, <<0, 1>>},
  {<<0, 3>>, <<0, 4>>},
  {<<1, 2>>, <<2, 2>>},
  {<<2, 3>>, <<2, 4>>},
  {<<3, 2>>, <<3, 3>>},
  {<<1, 0>>, <<1, 1>>, <<2, 0>>, <<2, 1>>} }

State 25: <Next line 59, col 13 to line 59, col 56 of module SlidingPuzzles>
board = { {<<0, 2>>},
  {<<1, 3>>},
  {<<1, 4>>},
  {<<3, 4>>},
  {<<0, 0>>, <<0, 1>>},
  {<<0, 3>>, <<0, 4>>},
  {<<1, 2>>, <<2, 2>>},
  {<<2, 3>>, <<2, 4>>},
  {<<3, 2>>, <<3, 3>>},
  {<<2, 0>>, <<2, 1>>, <<3, 0>>, <<3, 1>>} }

State 26: <Next line 59, col 13 to line 59, col 56 of module SlidingPuzzles>
board = { {<<0, 2>>},
  {<<1, 3>>},
  {<<1, 4>>},
  {<<3, 4>>},
  {<<0, 3>>, <<0, 4>>},
  {<<1, 0>>, <<1, 1>>},
  {<<1, 2>>, <<2, 2>>},
  {<<2, 3>>, <<2, 4>>},
  {<<3, 2>>, <<3, 3>>},
  {<<2, 0>>, <<2, 1>>, <<3, 0>>, <<3, 1>>} }

State 27: <Next line 59, col 13 to line 59, col 56 of module SlidingPuzzles>
board = { {<<0, 1>>},
  {<<1, 3>>},
  {<<1, 4>>},
  {<<3, 4>>},
  {<<0, 3>>, <<0, 4>>},
  {<<1, 0>>, <<1, 1>>},
  {<<1, 2>>, <<2, 2>>},
  {<<2, 3>>, <<2, 4>>},
  {<<3, 2>>, <<3, 3>>},
  {<<2, 0>>, <<2, 1>>, <<3, 0>>, <<3, 1>>} }

State 28: <Next line 59, col 13 to line 59, col 56 of module SlidingPuzzles>
board = { {<<0, 0>>},
  {<<1, 3>>},
  {<<1, 4>>},
  {<<3, 4>>},
  {<<0, 3>>, <<0, 4>>},
  {<<1, 0>>, <<1, 1>>},
  {<<1, 2>>, <<2, 2>>},
  {<<2, 3>>, <<2, 4>>},
  {<<3, 2>>, <<3, 3>>},
  {<<2, 0>>, <<2, 1>>, <<3, 0>>, <<3, 1>>} }

State 29: <Next line 59, col 13 to line 59, col 56 of module SlidingPuzzles>
board = { {<<0, 0>>},
  {<<1, 3>>},
  {<<1, 4>>},
  {<<3, 4>>},
  {<<0, 2>>, <<0, 3>>},
  {<<1, 0>>, <<1, 1>>},
  {<<1, 2>>, <<2, 2>>},
  {<<2, 3>>, <<2, 4>>},
  {<<3, 2>>, <<3, 3>>},
  {<<2, 0>>, <<2, 1>>, <<3, 0>>, <<3, 1>>} }

State 30: <Next line 59, col 13 to line 59, col 56 of module SlidingPuzzles>
board = { {<<0, 0>>},
  {<<1, 3>>},
  {<<1, 4>>},
  {<<3, 4>>},
  {<<0, 1>>, <<0, 2>>},
  {<<1, 0>>, <<1, 1>>},
  {<<1, 2>>, <<2, 2>>},
  {<<2, 3>>, <<2, 4>>},
  {<<3, 2>>, <<3, 3>>},
  {<<2, 0>>, <<2, 1>>, <<3, 0>>, <<3, 1>>} }

State 31: <Next line 59, col 13 to line 59, col 56 of module SlidingPuzzles>
board = { {<<0, 0>>},
  {<<0, 3>>},
  {<<1, 4>>},
  {<<3, 4>>},
  {<<0, 1>>, <<0, 2>>},
  {<<1, 0>>, <<1, 1>>},
  {<<1, 2>>, <<2, 2>>},
  {<<2, 3>>, <<2, 4>>},
  {<<3, 2>>, <<3, 3>>},
  {<<2, 0>>, <<2, 1>>, <<3, 0>>, <<3, 1>>} }

State 32: <Next line 59, col 13 to line 59, col 56 of module SlidingPuzzles>
board = { {<<0, 0>>},
  {<<0, 3>>},
  {<<0, 4>>},
  {<<3, 4>>},
  {<<0, 1>>, <<0, 2>>},
  {<<1, 0>>, <<1, 1>>},
  {<<1, 2>>, <<2, 2>>},
  {<<2, 3>>, <<2, 4>>},
  {<<3, 2>>, <<3, 3>>},
  {<<2, 0>>, <<2, 1>>, <<3, 0>>, <<3, 1>>} }

State 33: <Next line 59, col 13 to line 59, col 56 of module SlidingPuzzles>
board = { {<<0, 0>>},
  {<<0, 3>>},
  {<<0, 4>>},
  {<<3, 4>>},
  {<<0, 1>>, <<0, 2>>},
  {<<1, 0>>, <<1, 1>>},
  {<<1, 2>>, <<2, 2>>},
  {<<1, 3>>, <<1, 4>>},
  {<<3, 2>>, <<3, 3>>},
  {<<2, 0>>, <<2, 1>>, <<3, 0>>, <<3, 1>>} }

State 34: <Next line 59, col 13 to line 59, col 56 of module SlidingPuzzles>
board = { {<<0, 0>>},
  {<<0, 3>>},
  {<<0, 4>>},
  {<<2, 4>>},
  {<<0, 1>>, <<0, 2>>},
  {<<1, 0>>, <<1, 1>>},
  {<<1, 2>>, <<2, 2>>},
  {<<1, 3>>, <<1, 4>>},
  {<<3, 2>>, <<3, 3>>},
  {<<2, 0>>, <<2, 1>>, <<3, 0>>, <<3, 1>>} }

State 35: <Next line 59, col 13 to line 59, col 56 of module SlidingPuzzles>
board = { {<<0, 0>>},
  {<<0, 3>>},
  {<<0, 4>>},
  {<<2, 3>>},
  {<<0, 1>>, <<0, 2>>},
  {<<1, 0>>, <<1, 1>>},
  {<<1, 2>>, <<2, 2>>},
  {<<1, 3>>, <<1, 4>>},
  {<<3, 2>>, <<3, 3>>},
  {<<2, 0>>, <<2, 1>>, <<3, 0>>, <<3, 1>>} }

State 36: <Next line 59, col 13 to line 59, col 56 of module SlidingPuzzles>
board = { {<<0, 0>>},
  {<<0, 3>>},
  {<<0, 4>>},
  {<<2, 3>>},
  {<<0, 1>>, <<0, 2>>},
  {<<1, 0>>, <<1, 1>>},
  {<<1, 2>>, <<2, 2>>},
  {<<1, 3>>, <<1, 4>>},
  {<<3, 3>>, <<3, 4>>},
  {<<2, 0>>, <<2, 1>>, <<3, 0>>, <<3, 1>>} }

State 37: <Next line 59, col 13 to line 59, col 56 of module SlidingPuzzles>
board = { {<<0, 0>>},
  {<<0, 3>>},
  {<<0, 4>>},
  {<<2, 3>>},
  {<<0, 1>>, <<0, 2>>},
  {<<1, 0>>, <<1, 1>>},
  {<<1, 3>>, <<1, 4>>},
  {<<2, 2>>, <<3, 2>>},
  {<<3, 3>>, <<3, 4>>},
  {<<2, 0>>, <<2, 1>>, <<3, 0>>, <<3, 1>>} }

State 38: <Next line 59, col 13 to line 59, col 56 of module SlidingPuzzles>
board = { {<<0, 0>>},
  {<<0, 3>>},
  {<<0, 4>>},
  {<<2, 3>>},
  {<<0, 1>>, <<0, 2>>},
  {<<1, 0>>, <<1, 1>>},
  {<<1, 2>>, <<1, 3>>},
  {<<2, 2>>, <<3, 2>>},
  {<<3, 3>>, <<3, 4>>},
  {<<2, 0>>, <<2, 1>>, <<3, 0>>, <<3, 1>>} }

State 39: <Next line 59, col 13 to line 59, col 56 of module SlidingPuzzles>
board = { {<<0, 0>>},
  {<<0, 3>>},
  {<<1, 4>>},
  {<<2, 3>>},
  {<<0, 1>>, <<0, 2>>},
  {<<1, 0>>, <<1, 1>>},
  {<<1, 2>>, <<1, 3>>},
  {<<2, 2>>, <<3, 2>>},
  {<<3, 3>>, <<3, 4>>},
  {<<2, 0>>, <<2, 1>>, <<3, 0>>, <<3, 1>>} }

State 40: <Next line 59, col 13 to line 59, col 56 of module SlidingPuzzles>
board = { {<<0, 0>>},
  {<<0, 3>>},
  {<<2, 3>>},
  {<<2, 4>>},
  {<<0, 1>>, <<0, 2>>},
  {<<1, 0>>, <<1, 1>>},
  {<<1, 2>>, <<1, 3>>},
  {<<2, 2>>, <<3, 2>>},
  {<<3, 3>>, <<3, 4>>},
  {<<2, 0>>, <<2, 1>>, <<3, 0>>, <<3, 1>>} }

State 41: <Next line 59, col 13 to line 59, col 56 of module SlidingPuzzles>
board = { {<<0, 0>>},
  {<<0, 3>>},
  {<<2, 3>>},
  {<<2, 4>>},
  {<<0, 1>>, <<0, 2>>},
  {<<1, 0>>, <<1, 1>>},
  {<<1, 3>>, <<1, 4>>},
  {<<2, 2>>, <<3, 2>>},
  {<<3, 3>>, <<3, 4>>},
  {<<2, 0>>, <<2, 1>>, <<3, 0>>, <<3, 1>>} }

State 42: <Next line 59, col 13 to line 59, col 56 of module SlidingPuzzles>
board = { {<<0, 0>>},
  {<<0, 3>>},
  {<<2, 3>>},
  {<<2, 4>>},
  {<<0, 1>>, <<0, 2>>},
  {<<1, 1>>, <<1, 2>>},
  {<<1, 3>>, <<1, 4>>},
  {<<2, 2>>, <<3, 2>>},
  {<<3, 3>>, <<3, 4>>},
  {<<2, 0>>, <<2, 1>>, <<3, 0>>, <<3, 1>>} }

State 43: <Next line 59, col 13 to line 59, col 56 of module SlidingPuzzles>
board = { {<<0, 3>>},
  {<<1, 0>>},
  {<<2, 3>>},
  {<<2, 4>>},
  {<<0, 1>>, <<0, 2>>},
  {<<1, 1>>, <<1, 2>>},
  {<<1, 3>>, <<1, 4>>},
  {<<2, 2>>, <<3, 2>>},
  {<<3, 3>>, <<3, 4>>},
  {<<2, 0>>, <<2, 1>>, <<3, 0>>, <<3, 1>>} }

State 44: <Next line 59, col 13 to line 59, col 56 of module SlidingPuzzles>
board = { {<<0, 3>>},
  {<<1, 0>>},
  {<<2, 3>>},
  {<<2, 4>>},
  {<<0, 0>>, <<0, 1>>},
  {<<1, 1>>, <<1, 2>>},
  {<<1, 3>>, <<1, 4>>},
  {<<2, 2>>, <<3, 2>>},
  {<<3, 3>>, <<3, 4>>},
  {<<2, 0>>, <<2, 1>>, <<3, 0>>, <<3, 1>>} }

State 45: <Next line 59, col 13 to line 59, col 56 of module SlidingPuzzles>
board = { {<<0, 2>>},
  {<<1, 0>>},
  {<<2, 3>>},
  {<<2, 4>>},
  {<<0, 0>>, <<0, 1>>},
  {<<1, 1>>, <<1, 2>>},
  {<<1, 3>>, <<1, 4>>},
  {<<2, 2>>, <<3, 2>>},
  {<<3, 3>>, <<3, 4>>},
  {<<2, 0>>, <<2, 1>>, <<3, 0>>, <<3, 1>>} }

State 46: <Next line 59, col 13 to line 59, col 56 of module SlidingPuzzles>
board = { {<<0, 2>>},
  {<<1, 0>>},
  {<<2, 3>>},
  {<<2, 4>>},
  {<<0, 0>>, <<0, 1>>},
  {<<0, 3>>, <<0, 4>>},
  {<<1, 1>>, <<1, 2>>},
  {<<2, 2>>, <<3, 2>>},
  {<<3, 3>>, <<3, 4>>},
  {<<2, 0>>, <<2, 1>>, <<3, 0>>, <<3, 1>>} }

State 47: <Next line 59, col 13 to line 59, col 56 of module SlidingPuzzles>
board = { {<<0, 2>>},
  {<<1, 0>>},
  {<<2, 3>>},
  {<<2, 4>>},
  {<<0, 0>>, <<0, 1>>},
  {<<0, 3>>, <<0, 4>>},
  {<<1, 2>>, <<1, 3>>},
  {<<2, 2>>, <<3, 2>>},
  {<<3, 3>>, <<3, 4>>},
  {<<2, 0>>, <<2, 1>>, <<3, 0>>, <<3, 1>>} }

State 48: <Next line 59, col 13 to line 59, col 56 of module SlidingPuzzles>
board = { {<<0, 2>>},
  {<<1, 0>>},
  {<<2, 3>>},
  {<<2, 4>>},
  {<<0, 0>>, <<0, 1>>},
  {<<0, 3>>, <<0, 4>>},
  {<<1, 3>>, <<1, 4>>},
  {<<2, 2>>, <<3, 2>>},
  {<<3, 3>>, <<3, 4>>},
  {<<2, 0>>, <<2, 1>>, <<3, 0>>, <<3, 1>>} }

State 49: <Next line 59, col 13 to line 59, col 56 of module SlidingPuzzles>
board = { {<<1, 0>>},
  {<<1, 2>>},
  {<<2, 3>>},
  {<<2, 4>>},
  {<<0, 0>>, <<0, 1>>},
  {<<0, 3>>, <<0, 4>>},
  {<<1, 3>>, <<1, 4>>},
  {<<2, 2>>, <<3, 2>>},
  {<<3, 3>>, <<3, 4>>},
  {<<2, 0>>, <<2, 1>>, <<3, 0>>, <<3, 1>>} }

State 50: <Next line 59, col 13 to line 59, col 56 of module SlidingPuzzles>
board = { {<<1, 0>>},
  {<<1, 1>>},
  {<<2, 3>>},
  {<<2, 4>>},
  {<<0, 0>>, <<0, 1>>},
  {<<0, 3>>, <<0, 4>>},
  {<<1, 3>>, <<1, 4>>},
  {<<2, 2>>, <<3, 2>>},
  {<<3, 3>>, <<3, 4>>},
  {<<2, 0>>, <<2, 1>>, <<3, 0>>, <<3, 1>>} }

State 51: <Next line 59, col 13 to line 59, col 56 of module SlidingPuzzles>
board = { {<<1, 0>>},
  {<<1, 1>>},
  {<<2, 3>>},
  {<<2, 4>>},
  {<<0, 0>>, <<0, 1>>},
  {<<0, 3>>, <<0, 4>>},
  {<<1, 2>>, <<2, 2>>},
  {<<1, 3>>, <<1, 4>>},
  {<<3, 3>>, <<3, 4>>},
  {<<2, 0>>, <<2, 1>>, <<3, 0>>, <<3, 1>>} }

State 52: <Next line 59, col 13 to line 59, col 56 of module SlidingPuzzles>
board = { {<<1, 0>>},
  {<<1, 1>>},
  {<<2, 3>>},
  {<<2, 4>>},
  {<<0, 0>>, <<0, 1>>},
  {<<0, 2>>, <<1, 2>>},
  {<<0, 3>>, <<0, 4>>},
  {<<1, 3>>, <<1, 4>>},
  {<<3, 3>>, <<3, 4>>},
  {<<2, 0>>, <<2, 1>>, <<3, 0>>, <<3, 1>>} }

State 53: <Next line 59, col 13 to line 59, col 56 of module SlidingPuzzles>
board = { {<<1, 0>>},
  {<<1, 1>>},
  {<<2, 3>>},
  {<<2, 4>>},
  {<<0, 0>>, <<0, 1>>},
  {<<0, 2>>, <<1, 2>>},
  {<<0, 3>>, <<0, 4>>},
  {<<1, 3>>, <<1, 4>>},
  {<<3, 2>>, <<3, 3>>},
  {<<2, 0>>, <<2, 1>>, <<3, 0>>, <<3, 1>>} }

State 54: <Next line 59, col 13 to line 59, col 56 of module SlidingPuzzles>
board = { {<<1, 0>>},
  {<<1, 1>>},
  {<<2, 3>>},
  {<<3, 4>>},
  {<<0, 0>>, <<0, 1>>},
  {<<0, 2>>, <<1, 2>>},
  {<<0, 3>>, <<0, 4>>},
  {<<1, 3>>, <<1, 4>>},
  {<<3, 2>>, <<3, 3>>},
  {<<2, 0>>, <<2, 1>>, <<3, 0>>, <<3, 1>>} }

State 55: <Next line 59, col 13 to line 59, col 56 of module SlidingPuzzles>
board = { {<<1, 0>>},
  {<<1, 1>>},
  {<<2, 4>>},
  {<<3, 4>>},
  {<<0, 0>>, <<0, 1>>},
  {<<0, 2>>, <<1, 2>>},
  {<<0, 3>>, <<0, 4>>},
  {<<1, 3>>, <<1, 4>>},
  {<<3, 2>>, <<3, 3>>},
  {<<2, 0>>, <<2, 1>>, <<3, 0>>, <<3, 1>>} }

State 56: <Next line 59, col 13 to line 59, col 56 of module SlidingPuzzles>
board = { {<<1, 0>>},
  {<<1, 1>>},
  {<<2, 4>>},
  {<<3, 4>>},
  {<<0, 0>>, <<0, 1>>},
  {<<0, 2>>, <<1, 2>>},
  {<<0, 3>>, <<0, 4>>},
  {<<1, 3>>, <<1, 4>>},
  {<<2, 2>>, <<2, 3>>},
  {<<2, 0>>, <<2, 1>>, <<3, 0>>, <<3, 1>>} }

State 57: <Next line 59, col 13 to line 59, col 56 of module SlidingPuzzles>
board = { {<<1, 0>>},
  {<<1, 1>>},
  {<<2, 4>>},
  {<<3, 3>>},
  {<<0, 0>>, <<0, 1>>},
  {<<0, 2>>, <<1, 2>>},
  {<<0, 3>>, <<0, 4>>},
  {<<1, 3>>, <<1, 4>>},
  {<<2, 2>>, <<2, 3>>},
  {<<2, 0>>, <<2, 1>>, <<3, 0>>, <<3, 1>>} }

State 58: <Next line 59, col 13 to line 59, col 56 of module SlidingPuzzles>
board = { {<<1, 0>>},
  {<<1, 1>>},
  {<<3, 3>>},
  {<<3, 4>>},
  {<<0, 0>>, <<0, 1>>},
  {<<0, 2>>, <<1, 2>>},
  {<<0, 3>>, <<0, 4>>},
  {<<1, 3>>, <<1, 4>>},
  {<<2, 2>>, <<2, 3>>},
  {<<2, 0>>, <<2, 1>>, <<3, 0>>, <<3, 1>>} }

State 59: <Next line 59, col 13 to line 59, col 56 of module SlidingPuzzles>
board = { {<<1, 0>>},
  {<<1, 1>>},
  {<<3, 3>>},
  {<<3, 4>>},
  {<<0, 0>>, <<0, 1>>},
  {<<0, 2>>, <<1, 2>>},
  {<<0, 3>>, <<0, 4>>},
  {<<1, 3>>, <<1, 4>>},
  {<<2, 3>>, <<2, 4>>},
  {<<2, 0>>, <<2, 1>>, <<3, 0>>, <<3, 1>>} }

State 60: <Next line 59, col 13 to line 59, col 56 of module SlidingPuzzles>
board = { {<<1, 0>>},
  {<<1, 1>>},
  {<<3, 3>>},
  {<<3, 4>>},
  {<<0, 0>>, <<0, 1>>},
  {<<0, 3>>, <<0, 4>>},
  {<<1, 2>>, <<2, 2>>},
  {<<1, 3>>, <<1, 4>>},
  {<<2, 3>>, <<2, 4>>},
  {<<2, 0>>, <<2, 1>>, <<3, 0>>, <<3, 1>>} }

State 61: <Next line 59, col 13 to line 59, col 56 of module SlidingPuzzles>
board = { {<<1, 0>>},
  {<<1, 1>>},
  {<<3, 3>>},
  {<<3, 4>>},
  {<<0, 1>>, <<0, 2>>},
  {<<0, 3>>, <<0, 4>>},
  {<<1, 2>>, <<2, 2>>},
  {<<1, 3>>, <<1, 4>>},
  {<<2, 3>>, <<2, 4>>},
  {<<2, 0>>, <<2, 1>>, <<3, 0>>, <<3, 1>>} }

State 62: <Next line 59, col 13 to line 59, col 56 of module SlidingPuzzles>
board = { {<<0, 0>>},
  {<<1, 1>>},
  {<<3, 3>>},
  {<<3, 4>>},
  {<<0, 1>>, <<0, 2>>},
  {<<0, 3>>, <<0, 4>>},
  {<<1, 2>>, <<2, 2>>},
  {<<1, 3>>, <<1, 4>>},
  {<<2, 3>>, <<2, 4>>},
  {<<2, 0>>, <<2, 1>>, <<3, 0>>, <<3, 1>>} }

State 63: <Next line 59, col 13 to line 59, col 56 of module SlidingPuzzles>
board = { {<<0, 0>>},
  {<<1, 0>>},
  {<<3, 3>>},
  {<<3, 4>>},
  {<<0, 1>>, <<0, 2>>},
  {<<0, 3>>, <<0, 4>>},
  {<<1, 2>>, <<2, 2>>},
  {<<1, 3>>, <<1, 4>>},
  {<<2, 3>>, <<2, 4>>},
  {<<2, 0>>, <<2, 1>>, <<3, 0>>, <<3, 1>>} }

State 64: <Next line 59, col 13 to line 59, col 56 of module SlidingPuzzles>
board = { {<<0, 0>>},
  {<<1, 0>>},
  {<<3, 3>>},
  {<<3, 4>>},
  {<<0, 1>>, <<0, 2>>},
  {<<0, 3>>, <<0, 4>>},
  {<<1, 3>>, <<1, 4>>},
  {<<2, 2>>, <<3, 2>>},
  {<<2, 3>>, <<2, 4>>},
  {<<2, 0>>, <<2, 1>>, <<3, 0>>, <<3, 1>>} }

State 65: <Next line 59, col 13 to line 59, col 56 of module SlidingPuzzles>
board = { {<<0, 0>>},
  {<<1, 0>>},
  {<<3, 3>>},
  {<<3, 4>>},
  {<<0, 1>>, <<0, 2>>},
  {<<0, 3>>, <<0, 4>>},
  {<<1, 2>>, <<1, 3>>},
  {<<2, 2>>, <<3, 2>>},
  {<<2, 3>>, <<2, 4>>},
  {<<2, 0>>, <<2, 1>>, <<3, 0>>, <<3, 1>>} }

State 66: <Next line 59, col 13 to line 59, col 56 of module SlidingPuzzles>
board = { {<<0, 0>>},
  {<<1, 0>>},
  {<<3, 3>>},
  {<<3, 4>>},
  {<<0, 1>>, <<0, 2>>},
  {<<0, 3>>, <<0, 4>>},
  {<<1, 1>>, <<1, 2>>},
  {<<2, 2>>, <<3, 2>>},
  {<<2, 3>>, <<2, 4>>},
  {<<2, 0>>, <<2, 1>>, <<3, 0>>, <<3, 1>>} }

State 67: <Next line 59, col 13 to line 59, col 56 of module SlidingPuzzles>
board = { {<<0, 0>>},
  {<<1, 0>>},
  {<<3, 3>>},
  {<<3, 4>>},
  {<<0, 1>>, <<0, 2>>},
  {<<0, 3>>, <<0, 4>>},
  {<<1, 1>>, <<1, 2>>},
  {<<1, 3>>, <<1, 4>>},
  {<<2, 2>>, <<3, 2>>},
  {<<2, 0>>, <<2, 1>>, <<3, 0>>, <<3, 1>>} }

State 68: <Next line 59, col 13 to line 59, col 56 of module SlidingPuzzles>
board = { {<<0, 0>>},
  {<<1, 0>>},
  {<<2, 3>>},
  {<<3, 4>>},
  {<<0, 1>>, <<0, 2>>},
  {<<0, 3>>, <<0, 4>>},
  {<<1, 1>>, <<1, 2>>},
  {<<1, 3>>, <<1, 4>>},
  {<<2, 2>>, <<3, 2>>},
  {<<2, 0>>, <<2, 1>>, <<3, 0>>, <<3, 1>>} }

State 69: <Next line 59, col 13 to line 59, col 56 of module SlidingPuzzles>
board = { {<<0, 0>>},
  {<<1, 0>>},
  {<<2, 4>>},
  {<<3, 4>>},
  {<<0, 1>>, <<0, 2>>},
  {<<0, 3>>, <<0, 4>>},
  {<<1, 1>>, <<1, 2>>},
  {<<1, 3>>, <<1, 4>>},
  {<<2, 2>>, <<3, 2>>},
  {<<2, 0>>, <<2, 1>>, <<3, 0>>, <<3, 1>>} }

State 70: <Next line 59, col 13 to line 59, col 56 of module SlidingPuzzles>
board = { {<<0, 0>>},
  {<<1, 0>>},
  {<<2, 4>>},
  {<<3, 4>>},
  {<<0, 1>>, <<0, 2>>},
  {<<0, 3>>, <<0, 4>>},
  {<<1, 1>>, <<1, 2>>},
  {<<1, 3>>, <<1, 4>>},
  {<<2, 3>>, <<3, 3>>},
  {<<2, 0>>, <<2, 1>>, <<3, 0>>, <<3, 1>>} }

State 71: <Next line 59, col 13 to line 59, col 56 of module SlidingPuzzles>
board = { {<<0, 0>>},
  {<<1, 0>>},
  {<<2, 4>>},
  {<<3, 4>>},
  {<<0, 1>>, <<0, 2>>},
  {<<0, 3>>, <<0, 4>>},
  {<<1, 1>>, <<1, 2>>},
  {<<1, 3>>, <<1, 4>>},
  {<<2, 3>>, <<3, 3>>},
  {<<2, 1>>, <<2, 2>>, <<3, 1>>, <<3, 2>>} }

State 72: <Next line 59, col 13 to line 59, col 56 of module SlidingPuzzles>
board = { {<<0, 0>>},
  {<<2, 0>>},
  {<<2, 4>>},
  {<<3, 4>>},
  {<<0, 1>>, <<0, 2>>},
  {<<0, 3>>, <<0, 4>>},
  {<<1, 1>>, <<1, 2>>},
  {<<1, 3>>, <<1, 4>>},
  {<<2, 3>>, <<3, 3>>},
  {<<2, 1>>, <<2, 2>>, <<3, 1>>, <<3, 2>>} }

State 73: <Next line 59, col 13 to line 59, col 56 of module SlidingPuzzles>
board = { {<<1, 0>>},
  {<<2, 0>>},
  {<<2, 4>>},
  {<<3, 4>>},
  {<<0, 1>>, <<0, 2>>},
  {<<0, 3>>, <<0, 4>>},
  {<<1, 1>>, <<1, 2>>},
  {<<1, 3>>, <<1, 4>>},
  {<<2, 3>>, <<3, 3>>},
  {<<2, 1>>, <<2, 2>>, <<3, 1>>, <<3, 2>>} }

State 74: <Next line 59, col 13 to line 59, col 56 of module SlidingPuzzles>
board = { {<<1, 0>>},
  {<<2, 0>>},
  {<<2, 4>>},
  {<<3, 4>>},
  {<<0, 0>>, <<0, 1>>},
  {<<0, 3>>, <<0, 4>>},
  {<<1, 1>>, <<1, 2>>},
  {<<1, 3>>, <<1, 4>>},
  {<<2, 3>>, <<3, 3>>},
  {<<2, 1>>, <<2, 2>>, <<3, 1>>, <<3, 2>>} }

State 75: <Next line 59, col 13 to line 59, col 56 of module SlidingPuzzles>
board = { {<<1, 0>>},
  {<<2, 0>>},
  {<<2, 4>>},
  {<<3, 4>>},
  {<<0, 0>>, <<0, 1>>},
  {<<0, 2>>, <<0, 3>>},
  {<<1, 1>>, <<1, 2>>},
  {<<1, 3>>, <<1, 4>>},
  {<<2, 3>>, <<3, 3>>},
  {<<2, 1>>, <<2, 2>>, <<3, 1>>, <<3, 2>>} }

State 76: <Next line 59, col 13 to line 59, col 56 of module SlidingPuzzles>
board = { {<<1, 0>>},
  {<<2, 4>>},
  {<<3, 0>>},
  {<<3, 4>>},
  {<<0, 0>>, <<0, 1>>},
  {<<0, 2>>, <<0, 3>>},
  {<<1, 1>>, <<1, 2>>},
  {<<1, 3>>, <<1, 4>>},
  {<<2, 3>>, <<3, 3>>},
  {<<2, 1>>, <<2, 2>>, <<3, 1>>, <<3, 2>>} }

State 77: <Next line 59, col 13 to line 59, col 56 of module SlidingPuzzles>
board = { {<<2, 0>>},
  {<<2, 4>>},
  {<<3, 0>>},
  {<<3, 4>>},
  {<<0, 0>>, <<0, 1>>},
  {<<0, 2>>, <<0, 3>>},
  {<<1, 1>>, <<1, 2>>},
  {<<1, 3>>, <<1, 4>>},
  {<<2, 3>>, <<3, 3>>},
  {<<2, 1>>, <<2, 2>>, <<3, 1>>, <<3, 2>>} }

State 78: <Next line 59, col 13 to line 59, col 56 of module SlidingPuzzles>
board = { {<<2, 0>>},
  {<<2, 4>>},
  {<<3, 0>>},
  {<<3, 4>>},
  {<<0, 0>>, <<0, 1>>},
  {<<0, 2>>, <<0, 3>>},
  {<<1, 0>>, <<1, 1>>},
  {<<1, 3>>, <<1, 4>>},
  {<<2, 3>>, <<3, 3>>},
  {<<2, 1>>, <<2, 2>>, <<3, 1>>, <<3, 2>>} }

State 79: <Next line 59, col 13 to line 59, col 56 of module SlidingPuzzles>
board = { {<<2, 0>>},
  {<<2, 4>>},
  {<<3, 0>>},
  {<<3, 4>>},
  {<<0, 0>>, <<0, 1>>},
  {<<0, 2>>, <<0, 3>>},
  {<<1, 0>>, <<1, 1>>},
  {<<1, 2>>, <<1, 3>>},
  {<<2, 3>>, <<3, 3>>},
  {<<2, 1>>, <<2, 2>>, <<3, 1>>, <<3, 2>>} }

State 80: <Next line 59, col 13 to line 59, col 56 of module SlidingPuzzles>
board = { {<<1, 4>>},
  {<<2, 0>>},
  {<<3, 0>>},
  {<<3, 4>>},
  {<<0, 0>>, <<0, 1>>},
  {<<0, 2>>, <<0, 3>>},
  {<<1, 0>>, <<1, 1>>},
  {<<1, 2>>, <<1, 3>>},
  {<<2, 3>>, <<3, 3>>},
  {<<2, 1>>, <<2, 2>>, <<3, 1>>, <<3, 2>>} }

State 81: <Next line 59, col 13 to line 59, col 56 of module SlidingPuzzles>
board = { {<<0, 4>>},
  {<<2, 0>>},
  {<<3, 0>>},
  {<<3, 4>>},
  {<<0, 0>>, <<0, 1>>},
  {<<0, 2>>, <<0, 3>>},
  {<<1, 0>>, <<1, 1>>},
  {<<1, 2>>, <<1, 3>>},
  {<<2, 3>>, <<3, 3>>},
  {<<2, 1>>, <<2, 2>>, <<3, 1>>, <<3, 2>>} }

State 82: <Next line 59, col 13 to line 59, col 56 of module SlidingPuzzles>
board = { {<<0, 4>>},
  {<<2, 0>>},
  {<<2, 4>>},
  {<<3, 0>>},
  {<<0, 0>>, <<0, 1>>},
  {<<0, 2>>, <<0, 3>>},
  {<<1, 0>>, <<1, 1>>},
  {<<1, 2>>, <<1, 3>>},
  {<<2, 3>>, <<3, 3>>},
  {<<2, 1>>, <<2, 2>>, <<3, 1>>, <<3, 2>>} }

State 83: <Next line 59, col 13 to line 59, col 56 of module SlidingPuzzles>
board = { {<<0, 4>>},
  {<<1, 4>>},
  {<<2, 0>>},
  {<<3, 0>>},
  {<<0, 0>>, <<0, 1>>},
  {<<0, 2>>, <<0, 3>>},
  {<<1, 0>>, <<1, 1>>},
  {<<1, 2>>, <<1, 3>>},
  {<<2, 3>>, <<3, 3>>},
  {<<2, 1>>, <<2, 2>>, <<3, 1>>, <<3, 2>>} }

State 84: <Next line 59, col 13 to line 59, col 56 of module SlidingPuzzles>
board = { {<<0, 4>>},
  {<<1, 4>>},
  {<<2, 0>>},
  {<<3, 0>>},
  {<<0, 0>>, <<0, 1>>},
  {<<0, 2>>, <<0, 3>>},
  {<<1, 0>>, <<1, 1>>},
  {<<1, 2>>, <<1, 3>>},
  {<<2, 4>>, <<3, 4>>},
  {<<2, 1>>, <<2, 2>>, <<3, 1>>, <<3, 2>>} }

State 85: <Next line 59, col 13 to line 59, col 56 of module SlidingPuzzles>
board = { {<<0, 4>>},
  {<<1, 4>>},
  {<<2, 0>>},
  {<<3, 0>>},
  {<<0, 0>>, <<0, 1>>},
  {<<0, 2>>, <<0, 3>>},
  {<<1, 0>>, <<1, 1>>},
  {<<1, 2>>, <<1, 3>>},
  {<<2, 4>>, <<3, 4>>},
  {<<2, 2>>, <<2, 3>>, <<3, 2>>, <<3, 3>>} }

State 86: <Next line 59, col 13 to line 59, col 56 of module SlidingPuzzles>
board = { {<<0, 4>>},
  {<<1, 4>>},
  {<<2, 1>>},
  {<<3, 0>>},
  {<<0, 0>>, <<0, 1>>},
  {<<0, 2>>, <<0, 3>>},
  {<<1, 0>>, <<1, 1>>},
  {<<1, 2>>, <<1, 3>>},
  {<<2, 4>>, <<3, 4>>},
  {<<2, 2>>, <<2, 3>>, <<3, 2>>, <<3, 3>>} }

State 87: <Next line 59, col 13 to line 59, col 56 of module SlidingPuzzles>
board = { {<<0, 4>>},
  {<<1, 4>>},
  {<<3, 0>>},
  {<<3, 1>>},
  {<<0, 0>>, <<0, 1>>},
  {<<0, 2>>, <<0, 3>>},
  {<<1, 0>>, <<1, 1>>},
  {<<1, 2>>, <<1, 3>>},
  {<<2, 4>>, <<3, 4>>},
  {<<2, 2>>, <<2, 3>>, <<3, 2>>, <<3, 3>>} }

State 88: <Next line 59, col 13 to line 59, col 56 of module SlidingPuzzles>
board = { {<<0, 4>>},
  {<<1, 4>>},
  {<<3, 0>>},
  {<<3, 1>>},
  {<<0, 0>>, <<0, 1>>},
  {<<0, 2>>, <<0, 3>>},
  {<<1, 2>>, <<1, 3>>},
  {<<2, 0>>, <<2, 1>>},
  {<<2, 4>>, <<3, 4>>},
  {<<2, 2>>, <<2, 3>>, <<3, 2>>, <<3, 3>>} }

State 89: <Next line 59, col 13 to line 59, col 56 of module SlidingPuzzles>
board = { {<<0, 4>>},
  {<<1, 4>>},
  {<<3, 0>>},
  {<<3, 1>>},
  {<<0, 0>>, <<0, 1>>},
  {<<0, 2>>, <<0, 3>>},
  {<<1, 1>>, <<1, 2>>},
  {<<2, 0>>, <<2, 1>>},
  {<<2, 4>>, <<3, 4>>},
  {<<2, 2>>, <<2, 3>>, <<3, 2>>, <<3, 3>>} }

State 90: <Next line 59, col 13 to line 59, col 56 of module SlidingPuzzles>
board = { {<<0, 4>>},
  {<<1, 4>>},
  {<<3, 0>>},
  {<<3, 1>>},
  {<<0, 0>>, <<0, 1>>},
  {<<0, 2>>, <<0, 3>>},
  {<<1, 0>>, <<1, 1>>},
  {<<2, 0>>, <<2, 1>>},
  {<<2, 4>>, <<3, 4>>},
  {<<2, 2>>, <<2, 3>>, <<3, 2>>, <<3, 3>>} }

State 91: <Next line 59, col 13 to line 59, col 56 of module SlidingPuzzles>
board = { {<<0, 4>>},
  {<<1, 4>>},
  {<<3, 0>>},
  {<<3, 1>>},
  {<<0, 0>>, <<0, 1>>},
  {<<0, 2>>, <<0, 3>>},
  {<<1, 0>>, <<1, 1>>},
  {<<2, 0>>, <<2, 1>>},
  {<<2, 4>>, <<3, 4>>},
  {<<1, 2>>, <<1, 3>>, <<2, 2>>, <<2, 3>>} }

State 92: <Next line 59, col 13 to line 59, col 56 of module SlidingPuzzles>
board = { {<<0, 4>>},
  {<<1, 4>>},
  {<<3, 0>>},
  {<<3, 2>>},
  {<<0, 0>>, <<0, 1>>},
  {<<0, 2>>, <<0, 3>>},
  {<<1, 0>>, <<1, 1>>},
  {<<2, 0>>, <<2, 1>>},
  {<<2, 4>>, <<3, 4>>},
  {<<1, 2>>, <<1, 3>>, <<2, 2>>, <<2, 3>>} }

State 93: <Next line 59, col 13 to line 59, col 56 of module SlidingPuzzles>
board = { {<<0, 4>>},
  {<<1, 4>>},
  {<<3, 1>>},
  {<<3, 2>>},
  {<<0, 0>>, <<0, 1>>},
  {<<0, 2>>, <<0, 3>>},
  {<<1, 0>>, <<1, 1>>},
  {<<2, 0>>, <<2, 1>>},
  {<<2, 4>>, <<3, 4>>},
  {<<1, 2>>, <<1, 3>>, <<2, 2>>, <<2, 3>>} }

State 94: <Next line 59, col 13 to line 59, col 56 of module SlidingPuzzles>
board = { {<<0, 4>>},
  {<<1, 4>>},
  {<<3, 1>>},
  {<<3, 3>>},
  {<<0, 0>>, <<0, 1>>},
  {<<0, 2>>, <<0, 3>>},
  {<<1, 0>>, <<1, 1>>},
  {<<2, 0>>, <<2, 1>>},
  {<<2, 4>>, <<3, 4>>},
  {<<1, 2>>, <<1, 3>>, <<2, 2>>, <<2, 3>>} }

State 95: <Next line 59, col 13 to line 59, col 56 of module SlidingPuzzles>
board = { {<<0, 4>>},
  {<<1, 4>>},
  {<<3, 2>>},
  {<<3, 3>>},
  {<<0, 0>>, <<0, 1>>},
  {<<0, 2>>, <<0, 3>>},
  {<<1, 0>>, <<1, 1>>},
  {<<2, 0>>, <<2, 1>>},
  {<<2, 4>>, <<3, 4>>},
  {<<1, 2>>, <<1, 3>>, <<2, 2>>, <<2, 3>>} }

State 96: <Next line 59, col 13 to line 59, col 56 of module SlidingPuzzles>
board = { {<<0, 4>>},
  {<<1, 4>>},
  {<<3, 2>>},
  {<<3, 3>>},
  {<<0, 0>>, <<0, 1>>},
  {<<0, 2>>, <<0, 3>>},
  {<<1, 0>>, <<1, 1>>},
  {<<2, 4>>, <<3, 4>>},
  {<<3, 0>>, <<3, 1>>},
  {<<1, 2>>, <<1, 3>>, <<2, 2>>, <<2, 3>>} }

State 97: <Next line 59, col 13 to line 59, col 56 of module SlidingPuzzles>
board = { {<<0, 4>>},
  {<<1, 4>>},
  {<<3, 2>>},
  {<<3, 3>>},
  {<<0, 0>>, <<0, 1>>},
  {<<0, 2>>, <<0, 3>>},
  {<<2, 0>>, <<2, 1>>},
  {<<2, 4>>, <<3, 4>>},
  {<<3, 0>>, <<3, 1>>},
  {<<1, 2>>, <<1, 3>>, <<2, 2>>, <<2, 3>>} }

State 98: <Next line 59, col 13 to line 59, col 56 of module SlidingPuzzles>
board = { {<<0, 4>>},
  {<<1, 4>>},
  {<<3, 2>>},
  {<<3, 3>>},
  {<<0, 2>>, <<0, 3>>},
  {<<1, 0>>, <<1, 1>>},
  {<<2, 0>>, <<2, 1>>},
  {<<2, 4>>, <<3, 4>>},
  {<<3, 0>>, <<3, 1>>},
  {<<1, 2>>, <<1, 3>>, <<2, 2>>, <<2, 3>>} }

State 99: <Next line 59, col 13 to line 59, col 56 of module SlidingPuzzles>
board = { {<<0, 4>>},
  {<<1, 4>>},
  {<<3, 2>>},
  {<<3, 3>>},
  {<<0, 1>>, <<0, 2>>},
  {<<1, 0>>, <<1, 1>>},
  {<<2, 0>>, <<2, 1>>},
  {<<2, 4>>, <<3, 4>>},
  {<<3, 0>>, <<3, 1>>},
  {<<1, 2>>, <<1, 3>>, <<2, 2>>, <<2, 3>>} }

State 100: <Next line 59, col 13 to line 59, col 56 of module SlidingPuzzles>
board = { {<<0, 4>>},
  {<<1, 4>>},
  {<<3, 2>>},
  {<<3, 3>>},
  {<<0, 0>>, <<0, 1>>},
  {<<1, 0>>, <<1, 1>>},
  {<<2, 0>>, <<2, 1>>},
  {<<2, 4>>, <<3, 4>>},
  {<<3, 0>>, <<3, 1>>},
  {<<1, 2>>, <<1, 3>>, <<2, 2>>, <<2, 3>>} }

State 101: <Next line 59, col 13 to line 59, col 56 of module SlidingPuzzles>
board = { {<<0, 4>>},
  {<<1, 4>>},
  {<<3, 2>>},
  {<<3, 3>>},
  {<<0, 0>>, <<0, 1>>},
  {<<1, 0>>, <<1, 1>>},
  {<<2, 0>>, <<2, 1>>},
  {<<2, 4>>, <<3, 4>>},
  {<<3, 0>>, <<3, 1>>},
  {<<0, 2>>, <<0, 3>>, <<1, 2>>, <<1, 3>>} }

State 102: <Next line 59, col 13 to line 59, col 56 of module SlidingPuzzles>
board = { {<<0, 4>>},
  {<<1, 4>>},
  {<<2, 2>>},
  {<<3, 3>>},
  {<<0, 0>>, <<0, 1>>},
  {<<1, 0>>, <<1, 1>>},
  {<<2, 0>>, <<2, 1>>},
  {<<2, 4>>, <<3, 4>>},
  {<<3, 0>>, <<3, 1>>},
  {<<0, 2>>, <<0, 3>>, <<1, 2>>, <<1, 3>>} }

State 103: <Next line 59, col 13 to line 59, col 56 of module SlidingPuzzles>
board = { {<<0, 4>>},
  {<<1, 4>>},
  {<<2, 2>>},
  {<<3, 2>>},
  {<<0, 0>>, <<0, 1>>},
  {<<1, 0>>, <<1, 1>>},
  {<<2, 0>>, <<2, 1>>},
  {<<2, 4>>, <<3, 4>>},
  {<<3, 0>>, <<3, 1>>},
  {<<0, 2>>, <<0, 3>>, <<1, 2>>, <<1, 3>>} }

State 104: <Next line 59, col 13 to line 59, col 56 of module SlidingPuzzles>
board = { {<<0, 4>>},
  {<<1, 4>>},
  {<<2, 2>>},
  {<<3, 2>>},
  {<<0, 0>>, <<0, 1>>},
  {<<1, 0>>, <<1, 1>>},
  {<<2, 0>>, <<2, 1>>},
  {<<2, 3>>, <<3, 3>>},
  {<<3, 0>>, <<3, 1>>},
  {<<0, 2>>, <<0, 3>>, <<1, 2>>, <<1, 3>>} }

State 105: <Next line 59, col 13 to line 59, col 56 of module SlidingPuzzles>
board = { {<<0, 4>>},
  {<<2, 2>>},
  {<<2, 4>>},
  {<<3, 2>>},
  {<<0, 0>>, <<0, 1>>},
  {<<1, 0>>, <<1, 1>>},
  {<<2, 0>>, <<2, 1>>},
  {<<2, 3>>, <<3, 3>>},
  {<<3, 0>>, <<3, 1>>},
  {<<0, 2>>, <<0, 3>>, <<1, 2>>, <<1, 3>>} }

State 106: <Next line 59, col 13 to line 59, col 56 of module SlidingPuzzles>
board = { {<<1, 4>>},
  {<<2, 2>>},
  {<<2, 4>>},
  {<<3, 2>>},
  {<<0, 0>>, <<0, 1>>},
  {<<1, 0>>, <<1, 1>>},
  {<<2, 0>>, <<2, 1>>},
  {<<2, 3>>, <<3, 3>>},
  {<<3, 0>>, <<3, 1>>},
  {<<0, 2>>, <<0, 3>>, <<1, 2>>, <<1, 3>>} }

State 107: <Next line 59, col 13 to line 59, col 56 of module SlidingPuzzles>
board = { {<<1, 4>>},
  {<<2, 2>>},
  {<<3, 2>>},
  {<<3, 4>>},
  {<<0, 0>>, <<0, 1>>},
  {<<1, 0>>, <<1, 1>>},
  {<<2, 0>>, <<2, 1>>},
  {<<2, 3>>, <<3, 3>>},
  {<<3, 0>>, <<3, 1>>},
  {<<0, 2>>, <<0, 3>>, <<1, 2>>, <<1, 3>>} }

State 108: <Next line 59, col 13 to line 59, col 56 of module SlidingPuzzles>
board = { {<<2, 2>>},
  {<<2, 4>>},
  {<<3, 2>>},
  {<<3, 4>>},
  {<<0, 0>>, <<0, 1>>},
  {<<1, 0>>, <<1, 1>>},
  {<<2, 0>>, <<2, 1>>},
  {<<2, 3>>, <<3, 3>>},
  {<<3, 0>>, <<3, 1>>},
  {<<0, 2>>, <<0, 3>>, <<1, 2>>, <<1, 3>>} }

State 109: <Next line 59, col 13 to line 59, col 56 of module SlidingPuzzles>
board = { {<<2, 2>>},
  {<<2, 4>>},
  {<<3, 2>>},
  {<<3, 4>>},
  {<<0, 0>>, <<0, 1>>},
  {<<1, 0>>, <<1, 1>>},
  {<<2, 0>>, <<2, 1>>},
  {<<2, 3>>, <<3, 3>>},
  {<<3, 0>>, <<3, 1>>},
  {<<0, 3>>, <<0, 4>>, <<1, 3>>, <<1, 4>>} }

State 110: <Next line 59, col 13 to line 59, col 56 of module SlidingPuzzles>
board = { {<<1, 2>>},
  {<<2, 4>>},
  {<<3, 2>>},
  {<<3, 4>>},
  {<<0, 0>>, <<0, 1>>},
  {<<1, 0>>, <<1, 1>>},
  {<<2, 0>>, <<2, 1>>},
  {<<2, 3>>, <<3, 3>>},
  {<<3, 0>>, <<3, 1>>},
  {<<0, 3>>, <<0, 4>>, <<1, 3>>, <<1, 4>>} }

State 111: <Next line 59, col 13 to line 59, col 56 of module SlidingPuzzles>
board = { {<<0, 2>>},
  {<<2, 4>>},
  {<<3, 2>>},
  {<<3, 4>>},
  {<<0, 0>>, <<0, 1>>},
  {<<1, 0>>, <<1, 1>>},
  {<<2, 0>>, <<2, 1>>},
  {<<2, 3>>, <<3, 3>>},
  {<<3, 0>>, <<3, 1>>},
  {<<0, 3>>, <<0, 4>>, <<1, 3>>, <<1, 4>>} }

State 112: <Next line 59, col 13 to line 59, col 56 of module SlidingPuzzles>
board = { {<<0, 2>>},
  {<<2, 2>>},
  {<<2, 4>>},
  {<<3, 4>>},
  {<<0, 0>>, <<0, 1>>},
  {<<1, 0>>, <<1, 1>>},
  {<<2, 0>>, <<2, 1>>},
  {<<2, 3>>, <<3, 3>>},
  {<<3, 0>>, <<3, 1>>},
  {<<0, 3>>, <<0, 4>>, <<1, 3>>, <<1, 4>>} }

State 113: <Next line 59, col 13 to line 59, col 56 of module SlidingPuzzles>
board = { {<<0, 2>>},
  {<<1, 2>>},
  {<<2, 4>>},
  {<<3, 4>>},
  {<<0, 0>>, <<0, 1>>},
  {<<1, 0>>, <<1, 1>>},
  {<<2, 0>>, <<2, 1>>},
  {<<2, 3>>, <<3, 3>>},
  {<<3, 0>>, <<3, 1>>},
  {<<0, 3>>, <<0, 4>>, <<1, 3>>, <<1, 4>>} }

State 114: <Next line 59, col 13 to line 59, col 56 of module SlidingPuzzles>
board = { {<<0, 2>>},
  {<<1, 2>>},
  {<<2, 4>>},
  {<<3, 4>>},
  {<<0, 0>>, <<0, 1>>},
  {<<1, 0>>, <<1, 1>>},
  {<<2, 0>>, <<2, 1>>},
  {<<2, 2>>, <<3, 2>>},
  {<<3, 0>>, <<3, 1>>},
  {<<0, 3>>, <<0, 4>>, <<1, 3>>, <<1, 4>>} }

State 115: <Next line 59, col 13 to line 59, col 56 of module SlidingPuzzles>
board = { {<<0, 2>>},
  {<<1, 2>>},
  {<<2, 3>>},
  {<<3, 4>>},
  {<<0, 0>>, <<0, 1>>},
  {<<1, 0>>, <<1, 1>>},
  {<<2, 0>>, <<2, 1>>},
  {<<2, 2>>, <<3, 2>>},
  {<<3, 0>>, <<3, 1>>},
  {<<0, 3>>, <<0, 4>>, <<1, 3>>, <<1, 4>>} }

State 116: <Next line 59, col 13 to line 59, col 56 of module SlidingPuzzles>
board = { {<<0, 2>>},
  {<<1, 2>>},
  {<<3, 3>>},
  {<<3, 4>>},
  {<<0, 0>>, <<0, 1>>},
  {<<1, 0>>, <<1, 1>>},
  {<<2, 0>>, <<2, 1>>},
  {<<2, 2>>, <<3, 2>>},
  {<<3, 0>>, <<3, 1>>},
  {<<0, 3>>, <<0, 4>>, <<1, 3>>, <<1, 4>>} }

State 117: <Next line 59, col 13 to line 59, col 56 of module SlidingPuzzles>
board = { {<<0, 2>>},
  {<<1, 2>>},
  {<<3, 3>>},
  {<<3, 4>>},
  {<<0, 0>>, <<0, 1>>},
  {<<1, 0>>, <<1, 1>>},
  {<<2, 0>>, <<2, 1>>},
  {<<2, 2>>, <<3, 2>>},
  {<<3, 0>>, <<3, 1>>},
  {<<1, 3>>, <<1, 4>>, <<2, 3>>, <<2, 4>>} }

81561 states generated, 24005 distinct states found, 74 states left on queue.
The depth of the complete state graph search is 117.
Finished in 02s at (2026-06-11 18:17:19)
Trace exploration spec path: ./SlidingPuzzles_TTrace_1781219837.tla

--STDERR--
