TLC2 Version 2026.04.22.172729 (rev: 6320a09)
Warning: Please run the Java VM, which executes TLC with a throughput optimized garbage collector, by passing the "-XX:+UseParallelGC" property.
(Use the -nowarning option to disable this warning.)
Running breadth-first search Model-Checking with fp 87 and seed -8255016689962742152 with 1 worker on 112 cores with 30688MB heap and 64MB offheap memory [pid: 1928999] (Linux 6.8.0-111-generic amd64, Eclipse Adoptium 11.0.25 64bit, MSBDiskFPSet, DiskStateQueue).
Parsing file /tmp/tmphy87t4q7/APMCInnerFIFO.tla
Parsing file /tmp/tlc-15790487102169353020/Naturals.tla (jar:file:/home/arslanbisharat/Documents/AI4FM/tla%20bench%20dashboard/tla2tools.jar!/tla2sany/StandardModules/Naturals.tla)
Parsing file /tmp/tlc-15790487102169353020/Sequences.tla (jar:file:/home/arslanbisharat/Documents/AI4FM/tla%20bench%20dashboard/tla2tools.jar!/tla2sany/StandardModules/Sequences.tla)
Parsing file /tmp/tlc-15790487102169353020/_TLCTrace.tla (jar:file:/home/arslanbisharat/Documents/AI4FM/tla%20bench%20dashboard/tla2tools.jar!/tla2sany/StandardModules/_TLCTrace.tla)
Parsing file /tmp/tmphy87t4q7/MCInnerFIFO.tla
Parsing file /tmp/tmphy87t4q7/InnerFIFOInstanced.tla
Parsing file /tmp/tlc-15790487102169353020/TLC.tla (jar:file:/home/arslanbisharat/Documents/AI4FM/tla%20bench%20dashboard/tla2tools.jar!/tla2sany/StandardModules/TLC.tla)
Parsing file /tmp/tlc-15790487102169353020/TLCExt.tla (jar:file:/home/arslanbisharat/Documents/AI4FM/tla%20bench%20dashboard/tla2tools.jar!/tla2sany/StandardModules/TLCExt.tla)
Parsing file /tmp/tlc-15790487102169353020/FiniteSets.tla (jar:file:/home/arslanbisharat/Documents/AI4FM/tla%20bench%20dashboard/tla2tools.jar!/tla2sany/StandardModules/FiniteSets.tla)
Parsing file /tmp/tlc-15790487102169353020/Integers.tla (jar:file:/home/arslanbisharat/Documents/AI4FM/tla%20bench%20dashboard/tla2tools.jar!/tla2sany/StandardModules/Integers.tla)
Semantic processing of module Naturals
Semantic processing of module Sequences
Semantic processing of module FiniteSets
Semantic processing of module TLC
Semantic processing of module Integers
Semantic processing of module TLCExt
Semantic processing of module _TLCTrace
Semantic processing of module InnerFIFOInstanced
Semantic processing of module MCInnerFIFO
Semantic processing of module APMCInnerFIFO
Linting of module TLCExt
Linting of module _TLCTrace
Linting of module InnerFIFOInstanced
Linting of module MCInnerFIFO
Linting of module APMCInnerFIFO
Starting... (2026-06-11 18:17:02)
Computing initial states...
Computed 2 initial states...
Computed 4 initial states...
Computed 8 initial states...
Computed 16 initial states...
Computed 32 initial states...
Finished computing initial states: 36 distinct states generated at 2026-06-11 18:17:02.
Error: Invariant ChannelTypeInvariants is violated.
Error: The behavior up to this point is:
State 1: <Initial predicate>
/\ out = [val |-> "m1_OF_MSG", rdy |-> 0, ack |-> 0]
/\ q = <<>>
/\ in = [val |-> "m1_OF_MSG", rdy |-> 0, ack |-> 0]

State 2: <Action line 23, col 1 to line 23, col 20 of module APMCInnerFIFO>
/\ out = [val |-> "m1_OF_MSG", rdy |-> 0, ack |-> 0]
/\ q = <<>>
/\ in = [val |-> "m1_OF_MSG", rdy |-> 1, ack |-> 0]

State 3: <Action line 23, col 1 to line 23, col 20 of module APMCInnerFIFO>
/\ out = [val |-> "m1_OF_MSG", rdy |-> 0, ack |-> 0]
/\ q = <<"m1_OF_MSG">>
/\ in = [val |-> "m1_OF_MSG", rdy |-> 1, ack |-> 1]

State 4: <Action line 23, col 1 to line 23, col 20 of module APMCInnerFIFO>
/\ out = [val |-> "m1_OF_MSG", rdy |-> 0, ack |-> 0]
/\ q = <<"m1_OF_MSG">>
/\ in = [val |-> "m1_OF_MSG", rdy |-> 0, ack |-> 1]

State 5: <Action line 23, col 1 to line 23, col 20 of module APMCInnerFIFO>
/\ out = [val |-> "m1_OF_MSG", rdy |-> 0, ack |-> 0]
/\ q = <<"m1_OF_MSG", "m1_OF_MSG">>
/\ in = [val |-> "m1_OF_MSG", rdy |-> 0, ack |-> 0]

State 6: <Action line 23, col 1 to line 23, col 20 of module APMCInnerFIFO>
/\ out = [val |-> "m1_OF_MSG", rdy |-> 0, ack |-> 0]
/\ q = <<"m1_OF_MSG", "m1_OF_MSG">>
/\ in = [val |-> "m1_OF_MSG", rdy |-> 1, ack |-> 0]

State 7: <Action line 23, col 1 to line 23, col 20 of module APMCInnerFIFO>
/\ out = [val |-> "m1_OF_MSG", rdy |-> 0, ack |-> 0]
/\ q = <<"m1_OF_MSG", "m1_OF_MSG", "m1_OF_MSG">>
/\ in = [val |-> "m1_OF_MSG", rdy |-> 1, ack |-> 1]

State 8: <Action line 23, col 1 to line 23, col 20 of module APMCInnerFIFO>
/\ out = [val |-> "m1_OF_MSG", rdy |-> 0, ack |-> 0]
/\ q = <<"m1_OF_MSG", "m1_OF_MSG", "m1_OF_MSG">>
/\ in = [val |-> "m1_OF_MSG", rdy |-> 0, ack |-> 1]

State 9: <Action line 23, col 1 to line 23, col 20 of module APMCInnerFIFO>
/\ out = [val |-> "m1_OF_MSG", rdy |-> 0, ack |-> 0]
/\ q = <<"m1_OF_MSG", "m1_OF_MSG", "m1_OF_MSG", "m1_OF_MSG">>
/\ in = [val |-> "m1_OF_MSG", rdy |-> 0, ack |-> 0]

3397 states generated, 2245 distinct states found, 1079 states left on queue.
The depth of the complete state graph search is 9.
Finished in 00s at (2026-06-11 18:17:02)
Trace exploration spec path: ./APMCInnerFIFO_TTrace_1781219821.tla

--STDERR--
