TLC2 Version 2026.04.22.172729 (rev: 6320a09)
Warning: Please run the Java VM, which executes TLC with a throughput optimized garbage collector, by passing the "-XX:+UseParallelGC" property.
(Use the -nowarning option to disable this warning.)
Running breadth-first search Model-Checking with fp 41 and seed -8794684550919715126 with 1 worker on 112 cores with 30688MB heap and 64MB offheap memory [pid: 1929112] (Linux 6.8.0-111-generic amd64, Eclipse Adoptium 11.0.25 64bit, MSBDiskFPSet, DiskStateQueue).
Parsing file /tmp/tmpcfo59wmk/MCRealTimeHourClock.tla
Parsing file /tmp/tlc-1423853312764054242/Naturals.tla (jar:file:/home/arslanbisharat/Documents/AI4FM/tla%20bench%20dashboard/tla2tools.jar!/tla2sany/StandardModules/Naturals.tla)
Parsing file /tmp/tmpcfo59wmk/HourClock.tla
Parsing file /tmp/tlc-1423853312764054242/_TLCTrace.tla (jar:file:/home/arslanbisharat/Documents/AI4FM/tla%20bench%20dashboard/tla2tools.jar!/tla2sany/StandardModules/_TLCTrace.tla)
Parsing file /tmp/tlc-1423853312764054242/TLC.tla (jar:file:/home/arslanbisharat/Documents/AI4FM/tla%20bench%20dashboard/tla2tools.jar!/tla2sany/StandardModules/TLC.tla)
Parsing file /tmp/tlc-1423853312764054242/TLCExt.tla (jar:file:/home/arslanbisharat/Documents/AI4FM/tla%20bench%20dashboard/tla2tools.jar!/tla2sany/StandardModules/TLCExt.tla)
Parsing file /tmp/tlc-1423853312764054242/Sequences.tla (jar:file:/home/arslanbisharat/Documents/AI4FM/tla%20bench%20dashboard/tla2tools.jar!/tla2sany/StandardModules/Sequences.tla)
Parsing file /tmp/tlc-1423853312764054242/FiniteSets.tla (jar:file:/home/arslanbisharat/Documents/AI4FM/tla%20bench%20dashboard/tla2tools.jar!/tla2sany/StandardModules/FiniteSets.tla)
Parsing file /tmp/tlc-1423853312764054242/Integers.tla (jar:file:/home/arslanbisharat/Documents/AI4FM/tla%20bench%20dashboard/tla2tools.jar!/tla2sany/StandardModules/Integers.tla)
Semantic processing of module Naturals
Semantic processing of module HourClock
Semantic processing of module Sequences
Semantic processing of module FiniteSets
Semantic processing of module TLC
Semantic processing of module Integers
Semantic processing of module TLCExt
Semantic processing of module _TLCTrace
Semantic processing of module MCRealTimeHourClock
Linting of module HourClock
Linting of module TLCExt
Linting of module _TLCTrace
Linting of module MCRealTimeHourClock
Starting... (2026-06-11 18:17:03)
Implied-temporal checking--satisfiability problem has 1 branches.
Computing initial states...
Computed 2 initial states...
Computed 4 initial states...
Computed 8 initial states...
Computed 16 initial states...
Computed 32 initial states...
Computed 64 initial states...
Finished computing initial states: 72 distinct states generated at 2026-06-11 18:17:03.
Progress(2) at 2026-06-11 18:17:03: 696 states generated, 216 distinct states found, 0 states left on queue.
Checking temporal properties for the complete state space with 216 total distinct states at (2026-06-11 18:17:03)
Error: Temporal property ErrorTemporal was violated.

Error: The following behavior constitutes a counter-example:

State 1: <Initial predicate>
/\ now = 1
/\ hr = 2
/\ t = 0

State 2: <BigNext line 23, col 12 to line 27, col 43 of module MCRealTimeHourClock>
/\ now = 4
/\ hr = 2
/\ t = 3

State 3: <BigNext line 23, col 12 to line 27, col 43 of module MCRealTimeHourClock>
/\ now = 4
/\ hr = 3
/\ t = 0

State 4: Stuttering
Warning: The stuttering counterexample above may be caused by the absence of a behavior specification (SPECIFICATION). Only INIT and NEXT have been provided, so TLC permits infinite stuttering. To rule out such counterexamples, use SPECIFICATION Spec, with Spec asserting a suitable fairness constraint (compare Chapter 8, page 87ff of Specifying Systems at https://lamport.azurewebsites.net/tla/book.html).
Finished checking temporal properties in 00s at 2026-06-11 18:17:03
696 states generated, 216 distinct states found, 0 states left on queue.
The depth of the complete state graph search is 2.
Finished in 00s at (2026-06-11 18:17:03)
Trace exploration spec path: ./MCRealTimeHourClock_TTrace_1781219822.tla

--STDERR--
