TLC2 Version 2026.04.22.172729 (rev: 6320a09)
Warning: Please run the Java VM, which executes TLC with a throughput optimized garbage collector, by passing the "-XX:+UseParallelGC" property.
(Use the -nowarning option to disable this warning.)
Running breadth-first search Model-Checking with fp 40 and seed -5371552891026103161 with 1 worker on 112 cores with 30688MB heap and 64MB offheap memory [pid: 1938790] (Linux 6.8.0-111-generic amd64, Eclipse Adoptium 11.0.25 64bit, MSBDiskFPSet, DiskStateQueue).
Parsing file /tmp/tmpu7whfo4d/TwoPhase_proof.tla
Parsing file /tmp/tmpu7whfo4d/TwoPhase.tla
Parsing file /tmp/tmpu7whfo4d/TLAPS.tla
Parsing file /tmp/tlc-10720525081004656167/_TLCTrace.tla (jar:file:/home/arslanbisharat/Documents/AI4FM/tla%20bench%20dashboard/tla2tools.jar!/tla2sany/StandardModules/_TLCTrace.tla)
Parsing file /tmp/tlc-10720525081004656167/Naturals.tla (jar:file:/home/arslanbisharat/Documents/AI4FM/tla%20bench%20dashboard/tla2tools.jar!/tla2sany/StandardModules/Naturals.tla)
Parsing file /tmp/tmpu7whfo4d/Alternate.tla
Parsing file /tmp/tlc-10720525081004656167/TLC.tla (jar:file:/home/arslanbisharat/Documents/AI4FM/tla%20bench%20dashboard/tla2tools.jar!/tla2sany/StandardModules/TLC.tla)
Parsing file /tmp/tlc-10720525081004656167/TLCExt.tla (jar:file:/home/arslanbisharat/Documents/AI4FM/tla%20bench%20dashboard/tla2tools.jar!/tla2sany/StandardModules/TLCExt.tla)
Parsing file /tmp/tlc-10720525081004656167/Sequences.tla (jar:file:/home/arslanbisharat/Documents/AI4FM/tla%20bench%20dashboard/tla2tools.jar!/tla2sany/StandardModules/Sequences.tla)
Parsing file /tmp/tlc-10720525081004656167/FiniteSets.tla (jar:file:/home/arslanbisharat/Documents/AI4FM/tla%20bench%20dashboard/tla2tools.jar!/tla2sany/StandardModules/FiniteSets.tla)
Parsing file /tmp/tlc-10720525081004656167/Integers.tla (jar:file:/home/arslanbisharat/Documents/AI4FM/tla%20bench%20dashboard/tla2tools.jar!/tla2sany/StandardModules/Integers.tla)
Semantic processing of module Naturals
Semantic processing of module TLAPS
Semantic processing of module Alternate
Semantic processing of module TwoPhase
Semantic processing of module Sequences
Semantic processing of module FiniteSets
Semantic processing of module TLC
Semantic processing of module Integers
Semantic processing of module TLCExt
Semantic processing of module _TLCTrace
Semantic processing of module TwoPhase_proof
Linting of module TLAPS
Linting of module Alternate
Linting of module TwoPhase
Linting of module TLCExt
Linting of module _TLCTrace
Linting of module TwoPhase_proof
Starting... (2026-06-11 18:22:20)
Error: The constant parameter XAct is not assigned a value by the configuration file.
Finished in 00s at (2026-06-11 18:22:20)

--ERR--
