2026-06-11 17:56:37,192 INFO review_triage: triaging 270 review specs -> outputs/review_triage/full
2026-06-11 17:56:38,280 INFO review_triage: [25/270] outcomes: {'no_valid_cfg': 24, 'invariant_violated': 1}
2026-06-11 17:56:50,399 INFO review_triage: [50/270] outcomes: {'no_valid_cfg': 41, 'invariant_violated': 1, 'runtime_exception': 2, 'assumption_failed': 1, 'other_error': 2, 'pass': 3}
2026-06-11 17:57:09,330 INFO review_triage: [75/270] outcomes: {'no_valid_cfg': 51, 'invariant_violated': 10, 'runtime_exception': 4, 'assumption_failed': 4, 'other_error': 3, 'pass': 3}
2026-06-11 17:57:19,473 INFO review_triage: [100/270] outcomes: {'no_valid_cfg': 69, 'invariant_violated': 13, 'runtime_exception': 6, 'assumption_failed': 4, 'other_error': 3, 'pass': 3, 'property_violated': 1, 'config_error': 1}
2026-06-11 17:58:25,682 INFO review_triage: [125/270] outcomes: {'no_valid_cfg': 80, 'invariant_violated': 16, 'runtime_exception': 6, 'assumption_failed': 9, 'other_error': 8, 'pass': 3, 'property_violated': 1, 'config_error': 1, 'timeout': 1}
2026-06-11 17:58:41,433 INFO review_triage: [150/270] outcomes: {'no_valid_cfg': 92, 'invariant_violated': 16, 'runtime_exception': 6, 'assumption_failed': 18, 'other_error': 10, 'pass': 5, 'property_violated': 1, 'config_error': 1, 'timeout': 1}
2026-06-11 17:59:58,717 INFO review_triage: [175/270] outcomes: {'no_valid_cfg': 94, 'invariant_violated': 23, 'runtime_exception': 6, 'assumption_failed': 18, 'other_error': 14, 'pass': 8, 'property_violated': 9, 'config_error': 1, 'timeout': 2}
2026-06-11 18:00:21,163 INFO review_triage: [200/270] outcomes: {'no_valid_cfg': 97, 'invariant_violated': 27, 'runtime_exception': 11, 'assumption_failed': 19, 'other_error': 22, 'pass': 8, 'property_violated': 13, 'config_error': 1, 'timeout': 2}
2026-06-11 18:00:43,946 INFO review_triage: [225/270] outcomes: {'no_valid_cfg': 100, 'invariant_violated': 31, 'runtime_exception': 12, 'assumption_failed': 21, 'other_error': 29, 'pass': 11, 'property_violated': 18, 'config_error': 1, 'timeout': 2}
2026-06-11 18:01:30,205 INFO review_triage: [250/270] outcomes: {'no_valid_cfg': 104, 'invariant_violated': 34, 'runtime_exception': 15, 'assumption_failed': 21, 'other_error': 29, 'pass': 12, 'property_violated': 32, 'config_error': 1, 'timeout': 2}
2026-06-11 18:02:12,913 INFO review_triage: [270/270] outcomes: {'no_valid_cfg': 107, 'invariant_violated': 35, 'runtime_exception': 15, 'assumption_failed': 21, 'other_error': 29, 'pass': 12, 'property_violated': 48, 'config_error': 1, 'timeout': 2}
{
  "n_review": 270,
  "outcomes": {
    "no_valid_cfg": 107,
    "invariant_violated": 35,
    "runtime_exception": 15,
    "assumption_failed": 21,
    "other_error": 29,
    "pass": 12,
    "property_violated": 48,
    "config_error": 1,
    "timeout": 2
  },
  "recovered_to_gold": 12,
  "move_to_silver_no_valid_cfg": 107,
  "counterexample_specs": 83,
  "config_errors": 1,
  "genuine_errors": 65,
  "by_repo_pass": {
    "TeamTilapia": 0,
    "josehu07": 0,
    "microsoft": 0,
    "pingcap": 3,
    "tlaplus": 9
  }
}
